<?xml version="1.0" encoding="ISO-8859-1" ?>
<link_info>
   <banner>MSP430 Linker PC v18.1.4.LTS</banner>
   <copyright>Copyright (c) 2003-2018 Texas Instruments Incorporated</copyright>
   <link_time>0x5c86509b</link_time>
   <link_errors>0x0</link_errors>
   <output_file>C03_TEMP_HUMI_SOCKET_MSP430_CCS8_3_D.out</output_file>
   <entry_point>
      <name>_c_int00_noargs</name>
      <address>0x6234</address>
   </entry_point>
   <input_file_list>
      <input_file id="fl-2">
         <path>.\src\</path>
         <kind>object</kind>
         <file>dht11.obj</file>
         <name>dht11.obj</name>
      </input_file>
      <input_file id="fl-3">
         <path>.\src\</path>
         <kind>object</kind>
         <file>ds18b20.obj</file>
         <name>ds18b20.obj</name>
      </input_file>
      <input_file id="fl-4">
         <path>.\src\</path>
         <kind>object</kind>
         <file>esp8266.obj</file>
         <name>esp8266.obj</name>
      </input_file>
      <input_file id="fl-5">
         <path>.\src\</path>
         <kind>object</kind>
         <file>iic.obj</file>
         <name>iic.obj</name>
      </input_file>
      <input_file id="fl-6">
         <path>.\src\</path>
         <kind>object</kind>
         <file>led.obj</file>
         <name>led.obj</name>
      </input_file>
      <input_file id="fl-7">
         <path>.\src\</path>
         <kind>object</kind>
         <file>main.obj</file>
         <name>main.obj</name>
      </input_file>
      <input_file id="fl-8">
         <path>.\src\</path>
         <kind>object</kind>
         <file>oled.obj</file>
         <name>oled.obj</name>
      </input_file>
      <input_file id="fl-9">
         <path>.\src\</path>
         <kind>object</kind>
         <file>sci.obj</file>
         <name>sci.obj</name>
      </input_file>
      <input_file id="fl-e">
         <kind>object</kind>
         <file>&lt;internal&gt;</file>
         <name>&lt;internal&gt;</name>
      </input_file>
      <input_file id="fl-24">
         <path>C:\opt\ti\ccsv8\tools\compiler\ti-cgt-msp430_18.1.4.LTS\lib\</path>
         <kind>archive</kind>
         <file>rts430_eabi.lib</file>
         <name>asr16.asm.obj</name>
      </input_file>
      <input_file id="fl-25">
         <path>C:\opt\ti\ccsv8\tools\compiler\ti-cgt-msp430_18.1.4.LTS\lib\</path>
         <kind>archive</kind>
         <file>rts430_eabi.lib</file>
         <name>div32s.asm.obj</name>
      </input_file>
      <input_file id="fl-26">
         <path>C:\opt\ti\ccsv8\tools\compiler\ti-cgt-msp430_18.1.4.LTS\lib\</path>
         <kind>archive</kind>
         <file>rts430_eabi.lib</file>
         <name>div32u.asm.obj</name>
      </input_file>
      <input_file id="fl-27">
         <path>C:\opt\ti\ccsv8\tools\compiler\ti-cgt-msp430_18.1.4.LTS\lib\</path>
         <kind>archive</kind>
         <file>rts430_eabi.lib</file>
         <name>epilog.asm.obj</name>
      </input_file>
      <input_file id="fl-28">
         <path>C:\opt\ti\ccsv8\tools\compiler\ti-cgt-msp430_18.1.4.LTS\lib\</path>
         <kind>archive</kind>
         <file>rts430_eabi.lib</file>
         <name>fs_cmp.asm.obj</name>
      </input_file>
      <input_file id="fl-29">
         <path>C:\opt\ti\ccsv8\tools\compiler\ti-cgt-msp430_18.1.4.LTS\lib\</path>
         <kind>archive</kind>
         <file>rts430_eabi.lib</file>
         <name>fs_div.asm.obj</name>
      </input_file>
      <input_file id="fl-2a">
         <path>C:\opt\ti\ccsv8\tools\compiler\ti-cgt-msp430_18.1.4.LTS\lib\</path>
         <kind>archive</kind>
         <file>rts430_eabi.lib</file>
         <name>fs_itof.asm.obj</name>
      </input_file>
      <input_file id="fl-2b">
         <path>C:\opt\ti\ccsv8\tools\compiler\ti-cgt-msp430_18.1.4.LTS\lib\</path>
         <kind>archive</kind>
         <file>rts430_eabi.lib</file>
         <name>fs_mpy.asm.obj</name>
      </input_file>
      <input_file id="fl-2c">
         <path>C:\opt\ti\ccsv8\tools\compiler\ti-cgt-msp430_18.1.4.LTS\lib\</path>
         <kind>archive</kind>
         <file>rts430_eabi.lib</file>
         <name>fs_neg.asm.obj</name>
      </input_file>
      <input_file id="fl-2d">
         <path>C:\opt\ti\ccsv8\tools\compiler\ti-cgt-msp430_18.1.4.LTS\lib\</path>
         <kind>archive</kind>
         <file>rts430_eabi.lib</file>
         <name>fs_tol.asm.obj</name>
      </input_file>
      <input_file id="fl-2e">
         <path>C:\opt\ti\ccsv8\tools\compiler\ti-cgt-msp430_18.1.4.LTS\lib\</path>
         <kind>archive</kind>
         <file>rts430_eabi.lib</file>
         <name>int01.asm.obj</name>
      </input_file>
      <input_file id="fl-2f">
         <path>C:\opt\ti\ccsv8\tools\compiler\ti-cgt-msp430_18.1.4.LTS\lib\</path>
         <kind>archive</kind>
         <file>rts430_eabi.lib</file>
         <name>int02.asm.obj</name>
      </input_file>
      <input_file id="fl-30">
         <path>C:\opt\ti\ccsv8\tools\compiler\ti-cgt-msp430_18.1.4.LTS\lib\</path>
         <kind>archive</kind>
         <file>rts430_eabi.lib</file>
         <name>int03.asm.obj</name>
      </input_file>
      <input_file id="fl-31">
         <path>C:\opt\ti\ccsv8\tools\compiler\ti-cgt-msp430_18.1.4.LTS\lib\</path>
         <kind>archive</kind>
         <file>rts430_eabi.lib</file>
         <name>int04.asm.obj</name>
      </input_file>
      <input_file id="fl-32">
         <path>C:\opt\ti\ccsv8\tools\compiler\ti-cgt-msp430_18.1.4.LTS\lib\</path>
         <kind>archive</kind>
         <file>rts430_eabi.lib</file>
         <name>int05.asm.obj</name>
      </input_file>
      <input_file id="fl-33">
         <path>C:\opt\ti\ccsv8\tools\compiler\ti-cgt-msp430_18.1.4.LTS\lib\</path>
         <kind>archive</kind>
         <file>rts430_eabi.lib</file>
         <name>int06.asm.obj</name>
      </input_file>
      <input_file id="fl-34">
         <path>C:\opt\ti\ccsv8\tools\compiler\ti-cgt-msp430_18.1.4.LTS\lib\</path>
         <kind>archive</kind>
         <file>rts430_eabi.lib</file>
         <name>int07.asm.obj</name>
      </input_file>
      <input_file id="fl-35">
         <path>C:\opt\ti\ccsv8\tools\compiler\ti-cgt-msp430_18.1.4.LTS\lib\</path>
         <kind>archive</kind>
         <file>rts430_eabi.lib</file>
         <name>int08.asm.obj</name>
      </input_file>
      <input_file id="fl-36">
         <path>C:\opt\ti\ccsv8\tools\compiler\ti-cgt-msp430_18.1.4.LTS\lib\</path>
         <kind>archive</kind>
         <file>rts430_eabi.lib</file>
         <name>int10.asm.obj</name>
      </input_file>
      <input_file id="fl-37">
         <path>C:\opt\ti\ccsv8\tools\compiler\ti-cgt-msp430_18.1.4.LTS\lib\</path>
         <kind>archive</kind>
         <file>rts430_eabi.lib</file>
         <name>int11.asm.obj</name>
      </input_file>
      <input_file id="fl-38">
         <path>C:\opt\ti\ccsv8\tools\compiler\ti-cgt-msp430_18.1.4.LTS\lib\</path>
         <kind>archive</kind>
         <file>rts430_eabi.lib</file>
         <name>int12.asm.obj</name>
      </input_file>
      <input_file id="fl-39">
         <path>C:\opt\ti\ccsv8\tools\compiler\ti-cgt-msp430_18.1.4.LTS\lib\</path>
         <kind>archive</kind>
         <file>rts430_eabi.lib</file>
         <name>int13.asm.obj</name>
      </input_file>
      <input_file id="fl-3a">
         <path>C:\opt\ti\ccsv8\tools\compiler\ti-cgt-msp430_18.1.4.LTS\lib\</path>
         <kind>archive</kind>
         <file>rts430_eabi.lib</file>
         <name>int14.asm.obj</name>
      </input_file>
      <input_file id="fl-3b">
         <path>C:\opt\ti\ccsv8\tools\compiler\ti-cgt-msp430_18.1.4.LTS\lib\</path>
         <kind>archive</kind>
         <file>rts430_eabi.lib</file>
         <name>isr_trap.asm.obj</name>
      </input_file>
      <input_file id="fl-3c">
         <path>C:\opt\ti\ccsv8\tools\compiler\ti-cgt-msp430_18.1.4.LTS\lib\</path>
         <kind>archive</kind>
         <file>rts430_eabi.lib</file>
         <name>lsl16.asm.obj</name>
      </input_file>
      <input_file id="fl-3d">
         <path>C:\opt\ti\ccsv8\tools\compiler\ti-cgt-msp430_18.1.4.LTS\lib\</path>
         <kind>archive</kind>
         <file>rts430_eabi.lib</file>
         <name>mult16.asm.obj</name>
      </input_file>
      <input_file id="fl-3e">
         <path>C:\opt\ti\ccsv8\tools\compiler\ti-cgt-msp430_18.1.4.LTS\lib\</path>
         <kind>archive</kind>
         <file>rts430_eabi.lib</file>
         <name>mult16_hw.asm.obj</name>
      </input_file>
      <input_file id="fl-3f">
         <path>C:\opt\ti\ccsv8\tools\compiler\ti-cgt-msp430_18.1.4.LTS\lib\</path>
         <kind>archive</kind>
         <file>rts430_eabi.lib</file>
         <name>mult1632_hw.asm.obj</name>
      </input_file>
      <input_file id="fl-40">
         <path>C:\opt\ti\ccsv8\tools\compiler\ti-cgt-msp430_18.1.4.LTS\lib\</path>
         <kind>archive</kind>
         <file>rts430_eabi.lib</file>
         <name>mult32.asm.obj</name>
      </input_file>
      <input_file id="fl-41">
         <path>C:\opt\ti\ccsv8\tools\compiler\ti-cgt-msp430_18.1.4.LTS\lib\</path>
         <kind>archive</kind>
         <file>rts430_eabi.lib</file>
         <name>mult32_hw.asm.obj</name>
      </input_file>
      <input_file id="fl-42">
         <path>C:\opt\ti\ccsv8\tools\compiler\ti-cgt-msp430_18.1.4.LTS\lib\</path>
         <kind>archive</kind>
         <file>rts430_eabi.lib</file>
         <name>mult3264_hw.asm.obj</name>
      </input_file>
      <input_file id="fl-43">
         <path>C:\opt\ti\ccsv8\tools\compiler\ti-cgt-msp430_18.1.4.LTS\lib\</path>
         <kind>archive</kind>
         <file>rts430_eabi.lib</file>
         <name>mult64_hw.asm.obj</name>
      </input_file>
      <input_file id="fl-44">
         <path>C:\opt\ti\ccsv8\tools\compiler\ti-cgt-msp430_18.1.4.LTS\lib\</path>
         <kind>archive</kind>
         <file>rts430_eabi.lib</file>
         <name>boot.c.obj</name>
      </input_file>
      <input_file id="fl-45">
         <path>C:\opt\ti\ccsv8\tools\compiler\ti-cgt-msp430_18.1.4.LTS\lib\</path>
         <kind>archive</kind>
         <file>rts430_eabi.lib</file>
         <name>autoinit.c.obj</name>
      </input_file>
      <input_file id="fl-46">
         <path>C:\opt\ti\ccsv8\tools\compiler\ti-cgt-msp430_18.1.4.LTS\lib\</path>
         <kind>archive</kind>
         <file>rts430_eabi.lib</file>
         <name>copy_zero_init.c.obj</name>
      </input_file>
      <input_file id="fl-47">
         <path>C:\opt\ti\ccsv8\tools\compiler\ti-cgt-msp430_18.1.4.LTS\lib\</path>
         <kind>archive</kind>
         <file>rts430_eabi.lib</file>
         <name>cpy_tbl.c.obj</name>
      </input_file>
      <input_file id="fl-48">
         <path>C:\opt\ti\ccsv8\tools\compiler\ti-cgt-msp430_18.1.4.LTS\lib\</path>
         <kind>archive</kind>
         <file>rts430_eabi.lib</file>
         <name>mpu_init.c.obj</name>
      </input_file>
      <input_file id="fl-49">
         <path>C:\opt\ti\ccsv8\tools\compiler\ti-cgt-msp430_18.1.4.LTS\lib\</path>
         <kind>archive</kind>
         <file>rts430_eabi.lib</file>
         <name>pre_init.c.obj</name>
      </input_file>
      <input_file id="fl-4a">
         <path>C:\opt\ti\ccsv8\tools\compiler\ti-cgt-msp430_18.1.4.LTS\lib\</path>
         <kind>archive</kind>
         <file>rts430_eabi.lib</file>
         <name>startup.c.obj</name>
      </input_file>
      <input_file id="fl-4b">
         <path>C:\opt\ti\ccsv8\tools\compiler\ti-cgt-msp430_18.1.4.LTS\lib\</path>
         <kind>archive</kind>
         <file>rts430_eabi.lib</file>
         <name>copy_decompress_none.c.obj</name>
      </input_file>
      <input_file id="fl-4c">
         <path>C:\opt\ti\ccsv8\tools\compiler\ti-cgt-msp430_18.1.4.LTS\lib\</path>
         <kind>archive</kind>
         <file>rts430_eabi.lib</file>
         <name>copy_decompress_lzss.c.obj</name>
      </input_file>
      <input_file id="fl-4d">
         <path>C:\opt\ti\ccsv8\tools\compiler\ti-cgt-msp430_18.1.4.LTS\lib\</path>
         <kind>archive</kind>
         <file>rts430_eabi.lib</file>
         <name>cvtfd.c.obj</name>
      </input_file>
      <input_file id="fl-4e">
         <path>C:\opt\ti\ccsv8\tools\compiler\ti-cgt-msp430_18.1.4.LTS\lib\</path>
         <kind>archive</kind>
         <file>rts430_eabi.lib</file>
         <name>exit.c.obj</name>
      </input_file>
      <input_file id="fl-4f">
         <path>C:\opt\ti\ccsv8\tools\compiler\ti-cgt-msp430_18.1.4.LTS\lib\</path>
         <kind>archive</kind>
         <file>rts430_eabi.lib</file>
         <name>memory.c.obj</name>
      </input_file>
      <input_file id="fl-50">
         <path>C:\opt\ti\ccsv8\tools\compiler\ti-cgt-msp430_18.1.4.LTS\lib\</path>
         <kind>archive</kind>
         <file>rts430_eabi.lib</file>
         <name>_lock.c.obj</name>
      </input_file>
      <input_file id="fl-51">
         <path>C:\opt\ti\ccsv8\tools\compiler\ti-cgt-msp430_18.1.4.LTS\lib\</path>
         <kind>archive</kind>
         <file>rts430_eabi.lib</file>
         <name>args_main.c.obj</name>
      </input_file>
      <input_file id="fl-52">
         <path>C:\opt\ti\ccsv8\tools\compiler\ti-cgt-msp430_18.1.4.LTS\lib\</path>
         <kind>archive</kind>
         <file>rts430_eabi.lib</file>
         <name>memcpy.c.obj</name>
      </input_file>
      <input_file id="fl-53">
         <path>C:\opt\ti\ccsv8\tools\compiler\ti-cgt-msp430_18.1.4.LTS\lib\</path>
         <kind>archive</kind>
         <file>rts430_eabi.lib</file>
         <name>memset.c.obj</name>
      </input_file>
      <input_file id="fl-54">
         <path>C:\opt\ti\ccsv8\tools\compiler\ti-cgt-msp430_18.1.4.LTS\lib\</path>
         <kind>archive</kind>
         <file>rts430_eabi.lib</file>
         <name>printf.c.obj</name>
      </input_file>
      <input_file id="fl-55">
         <path>C:\opt\ti\ccsv8\tools\compiler\ti-cgt-msp430_18.1.4.LTS\lib\</path>
         <kind>archive</kind>
         <file>rts430_eabi.lib</file>
         <name>sprintf.c.obj</name>
      </input_file>
      <input_file id="fl-56">
         <path>C:\opt\ti\ccsv8\tools\compiler\ti-cgt-msp430_18.1.4.LTS\lib\</path>
         <kind>archive</kind>
         <file>rts430_eabi.lib</file>
         <name>asr32.asm.obj</name>
      </input_file>
      <input_file id="fl-57">
         <path>C:\opt\ti\ccsv8\tools\compiler\ti-cgt-msp430_18.1.4.LTS\lib\</path>
         <kind>archive</kind>
         <file>rts430_eabi.lib</file>
         <name>lsr16.asm.obj</name>
      </input_file>
      <input_file id="fl-58">
         <path>C:\opt\ti\ccsv8\tools\compiler\ti-cgt-msp430_18.1.4.LTS\lib\</path>
         <kind>archive</kind>
         <file>rts430_eabi.lib</file>
         <name>exit_gvars.c.obj</name>
      </input_file>
      <input_file id="fl-59">
         <path>C:\opt\ti\ccsv8\tools\compiler\ti-cgt-msp430_18.1.4.LTS\lib\</path>
         <kind>archive</kind>
         <file>rts430_eabi.lib</file>
         <name>lsr64.c.obj</name>
      </input_file>
      <input_file id="fl-5a">
         <path>C:\opt\ti\ccsv8\tools\compiler\ti-cgt-msp430_18.1.4.LTS\lib\</path>
         <kind>archive</kind>
         <file>rts430_eabi.lib</file>
         <name>_printfi.c.obj</name>
      </input_file>
      <input_file id="fl-5b">
         <path>C:\opt\ti\ccsv8\tools\compiler\ti-cgt-msp430_18.1.4.LTS\lib\</path>
         <kind>archive</kind>
         <file>rts430_eabi.lib</file>
         <name>atoi.c.obj</name>
      </input_file>
      <input_file id="fl-5c">
         <path>C:\opt\ti\ccsv8\tools\compiler\ti-cgt-msp430_18.1.4.LTS\lib\</path>
         <kind>archive</kind>
         <file>rts430_eabi.lib</file>
         <name>ctype.c.obj</name>
      </input_file>
      <input_file id="fl-5d">
         <path>C:\opt\ti\ccsv8\tools\compiler\ti-cgt-msp430_18.1.4.LTS\lib\</path>
         <kind>archive</kind>
         <file>rts430_eabi.lib</file>
         <name>defs.c.obj</name>
      </input_file>
      <input_file id="fl-5e">
         <path>C:\opt\ti\ccsv8\tools\compiler\ti-cgt-msp430_18.1.4.LTS\lib\</path>
         <kind>archive</kind>
         <file>rts430_eabi.lib</file>
         <name>fputc.c.obj</name>
      </input_file>
      <input_file id="fl-5f">
         <path>C:\opt\ti\ccsv8\tools\compiler\ti-cgt-msp430_18.1.4.LTS\lib\</path>
         <kind>archive</kind>
         <file>rts430_eabi.lib</file>
         <name>fputs.c.obj</name>
      </input_file>
      <input_file id="fl-60">
         <path>C:\opt\ti\ccsv8\tools\compiler\ti-cgt-msp430_18.1.4.LTS\lib\</path>
         <kind>archive</kind>
         <file>rts430_eabi.lib</file>
         <name>ltoa.c.obj</name>
      </input_file>
      <input_file id="fl-61">
         <path>C:\opt\ti\ccsv8\tools\compiler\ti-cgt-msp430_18.1.4.LTS\lib\</path>
         <kind>archive</kind>
         <file>rts430_eabi.lib</file>
         <name>memccpy.c.obj</name>
      </input_file>
      <input_file id="fl-62">
         <path>C:\opt\ti\ccsv8\tools\compiler\ti-cgt-msp430_18.1.4.LTS\lib\</path>
         <kind>archive</kind>
         <file>rts430_eabi.lib</file>
         <name>memchr.c.obj</name>
      </input_file>
      <input_file id="fl-63">
         <path>C:\opt\ti\ccsv8\tools\compiler\ti-cgt-msp430_18.1.4.LTS\lib\</path>
         <kind>archive</kind>
         <file>rts430_eabi.lib</file>
         <name>strchr.c.obj</name>
      </input_file>
      <input_file id="fl-64">
         <path>C:\opt\ti\ccsv8\tools\compiler\ti-cgt-msp430_18.1.4.LTS\lib\</path>
         <kind>archive</kind>
         <file>rts430_eabi.lib</file>
         <name>strlen.c.obj</name>
      </input_file>
      <input_file id="fl-65">
         <path>C:\opt\ti\ccsv8\tools\compiler\ti-cgt-msp430_18.1.4.LTS\lib\</path>
         <kind>archive</kind>
         <file>rts430_eabi.lib</file>
         <name>toupper.c.obj</name>
      </input_file>
      <input_file id="fl-66">
         <path>C:\opt\ti\ccsv8\tools\compiler\ti-cgt-msp430_18.1.4.LTS\lib\</path>
         <kind>archive</kind>
         <file>rts430_eabi.lib</file>
         <name>write.c.obj</name>
      </input_file>
      <input_file id="fl-67">
         <path>C:\opt\ti\ccsv8\tools\compiler\ti-cgt-msp430_18.1.4.LTS\lib\</path>
         <kind>archive</kind>
         <file>rts430_eabi.lib</file>
         <name>s_frexp.c.obj</name>
      </input_file>
      <input_file id="fl-68">
         <path>C:\opt\ti\ccsv8\tools\compiler\ti-cgt-msp430_18.1.4.LTS\lib\</path>
         <kind>archive</kind>
         <file>rts430_eabi.lib</file>
         <name>s_scalbn.c.obj</name>
      </input_file>
      <input_file id="fl-69">
         <path>C:\opt\ti\ccsv8\tools\compiler\ti-cgt-msp430_18.1.4.LTS\lib\</path>
         <kind>archive</kind>
         <file>rts430_eabi.lib</file>
         <name>s_copysign.c.obj</name>
      </input_file>
      <input_file id="fl-6a">
         <path>C:\opt\ti\ccsv8\tools\compiler\ti-cgt-msp430_18.1.4.LTS\lib\</path>
         <kind>archive</kind>
         <file>rts430_eabi.lib</file>
         <name>wcslen.c.obj</name>
      </input_file>
      <input_file id="fl-6b">
         <path>C:\opt\ti\ccsv8\tools\compiler\ti-cgt-msp430_18.1.4.LTS\lib\</path>
         <kind>archive</kind>
         <file>rts430_eabi.lib</file>
         <name>div16u.asm.obj</name>
      </input_file>
      <input_file id="fl-6c">
         <path>C:\opt\ti\ccsv8\tools\compiler\ti-cgt-msp430_18.1.4.LTS\lib\</path>
         <kind>archive</kind>
         <file>rts430_eabi.lib</file>
         <name>div64u.c.obj</name>
      </input_file>
      <input_file id="fl-6d">
         <path>C:\opt\ti\ccsv8\tools\compiler\ti-cgt-msp430_18.1.4.LTS\lib\</path>
         <kind>archive</kind>
         <file>rts430_eabi.lib</file>
         <name>addd.c.obj</name>
      </input_file>
      <input_file id="fl-6e">
         <path>C:\opt\ti\ccsv8\tools\compiler\ti-cgt-msp430_18.1.4.LTS\lib\</path>
         <kind>archive</kind>
         <file>rts430_eabi.lib</file>
         <name>cmpd.c.obj</name>
      </input_file>
      <input_file id="fl-6f">
         <path>C:\opt\ti\ccsv8\tools\compiler\ti-cgt-msp430_18.1.4.LTS\lib\</path>
         <kind>archive</kind>
         <file>rts430_eabi.lib</file>
         <name>divd.c.obj</name>
      </input_file>
      <input_file id="fl-70">
         <path>C:\opt\ti\ccsv8\tools\compiler\ti-cgt-msp430_18.1.4.LTS\lib\</path>
         <kind>archive</kind>
         <file>rts430_eabi.lib</file>
         <name>fixdi.c.obj</name>
      </input_file>
      <input_file id="fl-71">
         <path>C:\opt\ti\ccsv8\tools\compiler\ti-cgt-msp430_18.1.4.LTS\lib\</path>
         <kind>archive</kind>
         <file>rts430_eabi.lib</file>
         <name>fixdli.c.obj</name>
      </input_file>
      <input_file id="fl-72">
         <path>C:\opt\ti\ccsv8\tools\compiler\ti-cgt-msp430_18.1.4.LTS\lib\</path>
         <kind>archive</kind>
         <file>rts430_eabi.lib</file>
         <name>fltid.c.obj</name>
      </input_file>
      <input_file id="fl-73">
         <path>C:\opt\ti\ccsv8\tools\compiler\ti-cgt-msp430_18.1.4.LTS\lib\</path>
         <kind>archive</kind>
         <file>rts430_eabi.lib</file>
         <name>fltlid.c.obj</name>
      </input_file>
      <input_file id="fl-74">
         <path>C:\opt\ti\ccsv8\tools\compiler\ti-cgt-msp430_18.1.4.LTS\lib\</path>
         <kind>archive</kind>
         <file>rts430_eabi.lib</file>
         <name>frcaddd.c.obj</name>
      </input_file>
      <input_file id="fl-75">
         <path>C:\opt\ti\ccsv8\tools\compiler\ti-cgt-msp430_18.1.4.LTS\lib\</path>
         <kind>archive</kind>
         <file>rts430_eabi.lib</file>
         <name>frcdivd.c.obj</name>
      </input_file>
      <input_file id="fl-76">
         <path>C:\opt\ti\ccsv8\tools\compiler\ti-cgt-msp430_18.1.4.LTS\lib\</path>
         <kind>archive</kind>
         <file>rts430_eabi.lib</file>
         <name>mpyd.c.obj</name>
      </input_file>
      <input_file id="fl-77">
         <path>C:\opt\ti\ccsv8\tools\compiler\ti-cgt-msp430_18.1.4.LTS\lib\</path>
         <kind>archive</kind>
         <file>rts430_eabi.lib</file>
         <name>negd.c.obj</name>
      </input_file>
      <input_file id="fl-78">
         <path>C:\opt\ti\ccsv8\tools\compiler\ti-cgt-msp430_18.1.4.LTS\lib\</path>
         <kind>archive</kind>
         <file>rts430_eabi.lib</file>
         <name>renormd.c.obj</name>
      </input_file>
      <input_file id="fl-79">
         <path>C:\opt\ti\ccsv8\tools\compiler\ti-cgt-msp430_18.1.4.LTS\lib\</path>
         <kind>archive</kind>
         <file>rts430_eabi.lib</file>
         <name>subd.c.obj</name>
      </input_file>
      <input_file id="fl-7a">
         <path>C:\opt\ti\ccsv8\tools\compiler\ti-cgt-msp430_18.1.4.LTS\lib\</path>
         <kind>archive</kind>
         <file>rts430_eabi.lib</file>
         <name>abs.c.obj</name>
      </input_file>
      <input_file id="fl-7b">
         <path>C:\opt\ti\ccsv8\tools\compiler\ti-cgt-msp430_18.1.4.LTS\lib\</path>
         <kind>archive</kind>
         <file>rts430_eabi.lib</file>
         <name>errno.c.obj</name>
      </input_file>
      <input_file id="fl-7c">
         <path>C:\opt\ti\ccsv8\tools\compiler\ti-cgt-msp430_18.1.4.LTS\lib\</path>
         <kind>archive</kind>
         <file>rts430_eabi.lib</file>
         <name>_io_perm.c.obj</name>
      </input_file>
      <input_file id="fl-7d">
         <path>C:\opt\ti\ccsv8\tools\compiler\ti-cgt-msp430_18.1.4.LTS\lib\</path>
         <kind>archive</kind>
         <file>rts430_eabi.lib</file>
         <name>fflush.c.obj</name>
      </input_file>
      <input_file id="fl-7e">
         <path>C:\opt\ti\ccsv8\tools\compiler\ti-cgt-msp430_18.1.4.LTS\lib\</path>
         <kind>archive</kind>
         <file>rts430_eabi.lib</file>
         <name>fseek.c.obj</name>
      </input_file>
      <input_file id="fl-7f">
         <path>C:\opt\ti\ccsv8\tools\compiler\ti-cgt-msp430_18.1.4.LTS\lib\</path>
         <kind>archive</kind>
         <file>rts430_eabi.lib</file>
         <name>lseek.c.obj</name>
      </input_file>
      <input_file id="fl-80">
         <path>C:\opt\ti\ccsv8\tools\compiler\ti-cgt-msp430_18.1.4.LTS\lib\</path>
         <kind>archive</kind>
         <file>rts430_eabi.lib</file>
         <name>setvbuf.c.obj</name>
      </input_file>
      <input_file id="fl-81">
         <path>C:\opt\ti\ccsv8\tools\compiler\ti-cgt-msp430_18.1.4.LTS\lib\</path>
         <kind>archive</kind>
         <file>rts430_eabi.lib</file>
         <name>hostclose.c.obj</name>
      </input_file>
      <input_file id="fl-82">
         <path>C:\opt\ti\ccsv8\tools\compiler\ti-cgt-msp430_18.1.4.LTS\lib\</path>
         <kind>archive</kind>
         <file>rts430_eabi.lib</file>
         <name>hostlseek.c.obj</name>
      </input_file>
      <input_file id="fl-83">
         <path>C:\opt\ti\ccsv8\tools\compiler\ti-cgt-msp430_18.1.4.LTS\lib\</path>
         <kind>archive</kind>
         <file>rts430_eabi.lib</file>
         <name>hostopen.c.obj</name>
      </input_file>
      <input_file id="fl-84">
         <path>C:\opt\ti\ccsv8\tools\compiler\ti-cgt-msp430_18.1.4.LTS\lib\</path>
         <kind>archive</kind>
         <file>rts430_eabi.lib</file>
         <name>hostread.c.obj</name>
      </input_file>
      <input_file id="fl-85">
         <path>C:\opt\ti\ccsv8\tools\compiler\ti-cgt-msp430_18.1.4.LTS\lib\</path>
         <kind>archive</kind>
         <file>rts430_eabi.lib</file>
         <name>hostrename.c.obj</name>
      </input_file>
      <input_file id="fl-86">
         <path>C:\opt\ti\ccsv8\tools\compiler\ti-cgt-msp430_18.1.4.LTS\lib\</path>
         <kind>archive</kind>
         <file>rts430_eabi.lib</file>
         <name>hostunlink.c.obj</name>
      </input_file>
      <input_file id="fl-87">
         <path>C:\opt\ti\ccsv8\tools\compiler\ti-cgt-msp430_18.1.4.LTS\lib\</path>
         <kind>archive</kind>
         <file>rts430_eabi.lib</file>
         <name>hostwrite.c.obj</name>
      </input_file>
      <input_file id="fl-88">
         <path>C:\opt\ti\ccsv8\tools\compiler\ti-cgt-msp430_18.1.4.LTS\lib\</path>
         <kind>archive</kind>
         <file>rts430_eabi.lib</file>
         <name>trgmsg.c.obj</name>
      </input_file>
      <input_file id="fl-89">
         <path>C:\opt\ti\ccsv8\tools\compiler\ti-cgt-msp430_18.1.4.LTS\lib\</path>
         <kind>archive</kind>
         <file>rts430_eabi.lib</file>
         <name>lsl32.asm.obj</name>
      </input_file>
      <input_file id="fl-8a">
         <path>C:\opt\ti\ccsv8\tools\compiler\ti-cgt-msp430_18.1.4.LTS\lib\</path>
         <kind>archive</kind>
         <file>rts430_eabi.lib</file>
         <name>lsr32.asm.obj</name>
      </input_file>
      <input_file id="fl-8b">
         <path>C:\opt\ti\ccsv8\tools\compiler\ti-cgt-msp430_18.1.4.LTS\lib\</path>
         <kind>archive</kind>
         <file>rts430_eabi.lib</file>
         <name>lsl64.c.obj</name>
      </input_file>
      <input_file id="fl-8c">
         <path>C:\opt\ti\ccsv8\tools\compiler\ti-cgt-msp430_18.1.4.LTS\lib\</path>
         <kind>archive</kind>
         <file>rts430_eabi.lib</file>
         <name>frcmpyd.c.obj</name>
      </input_file>
      <input_file id="fl-8d">
         <path>C:\opt\ti\ccsv8\tools\compiler\ti-cgt-msp430_18.1.4.LTS\lib\</path>
         <kind>archive</kind>
         <file>rts430_eabi.lib</file>
         <name>fopen.c.obj</name>
      </input_file>
      <input_file id="fl-8e">
         <path>C:\opt\ti\ccsv8\tools\compiler\ti-cgt-msp430_18.1.4.LTS\lib\</path>
         <kind>archive</kind>
         <file>rts430_eabi.lib</file>
         <name>open.c.obj</name>
      </input_file>
      <input_file id="fl-8f">
         <path>C:\opt\ti\ccsv8\tools\compiler\ti-cgt-msp430_18.1.4.LTS\lib\</path>
         <kind>archive</kind>
         <file>rts430_eabi.lib</file>
         <name>strcpy.c.obj</name>
      </input_file>
      <input_file id="fl-90">
         <path>C:\opt\ti\ccsv8\tools\compiler\ti-cgt-msp430_18.1.4.LTS\lib\</path>
         <kind>archive</kind>
         <file>rts430_eabi.lib</file>
         <name>fclose.c.obj</name>
      </input_file>
      <input_file id="fl-91">
         <path>C:\opt\ti\ccsv8\tools\compiler\ti-cgt-msp430_18.1.4.LTS\lib\</path>
         <kind>archive</kind>
         <file>rts430_eabi.lib</file>
         <name>getdevice.c.obj</name>
      </input_file>
      <input_file id="fl-92">
         <path>C:\opt\ti\ccsv8\tools\compiler\ti-cgt-msp430_18.1.4.LTS\lib\</path>
         <kind>archive</kind>
         <file>rts430_eabi.lib</file>
         <name>remove.c.obj</name>
      </input_file>
      <input_file id="fl-93">
         <path>C:\opt\ti\ccsv8\tools\compiler\ti-cgt-msp430_18.1.4.LTS\lib\</path>
         <kind>archive</kind>
         <file>rts430_eabi.lib</file>
         <name>strcmp.c.obj</name>
      </input_file>
      <input_file id="fl-94">
         <path>C:\opt\ti\ccsv8\tools\compiler\ti-cgt-msp430_18.1.4.LTS\lib\</path>
         <kind>archive</kind>
         <file>rts430_eabi.lib</file>
         <name>strncpy.c.obj</name>
      </input_file>
      <input_file id="fl-95">
         <path>C:\opt\ti\ccsv8\tools\compiler\ti-cgt-msp430_18.1.4.LTS\lib\</path>
         <kind>archive</kind>
         <file>rts430_eabi.lib</file>
         <name>unlink.c.obj</name>
      </input_file>
      <input_file id="fl-96">
         <path>C:\opt\ti\ccsv8\tools\compiler\ti-cgt-msp430_18.1.4.LTS\lib\</path>
         <kind>archive</kind>
         <file>rts430_eabi.lib</file>
         <name>close.c.obj</name>
      </input_file>
   </input_file_list>
   <object_component_list>
      <object_component id="oc-3fa">
         <name>.bss</name>
         <uninitialized>true</uninitialized>
         <run_address>0x3d4</run_address>
         <size>0x6</size>
         <input_file_ref idref="fl-4f"/>
      </object_component>
      <object_component id="oc-1e3">
         <name>.common:oled_dev</name>
         <uninitialized>true</uninitialized>
         <run_address>0x39c</run_address>
         <size>0x38</size>
      </object_component>
      <object_component id="oc-1e6">
         <name>.common:oled_dev_handle</name>
         <uninitialized>true</uninitialized>
         <run_address>0x3da</run_address>
         <size>0x2</size>
      </object_component>
      <object_component id="oc-1e7">
         <name>.common:i2c_dev</name>
         <uninitialized>true</uninitialized>
         <run_address>0x350</run_address>
         <size>0x4c</size>
      </object_component>
      <object_component id="oc-168">
         <name>.common:rx_buffer</name>
         <uninitialized>true</uninitialized>
         <run_address>0x300</run_address>
         <size>0x50</size>
      </object_component>
      <object_component id="oc-379">
         <name>.data</name>
         <load_address>0x3dc</load_address>
         <run_address>0x3dc</run_address>
         <size>0x11</size>
         <input_file_ref idref="fl-4"/>
      </object_component>
      <object_component id="oc-165">
         <name>.data</name>
         <load_address>0x3ee</load_address>
         <run_address>0x3ee</run_address>
         <size>0x4</size>
         <input_file_ref idref="fl-9"/>
      </object_component>
      <object_component id="oc-3f1">
         <name>.data</name>
         <load_address>0x3f8</load_address>
         <run_address>0x3f8</run_address>
         <size>0x2</size>
         <input_file_ref idref="fl-4f"/>
      </object_component>
      <object_component id="oc-3bb">
         <name>.data:_lock</name>
         <load_address>0x3f2</load_address>
         <run_address>0x3f2</run_address>
         <size>0x2</size>
         <input_file_ref idref="fl-50"/>
      </object_component>
      <object_component id="oc-3c4">
         <name>.data:_unlock</name>
         <load_address>0x3f4</load_address>
         <run_address>0x3f4</run_address>
         <size>0x2</size>
         <input_file_ref idref="fl-50"/>
      </object_component>
      <object_component id="oc-541">
         <name>.data</name>
         <load_address>0x3f6</load_address>
         <run_address>0x3f6</run_address>
         <size>0x2</size>
         <input_file_ref idref="fl-7b"/>
      </object_component>
      <object_component id="oc-d7">
         <name>.sysmem</name>
         <uninitialized>true</uninitialized>
         <run_address>0x200</run_address>
         <size>0x4</size>
         <input_file_ref idref="fl-4f"/>
      </object_component>
      <object_component id="oc-730">
         <name>.sysmem</name>
         <uninitialized>true</uninitialized>
         <run_address>0x200</run_address>
         <size>0x0</size>
      </object_component>
      <object_component id="oc-d3">
         <name>.stack</name>
         <uninitialized>true</uninitialized>
         <run_address>0x600</run_address>
         <size>0x2</size>
         <input_file_ref idref="fl-44"/>
      </object_component>
      <object_component id="oc-72f">
         <name>.stack</name>
         <uninitialized>true</uninitialized>
         <run_address>0x600</run_address>
         <size>0x0</size>
      </object_component>
      <object_component id="oc-664">
         <name>.text:__TI_frcdivd</name>
         <load_address>0x1100</load_address>
         <run_address>0x1100</run_address>
         <size>0x478</size>
         <input_file_ref idref="fl-75"/>
      </object_component>
      <object_component id="oc-5bd">
         <name>.text:__mspabi_divull</name>
         <load_address>0x1578</load_address>
         <run_address>0x1578</run_address>
         <size>0x360</size>
         <input_file_ref idref="fl-6c"/>
      </object_component>
      <object_component id="oc-699">
         <name>.text:__mspabi_addd</name>
         <load_address>0x18d8</load_address>
         <run_address>0x18d8</run_address>
         <size>0x2fa</size>
         <input_file_ref idref="fl-6d"/>
      </object_component>
      <object_component id="oc-3a1">
         <name>.text:__TI_printfi</name>
         <load_address>0x1bd2</load_address>
         <run_address>0x1bd2</run_address>
         <size>0x288</size>
         <input_file_ref idref="fl-5a"/>
      </object_component>
      <object_component id="oc-65c">
         <name>.text:__TI_frcmpyd</name>
         <load_address>0x1e5a</load_address>
         <run_address>0x1e5a</run_address>
         <size>0x286</size>
         <input_file_ref idref="fl-8c"/>
      </object_component>
      <object_component id="oc-5f2">
         <name>.text:__mspabi_mpyd</name>
         <load_address>0x20e0</load_address>
         <run_address>0x20e0</run_address>
         <size>0x26e</size>
         <input_file_ref idref="fl-76"/>
      </object_component>
      <object_component id="oc-6c2">
         <name>.text:__TI_frcaddd</name>
         <load_address>0x234e</load_address>
         <run_address>0x234e</run_address>
         <size>0x260</size>
         <input_file_ref idref="fl-74"/>
      </object_component>
      <object_component id="oc-316">
         <name>.text:dht11_float_2_ascii</name>
         <load_address>0x25ae</load_address>
         <run_address>0x25ae</run_address>
         <size>0x25c</size>
         <input_file_ref idref="fl-2"/>
      </object_component>
      <object_component id="oc-290">
         <name>.text:ds18b20_float_2_ascii</name>
         <load_address>0x280a</load_address>
         <run_address>0x280a</run_address>
         <size>0x25c</size>
         <input_file_ref idref="fl-3"/>
      </object_component>
      <object_component id="oc-4a7">
         <name>.text:_setfield</name>
         <load_address>0x2a66</load_address>
         <run_address>0x2a66</run_address>
         <size>0x252</size>
         <input_file_ref idref="fl-5a"/>
      </object_component>
      <object_component id="oc-605">
         <name>.text:acvt</name>
         <load_address>0x2cb8</load_address>
         <run_address>0x2cb8</run_address>
         <size>0x244</size>
         <input_file_ref idref="fl-5a"/>
      </object_component>
      <object_component id="oc-5f8">
         <name>.text:__mspabi_divd</name>
         <load_address>0x2efc</load_address>
         <run_address>0x2efc</run_address>
         <size>0x238</size>
         <input_file_ref idref="fl-6f"/>
      </object_component>
      <object_component id="oc-52d">
         <name>.text:_pproc_fgea</name>
         <load_address>0x3134</load_address>
         <run_address>0x3134</run_address>
         <size>0x224</size>
         <input_file_ref idref="fl-5a"/>
      </object_component>
      <object_component id="oc-56d">
         <name>.text:_getarg_diouxp</name>
         <load_address>0x3358</load_address>
         <run_address>0x3358</run_address>
         <size>0x1ec</size>
         <input_file_ref idref="fl-5a"/>
      </object_component>
      <object_component id="oc-5d2">
         <name>.text:ecvt</name>
         <load_address>0x3544</load_address>
         <run_address>0x3544</run_address>
         <size>0x1de</size>
         <input_file_ref idref="fl-5a"/>
      </object_component>
      <object_component id="oc-5e5">
         <name>.text:fcvt</name>
         <load_address>0x3722</load_address>
         <run_address>0x3722</run_address>
         <size>0x1c4</size>
         <input_file_ref idref="fl-5a"/>
      </object_component>
      <object_component id="oc-367">
         <name>.text:oled_init_device</name>
         <load_address>0x38e6</load_address>
         <run_address>0x38e6</run_address>
         <size>0x1b2</size>
         <input_file_ref idref="fl-8"/>
      </object_component>
      <object_component id="oc-592">
         <name>.text:_pconv_e</name>
         <load_address>0x3a98</load_address>
         <run_address>0x3a98</run_address>
         <size>0x1a6</size>
         <input_file_ref idref="fl-5a"/>
      </object_component>
      <object_component id="oc-598">
         <name>.text:_pconv_a</name>
         <load_address>0x3c3e</load_address>
         <run_address>0x3c3e</run_address>
         <size>0x174</size>
         <input_file_ref idref="fl-5a"/>
      </object_component>
      <object_component id="oc-673">
         <name>.text:scalbn</name>
         <load_address>0x3db2</load_address>
         <run_address>0x3db2</run_address>
         <size>0x16a</size>
         <input_file_ref idref="fl-68"/>
      </object_component>
      <object_component id="oc-17a">
         <name>.text:main</name>
         <load_address>0x3f1c</load_address>
         <run_address>0x3f1c</run_address>
         <size>0x158</size>
         <input_file_ref idref="fl-7"/>
      </object_component>
      <object_component id="oc-206">
         <name>.text:esp8266_init</name>
         <load_address>0x4074</load_address>
         <run_address>0x4074</run_address>
         <size>0x150</size>
         <input_file_ref idref="fl-4"/>
      </object_component>
      <object_component id="oc-527">
         <name>.text:_pproc_diouxp</name>
         <load_address>0x41c4</load_address>
         <run_address>0x41c4</run_address>
         <size>0x14c</size>
         <input_file_ref idref="fl-5a"/>
      </object_component>
      <object_component id="oc-573">
         <name>.text:_ltostr</name>
         <load_address>0x4310</load_address>
         <run_address>0x4310</run_address>
         <size>0x12e</size>
         <input_file_ref idref="fl-5a"/>
      </object_component>
      <object_component id="oc-586">
         <name>.text:_pconv_g</name>
         <load_address>0x443e</load_address>
         <run_address>0x443e</run_address>
         <size>0xf8</size>
         <input_file_ref idref="fl-5a"/>
      </object_component>
      <object_component id="oc-4a1">
         <name>.text:_pproc_fwp</name>
         <load_address>0x4536</load_address>
         <run_address>0x4536</run_address>
         <size>0xf8</size>
         <input_file_ref idref="fl-5a"/>
      </object_component>
      <object_component id="oc-59e">
         <name>.text:__mspabi_cmpd</name>
         <load_address>0x462e</load_address>
         <run_address>0x462e</run_address>
         <size>0xdc</size>
         <input_file_ref idref="fl-6e"/>
      </object_component>
      <object_component id="oc-310">
         <name>.text:dht11_get_all_value</name>
         <load_address>0x470a</load_address>
         <run_address>0x470a</run_address>
         <size>0xc6</size>
         <input_file_ref idref="fl-2"/>
      </object_component>
      <object_component id="oc-4b3">
         <name>.text:_pproc_wstr</name>
         <load_address>0x47d0</load_address>
         <run_address>0x47d0</run_address>
         <size>0xc4</size>
         <input_file_ref idref="fl-5a"/>
      </object_component>
      <object_component id="oc-419">
         <name>.text</name>
         <load_address>0x4894</load_address>
         <run_address>0x4894</run_address>
         <size>0xc4</size>
         <input_file_ref idref="fl-2b"/>
      </object_component>
      <object_component id="oc-6dd">
         <name>.text:__TI_renormd</name>
         <load_address>0x4958</load_address>
         <run_address>0x4958</run_address>
         <size>0xbe</size>
         <input_file_ref idref="fl-78"/>
      </object_component>
      <object_component id="oc-219">
         <name>.text:esp8266_write_to_host</name>
         <load_address>0x4a16</load_address>
         <run_address>0x4a16</run_address>
         <size>0xbc</size>
         <input_file_ref idref="fl-4"/>
      </object_component>
      <object_component id="oc-272">
         <name>.text:malloc</name>
         <load_address>0x4ad2</load_address>
         <run_address>0x4ad2</run_address>
         <size>0xb2</size>
         <input_file_ref idref="fl-4f"/>
      </object_component>
      <object_component id="oc-5ff">
         <name>.text:frexp</name>
         <load_address>0x4b84</load_address>
         <run_address>0x4b84</run_address>
         <size>0xb0</size>
         <input_file_ref idref="fl-67"/>
      </object_component>
      <object_component id="oc-349">
         <name>.text:oled_shownum</name>
         <load_address>0x4c34</load_address>
         <run_address>0x4c34</run_address>
         <size>0xae</size>
         <input_file_ref idref="fl-8"/>
      </object_component>
      <object_component id="oc-63f">
         <name>.text:__mspabi_fltlid</name>
         <load_address>0x4ce2</load_address>
         <run_address>0x4ce2</run_address>
         <size>0xac</size>
         <input_file_ref idref="fl-73"/>
      </object_component>
      <object_component id="oc-4ad">
         <name>.text:_pproc_str</name>
         <load_address>0x4d8e</load_address>
         <run_address>0x4d8e</run_address>
         <size>0xac</size>
         <input_file_ref idref="fl-5a"/>
      </object_component>
      <object_component id="oc-296">
         <name>.text:ds18b20_get_temp</name>
         <load_address>0x4e3a</load_address>
         <run_address>0x4e3a</run_address>
         <size>0xa0</size>
         <input_file_ref idref="fl-3"/>
      </object_component>
      <object_component id="oc-438">
         <name>.text</name>
         <load_address>0x4eda</load_address>
         <run_address>0x4eda</run_address>
         <size>0x9c</size>
         <input_file_ref idref="fl-29"/>
      </object_component>
      <object_component id="oc-5de">
         <name>.text:_mcpy</name>
         <load_address>0x4f76</load_address>
         <run_address>0x4f76</run_address>
         <size>0x92</size>
         <input_file_ref idref="fl-5a"/>
      </object_component>
      <object_component id="oc-5d8">
         <name>.text:_ecpy</name>
         <load_address>0x5008</load_address>
         <run_address>0x5008</run_address>
         <size>0x8e</size>
         <input_file_ref idref="fl-5a"/>
      </object_component>
      <object_component id="oc-639">
         <name>.text:ltoa</name>
         <load_address>0x5096</load_address>
         <run_address>0x5096</run_address>
         <size>0x84</size>
         <input_file_ref idref="fl-60"/>
      </object_component>
      <object_component id="oc-1d7">
         <name>.text:ds18b20_new_device</name>
         <load_address>0x511a</load_address>
         <run_address>0x511a</run_address>
         <size>0x82</size>
         <input_file_ref idref="fl-3"/>
      </object_component>
      <object_component id="oc-33d">
         <name>.text:oled_showchar</name>
         <load_address>0x519c</load_address>
         <run_address>0x519c</run_address>
         <size>0x80</size>
         <input_file_ref idref="fl-8"/>
      </object_component>
      <object_component id="oc-40f">
         <name>.text</name>
         <load_address>0x521c</load_address>
         <run_address>0x521c</run_address>
         <size>0x7e</size>
         <input_file_ref idref="fl-2d"/>
      </object_component>
      <object_component id="oc-32">
         <name>.text:decompress:lzss:__TI_decompress_lzss</name>
         <load_address>0x529a</load_address>
         <run_address>0x529a</run_address>
         <size>0x7c</size>
         <input_file_ref idref="fl-4c"/>
      </object_component>
      <object_component id="oc-58c">
         <name>.text:_pconv_f</name>
         <load_address>0x5316</load_address>
         <run_address>0x5316</run_address>
         <size>0x7a</size>
         <input_file_ref idref="fl-5a"/>
      </object_component>
      <object_component id="oc-343">
         <name>.text:oled_showchinese</name>
         <load_address>0x5390</load_address>
         <run_address>0x5390</run_address>
         <size>0x7a</size>
         <input_file_ref idref="fl-8"/>
      </object_component>
      <object_component id="oc-20c">
         <name>.text:__mspabi_cvtfd</name>
         <load_address>0x540a</load_address>
         <run_address>0x540a</run_address>
         <size>0x72</size>
         <input_file_ref idref="fl-4d"/>
      </object_component>
      <object_component id="oc-633">
         <name>.text:__mspabi_fixdli</name>
         <load_address>0x547c</load_address>
         <run_address>0x547c</run_address>
         <size>0x72</size>
         <input_file_ref idref="fl-71"/>
      </object_component>
      <object_component id="oc-28a">
         <name>.text:ds18b20_config</name>
         <load_address>0x54ee</load_address>
         <run_address>0x54ee</run_address>
         <size>0x72</size>
         <input_file_ref idref="fl-3"/>
      </object_component>
      <object_component id="oc-27e">
         <name>.text:ds18b20_pin_set</name>
         <load_address>0x5560</load_address>
         <run_address>0x5560</run_address>
         <size>0x70</size>
         <input_file_ref idref="fl-3"/>
      </object_component>
      <object_component id="oc-2fe">
         <name>.text:dht11_read_sensor</name>
         <load_address>0x55d0</load_address>
         <run_address>0x55d0</run_address>
         <size>0x6a</size>
         <input_file_ref idref="fl-2"/>
      </object_component>
      <object_component id="oc-30a">
         <name>.text:dht11_get_humi_float</name>
         <load_address>0x563a</load_address>
         <run_address>0x563a</run_address>
         <size>0x66</size>
         <input_file_ref idref="fl-2"/>
      </object_component>
      <object_component id="oc-304">
         <name>.text:dht11_get_temp_float</name>
         <load_address>0x56a0</load_address>
         <run_address>0x56a0</run_address>
         <size>0x66</size>
         <input_file_ref idref="fl-2"/>
      </object_component>
      <object_component id="oc-35b">
         <name>.text:oled_write_data</name>
         <load_address>0x5706</load_address>
         <run_address>0x5706</run_address>
         <size>0x66</size>
         <input_file_ref idref="fl-8"/>
      </object_component>
      <object_component id="oc-361">
         <name>.text:oled_write_command</name>
         <load_address>0x576c</load_address>
         <run_address>0x576c</run_address>
         <size>0x64</size>
         <input_file_ref idref="fl-8"/>
      </object_component>
      <object_component id="oc-1dd">
         <name>.text:dht11_new_device</name>
         <load_address>0x57d0</load_address>
         <run_address>0x57d0</run_address>
         <size>0x5e</size>
         <input_file_ref idref="fl-2"/>
      </object_component>
      <object_component id="oc-2ae">
         <name>.text:ds18b20_read_byte</name>
         <load_address>0x582e</load_address>
         <run_address>0x582e</run_address>
         <size>0x5e</size>
         <input_file_ref idref="fl-3"/>
      </object_component>
      <object_component id="oc-31f">
         <name>.text:oled_clear</name>
         <load_address>0x588c</load_address>
         <run_address>0x588c</run_address>
         <size>0x5e</size>
         <input_file_ref idref="fl-8"/>
      </object_component>
      <object_component id="oc-692">
         <name>.text:l_lsr_const</name>
         <load_address>0x58ea</load_address>
         <run_address>0x58ea</run_address>
         <size>0x5c</size>
         <input_file_ref idref="fl-8a"/>
      </object_component>
      <object_component id="oc-1e8">
         <name>.text:oled_init</name>
         <load_address>0x5946</load_address>
         <run_address>0x5946</run_address>
         <size>0x5c</size>
         <input_file_ref idref="fl-8"/>
      </object_component>
      <object_component id="oc-459">
         <name>.text</name>
         <load_address>0x59a2</load_address>
         <run_address>0x59a2</run_address>
         <size>0x58</size>
         <input_file_ref idref="fl-26"/>
      </object_component>
      <object_component id="oc-2cc">
         <name>.text:ds18b20_write_byte</name>
         <load_address>0x59fa</load_address>
         <run_address>0x59fa</run_address>
         <size>0x56</size>
         <input_file_ref idref="fl-3"/>
      </object_component>
      <object_component id="oc-51f">
         <name>.text:atoi</name>
         <load_address>0x5a50</load_address>
         <run_address>0x5a50</run_address>
         <size>0x52</size>
         <input_file_ref idref="fl-5b"/>
      </object_component>
      <object_component id="oc-5eb">
         <name>.text:_fcpy</name>
         <load_address>0x5aa2</load_address>
         <run_address>0x5aa2</run_address>
         <size>0x4e</size>
         <input_file_ref idref="fl-5a"/>
      </object_component>
      <object_component id="oc-278">
         <name>.text:ds18b20_init</name>
         <load_address>0x5af0</load_address>
         <run_address>0x5af0</run_address>
         <size>0x4e</size>
         <input_file_ref idref="fl-3"/>
      </object_component>
      <object_component id="oc-2f8">
         <name>.text:dht11_read_byte</name>
         <load_address>0x5b3e</load_address>
         <run_address>0x5b3e</run_address>
         <size>0x4c</size>
         <input_file_ref idref="fl-2"/>
      </object_component>
      <object_component id="oc-df">
         <name>.text</name>
         <load_address>0x5b8a</load_address>
         <run_address>0x5b8a</run_address>
         <size>0x4c</size>
         <input_file_ref idref="fl-57"/>
      </object_component>
      <object_component id="oc-405">
         <name>.text</name>
         <load_address>0x5bd6</load_address>
         <run_address>0x5bd6</run_address>
         <size>0x4a</size>
         <input_file_ref idref="fl-28"/>
      </object_component>
      <object_component id="oc-5c8">
         <name>.text:__mspabi_srlll</name>
         <load_address>0x5c20</load_address>
         <run_address>0x5c20</run_address>
         <size>0x46</size>
         <input_file_ref idref="fl-59"/>
      </object_component>
      <object_component id="oc-622">
         <name>.text:__mspabi_sllll</name>
         <load_address>0x5c66</load_address>
         <run_address>0x5c66</run_address>
         <size>0x44</size>
         <input_file_ref idref="fl-8b"/>
      </object_component>
      <object_component id="oc-232">
         <name>.text:__TI_auto_init_nobinit_nopinit:__TI_auto_init_nobinit_nopinit</name>
         <load_address>0x5caa</load_address>
         <run_address>0x5caa</run_address>
         <size>0x42</size>
         <input_file_ref idref="fl-45"/>
      </object_component>
      <object_component id="oc-337">
         <name>.text:oled_set_pos</name>
         <load_address>0x5cec</load_address>
         <run_address>0x5cec</run_address>
         <size>0x42</size>
         <input_file_ref idref="fl-8"/>
      </object_component>
      <object_component id="oc-34f">
         <name>.text:oled_showstring</name>
         <load_address>0x5d2e</load_address>
         <run_address>0x5d2e</run_address>
         <size>0x42</size>
         <input_file_ref idref="fl-8"/>
      </object_component>
      <object_component id="oc-414">
         <name>.text</name>
         <load_address>0x5d70</load_address>
         <run_address>0x5d70</run_address>
         <size>0x40</size>
         <input_file_ref idref="fl-25"/>
      </object_component>
      <object_component id="oc-389">
         <name>.text:l_asr_const</name>
         <load_address>0x5db0</load_address>
         <run_address>0x5db0</run_address>
         <size>0x3e</size>
         <input_file_ref idref="fl-56"/>
      </object_component>
      <object_component id="oc-68a">
         <name>.text:l_lsl_const</name>
         <load_address>0x5dee</load_address>
         <run_address>0x5dee</run_address>
         <size>0x3e</size>
         <input_file_ref idref="fl-89"/>
      </object_component>
      <object_component id="oc-2da">
         <name>.text:dht11_reset</name>
         <load_address>0x5e2c</load_address>
         <run_address>0x5e2c</run_address>
         <size>0x38</size>
         <input_file_ref idref="fl-2"/>
      </object_component>
      <object_component id="oc-3f4">
         <name>.text:minit</name>
         <load_address>0x5e64</load_address>
         <run_address>0x5e64</run_address>
         <size>0x38</size>
         <input_file_ref idref="fl-4f"/>
      </object_component>
      <object_component id="oc-213">
         <name>.text:sprintf</name>
         <load_address>0x5e9c</load_address>
         <run_address>0x5e9c</run_address>
         <size>0x38</size>
         <input_file_ref idref="fl-55"/>
      </object_component>
      <object_component id="oc-106">
         <name>.text:UART0_RXISR</name>
         <load_address>0x5ed4</load_address>
         <run_address>0x5ed4</run_address>
         <size>0x36</size>
         <input_file_ref idref="fl-7"/>
      </object_component>
      <object_component id="oc-41f">
         <name>.text</name>
         <load_address>0x5f0a</load_address>
         <run_address>0x5f0a</run_address>
         <size>0x36</size>
         <input_file_ref idref="fl-2a"/>
      </object_component>
      <object_component id="oc-325">
         <name>.text:oled_display_off</name>
         <load_address>0x5f40</load_address>
         <run_address>0x5f40</run_address>
         <size>0x30</size>
         <input_file_ref idref="fl-8"/>
      </object_component>
      <object_component id="oc-32b">
         <name>.text:oled_display_on</name>
         <load_address>0x5f70</load_address>
         <run_address>0x5f70</run_address>
         <size>0x30</size>
         <input_file_ref idref="fl-8"/>
      </object_component>
      <object_component id="oc-645">
         <name>.text:__mspabi_subd</name>
         <load_address>0x5fa0</load_address>
         <run_address>0x5fa0</run_address>
         <size>0x2e</size>
         <input_file_ref idref="fl-79"/>
      </object_component>
      <object_component id="oc-6b1">
         <name>.text:copysign</name>
         <load_address>0x5fce</load_address>
         <run_address>0x5fce</run_address>
         <size>0x2e</size>
         <input_file_ref idref="fl-69"/>
      </object_component>
      <object_component id="oc-2c6">
         <name>.text:ds18b20_save_temp_string</name>
         <load_address>0x5ffc</load_address>
         <run_address>0x5ffc</run_address>
         <size>0x2e</size>
         <input_file_ref idref="fl-3"/>
      </object_component>
      <object_component id="oc-508">
         <name>.text</name>
         <load_address>0x602a</load_address>
         <run_address>0x602a</run_address>
         <size>0x2e</size>
         <input_file_ref idref="fl-41"/>
      </object_component>
      <object_component id="oc-1f4">
         <name>.text:uart_0_init</name>
         <load_address>0x6058</load_address>
         <run_address>0x6058</run_address>
         <size>0x2e</size>
         <input_file_ref idref="fl-9"/>
      </object_component>
      <object_component id="oc-1fa">
         <name>.text:uart_1_init</name>
         <load_address>0x6086</load_address>
         <run_address>0x6086</run_address>
         <size>0x2e</size>
         <input_file_ref idref="fl-9"/>
      </object_component>
      <object_component id="oc-475">
         <name>.text:i2c_write_byte</name>
         <load_address>0x60b4</load_address>
         <run_address>0x60b4</run_address>
         <size>0x2c</size>
         <input_file_ref idref="fl-5"/>
      </object_component>
      <object_component id="oc-384">
         <name>.text</name>
         <load_address>0x60e0</load_address>
         <run_address>0x60e0</run_address>
         <size>0x2c</size>
         <input_file_ref idref="fl-24"/>
      </object_component>
      <object_component id="oc-da">
         <name>.text</name>
         <load_address>0x610c</load_address>
         <run_address>0x610c</run_address>
         <size>0x2c</size>
         <input_file_ref idref="fl-3c"/>
      </object_component>
      <object_component id="oc-580">
         <name>.text:__mspabi_negd</name>
         <load_address>0x6138</load_address>
         <run_address>0x6138</run_address>
         <size>0x2a</size>
         <input_file_ref idref="fl-77"/>
      </object_component>
      <object_component id="oc-2b4">
         <name>.text:ds18b20_read_bytes</name>
         <load_address>0x6162</load_address>
         <run_address>0x6162</run_address>
         <size>0x2a</size>
         <input_file_ref idref="fl-3"/>
      </object_component>
      <object_component id="oc-64b">
         <name>.text:__mspabi_fixdi</name>
         <load_address>0x618c</load_address>
         <run_address>0x618c</run_address>
         <size>0x28</size>
         <input_file_ref idref="fl-70"/>
      </object_component>
      <object_component id="oc-36d">
         <name>.text:i2c_init</name>
         <load_address>0x61b4</load_address>
         <run_address>0x61b4</run_address>
         <size>0x22</size>
         <input_file_ref idref="fl-5"/>
      </object_component>
      <object_component id="oc-453">
         <name>.text:oled_pow</name>
         <load_address>0x61d6</load_address>
         <run_address>0x61d6</run_address>
         <size>0x22</size>
         <input_file_ref idref="fl-8"/>
      </object_component>
      <object_component id="oc-2d4">
         <name>.text:dht11_init</name>
         <load_address>0x61f8</load_address>
         <run_address>0x61f8</run_address>
         <size>0x1e</size>
         <input_file_ref idref="fl-2"/>
      </object_component>
      <object_component id="oc-2ba">
         <name>.text:ds18b20_read_id</name>
         <load_address>0x6216</load_address>
         <run_address>0x6216</run_address>
         <size>0x1e</size>
         <input_file_ref idref="fl-3"/>
      </object_component>
      <object_component id="oc-11e">
         <name>.text:_c_int00_noargs</name>
         <load_address>0x6234</load_address>
         <run_address>0x6234</run_address>
         <size>0x1c</size>
         <input_file_ref idref="fl-44"/>
      </object_component>
      <object_component id="oc-284">
         <name>.text:ds18b20_check_crc</name>
         <load_address>0x6250</load_address>
         <run_address>0x6250</run_address>
         <size>0x1c</size>
         <input_file_ref idref="fl-3"/>
      </object_component>
      <object_component id="oc-395">
         <name>.text:_outs</name>
         <load_address>0x626c</load_address>
         <run_address>0x626c</run_address>
         <size>0x1a</size>
         <input_file_ref idref="fl-55"/>
      </object_component>
      <object_component id="oc-533">
         <name>.text:memccpy</name>
         <load_address>0x6286</load_address>
         <run_address>0x6286</run_address>
         <size>0x1a</size>
         <input_file_ref idref="fl-61"/>
      </object_component>
      <object_component id="oc-679">
         <name>.text:strchr</name>
         <load_address>0x62a0</load_address>
         <run_address>0x62a0</run_address>
         <size>0x1a</size>
         <input_file_ref idref="fl-63"/>
      </object_component>
      <object_component id="oc-2a8">
         <name>.text:ds18b20_hw_read_line</name>
         <load_address>0x62ba</load_address>
         <run_address>0x62ba</run_address>
         <size>0x16</size>
         <input_file_ref idref="fl-3"/>
      </object_component>
      <object_component id="oc-5c3">
         <name>.text</name>
         <load_address>0x62d0</load_address>
         <run_address>0x62d0</run_address>
         <size>0x16</size>
         <input_file_ref idref="fl-6b"/>
      </object_component>
      <object_component id="oc-48c">
         <name>.text:uart_0_send_str</name>
         <load_address>0x62e6</load_address>
         <run_address>0x62e6</run_address>
         <size>0x16</size>
         <input_file_ref idref="fl-9"/>
      </object_component>
      <object_component id="oc-10c">
         <name>.text:decompress:ZI:__TI_zero_init_nomemset:__TI_zero_init_nomemset</name>
         <load_address>0x62fc</load_address>
         <run_address>0x62fc</run_address>
         <size>0x14</size>
         <input_file_ref idref="fl-46"/>
      </object_component>
      <object_component id="oc-2f2">
         <name>.text:dht11_read_bit</name>
         <load_address>0x6310</load_address>
         <run_address>0x6310</run_address>
         <size>0x14</size>
         <input_file_ref idref="fl-2"/>
      </object_component>
      <object_component id="oc-519">
         <name>.text:memset</name>
         <load_address>0x6324</load_address>
         <run_address>0x6324</run_address>
         <size>0x14</size>
         <input_file_ref idref="fl-53"/>
      </object_component>
      <object_component id="oc-45e">
         <name>.text</name>
         <load_address>0x6338</load_address>
         <run_address>0x6338</run_address>
         <size>0x14</size>
         <input_file_ref idref="fl-3e"/>
      </object_component>
      <object_component id="oc-1cb">
         <name>.text:system_clk_init</name>
         <load_address>0x634c</load_address>
         <run_address>0x634c</run_address>
         <size>0x14</size>
         <input_file_ref idref="fl-7"/>
      </object_component>
      <object_component id="oc-1ee">
         <name>.text:uart_gpio_init</name>
         <load_address>0x6360</load_address>
         <run_address>0x6360</run_address>
         <size>0x14</size>
         <input_file_ref idref="fl-9"/>
      </object_component>
      <object_component id="oc-53b">
         <name>.text:wcslen</name>
         <load_address>0x6374</load_address>
         <run_address>0x6374</run_address>
         <size>0x14</size>
         <input_file_ref idref="fl-6a"/>
      </object_component>
      <object_component id="oc-39b">
         <name>.text:_outc</name>
         <load_address>0x6388</load_address>
         <run_address>0x6388</run_address>
         <size>0x12</size>
         <input_file_ref idref="fl-55"/>
      </object_component>
      <object_component id="oc-38">
         <name>.text:decompress:none:__TI_decompress_none</name>
         <load_address>0x639a</load_address>
         <run_address>0x639a</run_address>
         <size>0x12</size>
         <input_file_ref idref="fl-4b"/>
      </object_component>
      <object_component id="oc-469">
         <name>.text:i2c_start</name>
         <load_address>0x63ac</load_address>
         <run_address>0x63ac</run_address>
         <size>0x12</size>
         <input_file_ref idref="fl-5"/>
      </object_component>
      <object_component id="oc-628">
         <name>.text:l_lsr</name>
         <load_address>0x63be</load_address>
         <run_address>0x63be</run_address>
         <size>0x12</size>
         <input_file_ref idref="fl-8a"/>
      </object_component>
      <object_component id="oc-1d1">
         <name>.text:led_init</name>
         <load_address>0x63d0</load_address>
         <run_address>0x63d0</run_address>
         <size>0x12</size>
         <input_file_ref idref="fl-6"/>
      </object_component>
      <object_component id="oc-f4">
         <name>.text:memcpy</name>
         <load_address>0x63e2</load_address>
         <run_address>0x63e2</run_address>
         <size>0x12</size>
         <input_file_ref idref="fl-52"/>
      </object_component>
      <object_component id="oc-355">
         <name>.text:oled_wr_byte</name>
         <load_address>0x63f4</load_address>
         <run_address>0x63f4</run_address>
         <size>0x12</size>
         <input_file_ref idref="fl-8"/>
      </object_component>
      <object_component id="oc-6d8">
         <name>.text:l_asr</name>
         <load_address>0x6406</load_address>
         <run_address>0x6406</run_address>
         <size>0x10</size>
         <input_file_ref idref="fl-56"/>
      </object_component>
      <object_component id="oc-6d3">
         <name>.text:l_lsl</name>
         <load_address>0x6416</load_address>
         <run_address>0x6416</run_address>
         <size>0x10</size>
         <input_file_ref idref="fl-89"/>
      </object_component>
      <object_component id="oc-e4">
         <name>.text</name>
         <load_address>0x6426</load_address>
         <run_address>0x6426</run_address>
         <size>0x10</size>
         <input_file_ref idref="fl-27"/>
      </object_component>
      <object_component id="oc-2e0">
         <name>.text:dht11_pin_set</name>
         <load_address>0x6436</load_address>
         <run_address>0x6436</run_address>
         <size>0xe</size>
         <input_file_ref idref="fl-2"/>
      </object_component>
      <object_component id="oc-46f">
         <name>.text:i2c_stop</name>
         <load_address>0x6444</load_address>
         <run_address>0x6444</run_address>
         <size>0xe</size>
         <input_file_ref idref="fl-5"/>
      </object_component>
      <object_component id="oc-49b">
         <name>.text:strlen</name>
         <load_address>0x6452</load_address>
         <run_address>0x6452</run_address>
         <size>0xe</size>
         <input_file_ref idref="fl-64"/>
      </object_component>
      <object_component id="oc-4c7">
         <name>.text:uart_0_put_char</name>
         <load_address>0x6460</load_address>
         <run_address>0x6460</run_address>
         <size>0xe</size>
         <input_file_ref idref="fl-9"/>
      </object_component>
      <object_component id="oc-67f">
         <name>.text:__mspabi_fltid</name>
         <load_address>0x646e</load_address>
         <run_address>0x646e</run_address>
         <size>0xc</size>
         <input_file_ref idref="fl-72"/>
      </object_component>
      <object_component id="oc-331">
         <name>.text:oled_pin_init</name>
         <load_address>0x647a</load_address>
         <run_address>0x647a</run_address>
         <size>0xc</size>
         <input_file_ref idref="fl-8"/>
      </object_component>
      <object_component id="oc-57a">
         <name>.text:toupper</name>
         <load_address>0x6486</load_address>
         <run_address>0x6486</run_address>
         <size>0xc</size>
         <input_file_ref idref="fl-65"/>
      </object_component>
      <object_component id="oc-652">
         <name>.text:abs</name>
         <load_address>0x6492</load_address>
         <run_address>0x6492</run_address>
         <size>0xa</size>
         <input_file_ref idref="fl-7a"/>
      </object_component>
      <object_component id="oc-29c">
         <name>.text:ds18b20_hw_set_high</name>
         <load_address>0x649c</load_address>
         <run_address>0x649c</run_address>
         <size>0xa</size>
         <input_file_ref idref="fl-3"/>
      </object_component>
      <object_component id="oc-2a2">
         <name>.text:ds18b20_hw_set_low</name>
         <load_address>0x64a6</load_address>
         <run_address>0x64a6</run_address>
         <size>0xa</size>
         <input_file_ref idref="fl-3"/>
      </object_component>
      <object_component id="oc-47b">
         <name>.text:i2c_wait_ack</name>
         <load_address>0x64b0</load_address>
         <run_address>0x64b0</run_address>
         <size>0xa</size>
         <input_file_ref idref="fl-5"/>
      </object_component>
      <object_component id="oc-40a">
         <name>.text</name>
         <load_address>0x64ba</load_address>
         <run_address>0x64ba</run_address>
         <size>0xa</size>
         <input_file_ref idref="fl-2c"/>
      </object_component>
      <object_component id="oc-101">
         <name>.text:_isr:__TI_ISR_TRAP</name>
         <load_address>0x64c4</load_address>
         <run_address>0x64c4</run_address>
         <size>0x8</size>
         <input_file_ref idref="fl-3b"/>
      </object_component>
      <object_component id="oc-2ec">
         <name>.text:dht11_read_line</name>
         <load_address>0x64cc</load_address>
         <run_address>0x64cc</run_address>
         <size>0x8</size>
         <input_file_ref idref="fl-2"/>
      </object_component>
      <object_component id="oc-2e6">
         <name>.text:dht11_scan</name>
         <load_address>0x64d4</load_address>
         <run_address>0x64d4</run_address>
         <size>0x8</size>
         <input_file_ref idref="fl-2"/>
      </object_component>
      <object_component id="oc-226">
         <name>.text:abort</name>
         <load_address>0x64dc</load_address>
         <run_address>0x64dc</run_address>
         <size>0x6</size>
         <input_file_ref idref="fl-4e"/>
      </object_component>
      <object_component id="oc-21f">
         <name>.text:led_clear</name>
         <load_address>0x64e2</load_address>
         <run_address>0x64e2</run_address>
         <size>0x6</size>
         <input_file_ref idref="fl-6"/>
      </object_component>
      <object_component id="oc-200">
         <name>.text:led_set</name>
         <load_address>0x64e8</load_address>
         <run_address>0x64e8</run_address>
         <size>0x6</size>
         <input_file_ref idref="fl-6"/>
      </object_component>
      <object_component id="oc-37c">
         <name>.text:scia_msg</name>
         <load_address>0x64ee</load_address>
         <run_address>0x64ee</run_address>
         <size>0x6</size>
         <input_file_ref idref="fl-4"/>
      </object_component>
      <object_component id="oc-3a9">
         <name>.text:scia_xmit</name>
         <load_address>0x64f4</load_address>
         <run_address>0x64f4</run_address>
         <size>0x6</size>
         <input_file_ref idref="fl-4"/>
      </object_component>
      <object_component id="oc-174">
         <name>.text:_system_pre_init</name>
         <load_address>0x64fa</load_address>
         <run_address>0x64fa</run_address>
         <size>0x4</size>
         <input_file_ref idref="fl-49"/>
      </object_component>
      <object_component id="oc-4d0">
         <name>.text:_nop</name>
         <load_address>0x64fe</load_address>
         <run_address>0x64fe</run_address>
         <size>0x2</size>
         <input_file_ref idref="fl-50"/>
      </object_component>
      <object_component id="oc-3c9">
         <name>.text:_system_post_cinit</name>
         <load_address>0x6500</load_address>
         <run_address>0x6500</run_address>
         <size>0x2</size>
         <input_file_ref idref="fl-4a"/>
      </object_component>
      <object_component id="oc-2c0">
         <name>.text:ds18b20_reset</name>
         <load_address>0x6502</load_address>
         <run_address>0x6502</run_address>
         <size>0x2</size>
         <input_file_ref idref="fl-3"/>
      </object_component>
      <object_component id="oc-72e">
         <name>.cinit..data.load</name>
         <load_address>0x6fb8</load_address>
         <run_address>0x6fb8</run_address>
         <size>0x22</size>
      </object_component>
      <object_component id="oc-72b">
         <name>__TI_handler_table</name>
         <load_address>0x6fda</load_address>
         <run_address>0x6fda</run_address>
         <size>0x6</size>
      </object_component>
      <object_component id="oc-72d">
         <name>.cinit..bss.load</name>
         <load_address>0x6fe0</load_address>
         <run_address>0x6fe0</run_address>
         <size>0x4</size>
      </object_component>
      <object_component id="oc-72c">
         <name>__TI_cinit_table</name>
         <load_address>0x6fe4</load_address>
         <run_address>0x6fe4</run_address>
         <size>0x8</size>
      </object_component>
      <object_component id="oc-44b">
         <name>.const:.string:F8X16</name>
         <load_address>0x6504</load_address>
         <run_address>0x6504</run_address>
         <size>0x5f0</size>
         <input_file_ref idref="fl-8"/>
      </object_component>
      <object_component id="oc-44f">
         <name>.const:Hzk</name>
         <load_address>0x6af4</load_address>
         <run_address>0x6af4</run_address>
         <size>0x1c0</size>
         <input_file_ref idref="fl-8"/>
      </object_component>
      <object_component id="oc-568">
         <name>.const:.string:_ctypes_</name>
         <load_address>0x6cb4</load_address>
         <run_address>0x6cb4</run_address>
         <size>0x101</size>
         <input_file_ref idref="fl-5c"/>
      </object_component>
      <object_component id="oc-400">
         <name>.const:.string:crc_table</name>
         <load_address>0x6db6</load_address>
         <run_address>0x6db6</run_address>
         <size>0x100</size>
         <input_file_ref idref="fl-3"/>
      </object_component>
      <object_component id="oc-3af">
         <name>.const:.string</name>
         <load_address>0x6eb6</load_address>
         <run_address>0x6eb6</run_address>
         <size>0xb4</size>
         <input_file_ref idref="fl-4"/>
      </object_component>
      <object_component id="oc-212">
         <name>.const:.string</name>
         <load_address>0x6f6a</load_address>
         <run_address>0x6f6a</run_address>
         <size>0x28</size>
         <input_file_ref idref="fl-7"/>
      </object_component>
      <object_component id="oc-526">
         <name>.const:.string</name>
         <load_address>0x6f92</load_address>
         <run_address>0x6f92</run_address>
         <size>0x26</size>
         <input_file_ref idref="fl-5a"/>
      </object_component>
      <object_component id="oc-6f0">
         <name>.binit</name>
         <load_address>0x1100</load_address>
         <run_address>0x1100</run_address>
         <size>0x0</size>
      </object_component>
      <object_component id="oc-3e">
         <name>.int01</name>
         <load_address>0xffe2</load_address>
         <run_address>0xffe2</run_address>
         <size>0x2</size>
         <input_file_ref idref="fl-2e"/>
      </object_component>
      <object_component id="oc-3f">
         <name>.int02</name>
         <load_address>0xffe4</load_address>
         <run_address>0xffe4</run_address>
         <size>0x2</size>
         <input_file_ref idref="fl-2f"/>
      </object_component>
      <object_component id="oc-40">
         <name>.int03</name>
         <load_address>0xffe6</load_address>
         <run_address>0xffe6</run_address>
         <size>0x2</size>
         <input_file_ref idref="fl-30"/>
      </object_component>
      <object_component id="oc-41">
         <name>.int04</name>
         <load_address>0xffe8</load_address>
         <run_address>0xffe8</run_address>
         <size>0x2</size>
         <input_file_ref idref="fl-31"/>
      </object_component>
      <object_component id="oc-42">
         <name>.int05</name>
         <load_address>0xffea</load_address>
         <run_address>0xffea</run_address>
         <size>0x2</size>
         <input_file_ref idref="fl-32"/>
      </object_component>
      <object_component id="oc-43">
         <name>.int06</name>
         <load_address>0xffec</load_address>
         <run_address>0xffec</run_address>
         <size>0x2</size>
         <input_file_ref idref="fl-33"/>
      </object_component>
      <object_component id="oc-44">
         <name>.int07</name>
         <load_address>0xffee</load_address>
         <run_address>0xffee</run_address>
         <size>0x2</size>
         <input_file_ref idref="fl-34"/>
      </object_component>
      <object_component id="oc-45">
         <name>.int08</name>
         <load_address>0xfff0</load_address>
         <run_address>0xfff0</run_address>
         <size>0x2</size>
         <input_file_ref idref="fl-35"/>
      </object_component>
      <object_component id="oc-46">
         <name>.int09</name>
         <load_address>0xfff2</load_address>
         <run_address>0xfff2</run_address>
         <size>0x2</size>
         <input_file_ref idref="fl-7"/>
      </object_component>
      <object_component id="oc-47">
         <name>.int10</name>
         <load_address>0xfff4</load_address>
         <run_address>0xfff4</run_address>
         <size>0x2</size>
         <input_file_ref idref="fl-36"/>
      </object_component>
      <object_component id="oc-48">
         <name>.int11</name>
         <load_address>0xfff6</load_address>
         <run_address>0xfff6</run_address>
         <size>0x2</size>
         <input_file_ref idref="fl-37"/>
      </object_component>
      <object_component id="oc-49">
         <name>.int12</name>
         <load_address>0xfff8</load_address>
         <run_address>0xfff8</run_address>
         <size>0x2</size>
         <input_file_ref idref="fl-38"/>
      </object_component>
      <object_component id="oc-4a">
         <name>.int13</name>
         <load_address>0xfffa</load_address>
         <run_address>0xfffa</run_address>
         <size>0x2</size>
         <input_file_ref idref="fl-39"/>
      </object_component>
      <object_component id="oc-4b">
         <name>.int14</name>
         <load_address>0xfffc</load_address>
         <run_address>0xfffc</run_address>
         <size>0x2</size>
         <input_file_ref idref="fl-3a"/>
      </object_component>
      <object_component id="oc-d6">
         <name>.reset</name>
         <load_address>0xfffe</load_address>
         <run_address>0xfffe</run_address>
         <size>0x2</size>
         <input_file_ref idref="fl-44"/>
      </object_component>
      <object_component id="oc-26f">
         <name>.debug_info</name>
         <load_address>0x0</load_address>
         <run_address>0x0</run_address>
         <size>0x573</size>
         <input_file_ref idref="fl-2"/>
      </object_component>
      <object_component id="oc-2e8">
         <name>.debug_info</name>
         <load_address>0x573</load_address>
         <run_address>0x573</run_address>
         <size>0x12b</size>
         <input_file_ref idref="fl-2"/>
      </object_component>
      <object_component id="oc-2dc">
         <name>.debug_info</name>
         <load_address>0x69e</load_address>
         <run_address>0x69e</run_address>
         <size>0x129</size>
         <input_file_ref idref="fl-2"/>
      </object_component>
      <object_component id="oc-317">
         <name>.debug_info</name>
         <load_address>0x7c7</load_address>
         <run_address>0x7c7</run_address>
         <size>0x4e0</size>
         <input_file_ref idref="fl-2"/>
      </object_component>
      <object_component id="oc-2ed">
         <name>.debug_info</name>
         <load_address>0xca7</load_address>
         <run_address>0xca7</run_address>
         <size>0x135</size>
         <input_file_ref idref="fl-2"/>
      </object_component>
      <object_component id="oc-2e1">
         <name>.debug_info</name>
         <load_address>0xddc</load_address>
         <run_address>0xddc</run_address>
         <size>0x12d</size>
         <input_file_ref idref="fl-2"/>
      </object_component>
      <object_component id="oc-2d5">
         <name>.debug_info</name>
         <load_address>0xf09</load_address>
         <run_address>0xf09</run_address>
         <size>0x14a</size>
         <input_file_ref idref="fl-2"/>
      </object_component>
      <object_component id="oc-2f3">
[...]
      </symbol>
      <symbol id="sm-4b2">
         <name>__mspabi_slli_10</name>
         <value>0x6122</value>
         <object_component_ref idref="oc-da"/>
      </symbol>
      <symbol id="sm-4bb">
         <name>__mspabi_mpyi_hw</name>
         <value>0x6338</value>
         <object_component_ref idref="oc-45e"/>
      </symbol>
      <symbol id="sm-4c5">
         <name>__mspabi_mpyl_hw</name>
         <value>0x602a</value>
         <object_component_ref idref="oc-508"/>
      </symbol>
      <symbol id="sm-4d7">
         <name>_stack</name>
         <value>0x600</value>
         <object_component_ref idref="oc-d3"/>
      </symbol>
      <symbol id="sm-4d8">
         <name>_c_int00_noargs</name>
         <value>0x6234</value>
         <object_component_ref idref="oc-11e"/>
      </symbol>
      <symbol id="sm-4d9">
         <name>_reset_vector</name>
         <value>0xfffe</value>
         <object_component_ref idref="oc-d6"/>
      </symbol>
      <symbol id="sm-4fb">
         <name>__TI_auto_init_nobinit_nopinit</name>
         <value>0x5caa</value>
         <object_component_ref idref="oc-232"/>
      </symbol>
      <symbol id="sm-513">
         <name>__TI_zero_init_nomemset</name>
         <value>0x62fc</value>
         <object_component_ref idref="oc-10c"/>
      </symbol>
      <symbol id="sm-51e">
         <name>_system_pre_init</name>
         <value>0x64fa</value>
         <object_component_ref idref="oc-174"/>
      </symbol>
      <symbol id="sm-527">
         <name>_system_post_cinit</name>
         <value>0x6500</value>
         <object_component_ref idref="oc-3c9"/>
      </symbol>
      <symbol id="sm-53d">
         <name>__TI_decompress_none</name>
         <value>0x639a</value>
         <object_component_ref idref="oc-38"/>
      </symbol>
      <symbol id="sm-560">
         <name>__TI_decompress_lzss</name>
         <value>0x529a</value>
         <object_component_ref idref="oc-32"/>
      </symbol>
      <symbol id="sm-576">
         <name>__mspabi_cvtfd</name>
         <value>0x540a</value>
         <object_component_ref idref="oc-20c"/>
      </symbol>
      <symbol id="sm-580">
         <name>C$$EXIT</name>
         <value>0x64dc</value>
         <object_component_ref idref="oc-226"/>
      </symbol>
      <symbol id="sm-581">
         <name>abort</name>
         <value>0x64dc</value>
         <object_component_ref idref="oc-226"/>
      </symbol>
      <symbol id="sm-5c2">
         <name>_sys_memory</name>
         <value>0x200</value>
         <object_component_ref idref="oc-d7"/>
      </symbol>
      <symbol id="sm-5c3">
         <name>malloc</name>
         <value>0x4ad2</value>
         <object_component_ref idref="oc-272"/>
      </symbol>
      <symbol id="sm-5c4">
         <name>minit</name>
         <value>0x5e64</value>
         <object_component_ref idref="oc-3f4"/>
      </symbol>
      <symbol id="sm-5da">
         <name>_nop</name>
         <value>0x64fe</value>
         <object_component_ref idref="oc-4d0"/>
      </symbol>
      <symbol id="sm-5db">
         <name>_lock</name>
         <value>0x3f2</value>
         <object_component_ref idref="oc-3bb"/>
      </symbol>
      <symbol id="sm-5dc">
         <name>_unlock</name>
         <value>0x3f4</value>
         <object_component_ref idref="oc-3c4"/>
      </symbol>
      <symbol id="sm-5eb">
         <name>memcpy</name>
         <value>0x63e2</value>
         <object_component_ref idref="oc-f4"/>
      </symbol>
      <symbol id="sm-5f9">
         <name>memset</name>
         <value>0x6324</value>
         <object_component_ref idref="oc-519"/>
      </symbol>
      <symbol id="sm-61b">
         <name>sprintf</name>
         <value>0x5e9c</value>
         <object_component_ref idref="oc-213"/>
      </symbol>
      <symbol id="sm-62b">
         <name>__mspabi_sral</name>
         <value>0x6406</value>
         <object_component_ref idref="oc-6d8"/>
      </symbol>
      <symbol id="sm-62c">
         <name>__mspabi_sral_15</name>
         <value>0x5db0</value>
         <object_component_ref idref="oc-389"/>
      </symbol>
      <symbol id="sm-62d">
         <name>__mspabi_sral_14</name>
         <value>0x5db4</value>
         <object_component_ref idref="oc-389"/>
      </symbol>
      <symbol id="sm-62e">
         <name>__mspabi_sral_13</name>
         <value>0x5db8</value>
         <object_component_ref idref="oc-389"/>
      </symbol>
      <symbol id="sm-62f">
         <name>__mspabi_sral_12</name>
         <value>0x5dbc</value>
         <object_component_ref idref="oc-389"/>
      </symbol>
      <symbol id="sm-630">
         <name>__mspabi_sral_11</name>
         <value>0x5dc0</value>
         <object_component_ref idref="oc-389"/>
      </symbol>
      <symbol id="sm-631">
         <name>__mspabi_sral_10</name>
         <value>0x5dc4</value>
         <object_component_ref idref="oc-389"/>
      </symbol>
      <symbol id="sm-632">
         <name>__mspabi_sral_8</name>
         <value>0x5dcc</value>
         <object_component_ref idref="oc-389"/>
      </symbol>
      <symbol id="sm-633">
         <name>__mspabi_sral_9</name>
         <value>0x5dc8</value>
         <object_component_ref idref="oc-389"/>
      </symbol>
      <symbol id="sm-634">
         <name>__mspabi_sral_6</name>
         <value>0x5dd4</value>
         <object_component_ref idref="oc-389"/>
      </symbol>
      <symbol id="sm-635">
         <name>__mspabi_sral_7</name>
         <value>0x5dd0</value>
         <object_component_ref idref="oc-389"/>
      </symbol>
      <symbol id="sm-636">
         <name>__mspabi_sral_4</name>
         <value>0x5ddc</value>
         <object_component_ref idref="oc-389"/>
      </symbol>
      <symbol id="sm-637">
         <name>__mspabi_sral_5</name>
         <value>0x5dd8</value>
         <object_component_ref idref="oc-389"/>
      </symbol>
      <symbol id="sm-638">
         <name>__mspabi_sral_2</name>
         <value>0x5de4</value>
         <object_component_ref idref="oc-389"/>
      </symbol>
      <symbol id="sm-639">
         <name>__mspabi_sral_3</name>
         <value>0x5de0</value>
         <object_component_ref idref="oc-389"/>
      </symbol>
      <symbol id="sm-63a">
         <name>__mspabi_sral_1</name>
         <value>0x5de8</value>
         <object_component_ref idref="oc-389"/>
      </symbol>
      <symbol id="sm-642">
         <name>__mspabi_srli_8</name>
         <value>0x5bb4</value>
         <object_component_ref idref="oc-df"/>
      </symbol>
      <symbol id="sm-643">
         <name>__mspabi_srli_9</name>
         <value>0x5bb0</value>
         <object_component_ref idref="oc-df"/>
      </symbol>
      <symbol id="sm-644">
         <name>__mspabi_srli_6</name>
         <value>0x5bbc</value>
         <object_component_ref idref="oc-df"/>
      </symbol>
      <symbol id="sm-645">
         <name>__mspabi_srli_7</name>
         <value>0x5bb8</value>
         <object_component_ref idref="oc-df"/>
      </symbol>
      <symbol id="sm-646">
         <name>__mspabi_srli_4</name>
         <value>0x5bc4</value>
         <object_component_ref idref="oc-df"/>
      </symbol>
      <symbol id="sm-647">
         <name>__mspabi_srli_5</name>
         <value>0x5bc0</value>
         <object_component_ref idref="oc-df"/>
      </symbol>
      <symbol id="sm-648">
         <name>__mspabi_srli_2</name>
         <value>0x5bcc</value>
         <object_component_ref idref="oc-df"/>
      </symbol>
      <symbol id="sm-649">
         <name>__mspabi_srli_3</name>
         <value>0x5bc8</value>
         <object_component_ref idref="oc-df"/>
      </symbol>
      <symbol id="sm-64a">
         <name>__mspabi_srli_1</name>
         <value>0x5bd0</value>
         <object_component_ref idref="oc-df"/>
      </symbol>
      <symbol id="sm-64b">
         <name>__mspabi_srli</name>
         <value>0x5b8a</value>
         <object_component_ref idref="oc-df"/>
      </symbol>
      <symbol id="sm-64c">
         <name>__mspabi_srli_15</name>
         <value>0x5b98</value>
         <object_component_ref idref="oc-df"/>
      </symbol>
      <symbol id="sm-64d">
         <name>__mspabi_srli_14</name>
         <value>0x5b9c</value>
         <object_component_ref idref="oc-df"/>
      </symbol>
      <symbol id="sm-64e">
         <name>__mspabi_srli_13</name>
         <value>0x5ba0</value>
         <object_component_ref idref="oc-df"/>
      </symbol>
      <symbol id="sm-64f">
         <name>__mspabi_srli_12</name>
         <value>0x5ba4</value>
         <object_component_ref idref="oc-df"/>
      </symbol>
      <symbol id="sm-650">
         <name>__mspabi_srli_11</name>
         <value>0x5ba8</value>
         <object_component_ref idref="oc-df"/>
      </symbol>
      <symbol id="sm-651">
         <name>__mspabi_srli_10</name>
         <value>0x5bac</value>
         <object_component_ref idref="oc-df"/>
      </symbol>
      <symbol id="sm-65f">
         <name>__mspabi_srlll</name>
         <value>0x5c20</value>
         <object_component_ref idref="oc-5c8"/>
      </symbol>
      <symbol id="sm-830">
         <name>__TI_printfi</name>
         <value>0x1bd2</value>
         <object_component_ref idref="oc-3a1"/>
      </symbol>
      <symbol id="sm-843">
         <name>atoi</name>
         <value>0x5a50</value>
         <object_component_ref idref="oc-51f"/>
      </symbol>
      <symbol id="sm-84d">
         <name>_ctypes_</name>
         <value>0x6cb4</value>
         <object_component_ref idref="oc-568"/>
      </symbol>
      <symbol id="sm-85f">
         <name>ltoa</name>
         <value>0x5096</value>
         <object_component_ref idref="oc-639"/>
      </symbol>
      <symbol id="sm-86e">
         <name>memccpy</name>
         <value>0x6286</value>
         <object_component_ref idref="oc-533"/>
      </symbol>
      <symbol id="sm-87e">
         <name>strchr</name>
         <value>0x62a0</value>
         <object_component_ref idref="oc-679"/>
      </symbol>
      <symbol id="sm-88b">
         <name>strlen</name>
         <value>0x6452</value>
         <object_component_ref idref="oc-49b"/>
      </symbol>
      <symbol id="sm-898">
         <name>toupper</name>
         <value>0x6486</value>
         <object_component_ref idref="oc-57a"/>
      </symbol>
      <symbol id="sm-8b5">
         <name>frexpl</name>
         <value>0x4b84</value>
         <object_component_ref idref="oc-5ff"/>
      </symbol>
      <symbol id="sm-8b6">
         <name>frexp</name>
         <value>0x4b84</value>
         <object_component_ref idref="oc-5ff"/>
      </symbol>
      <symbol id="sm-8ce">
         <name>scalbn</name>
         <value>0x3db2</value>
         <object_component_ref idref="oc-673"/>
      </symbol>
      <symbol id="sm-8cf">
         <name>scalbnl</name>
         <value>0x3db2</value>
         <object_component_ref idref="oc-673"/>
      </symbol>
      <symbol id="sm-8d0">
         <name>ldexpl</name>
         <value>0x3db2</value>
         <object_component_ref idref="oc-673"/>
      </symbol>
      <symbol id="sm-8d1">
         <name>ldexp</name>
         <value>0x3db2</value>
         <object_component_ref idref="oc-673"/>
      </symbol>
      <symbol id="sm-8da">
         <name>copysign</name>
         <value>0x5fce</value>
         <object_component_ref idref="oc-6b1"/>
      </symbol>
      <symbol id="sm-8db">
         <name>copysignl</name>
         <value>0x5fce</value>
         <object_component_ref idref="oc-6b1"/>
      </symbol>
      <symbol id="sm-8f3">
         <name>wcslen</name>
         <value>0x6374</value>
         <object_component_ref idref="oc-53b"/>
      </symbol>
      <symbol id="sm-8fd">
         <name>__mspabi_remu</name>
         <value>0x62d0</value>
         <object_component_ref idref="oc-5c3"/>
      </symbol>
      <symbol id="sm-8fe">
         <name>__mspabi_divu</name>
         <value>0x62d0</value>
         <object_component_ref idref="oc-5c3"/>
      </symbol>
      <symbol id="sm-931">
         <name>__mspabi_divull</name>
         <value>0x1578</value>
         <object_component_ref idref="oc-5bd"/>
      </symbol>
      <symbol id="sm-958">
         <name>__mspabi_addd</name>
         <value>0x18d8</value>
         <object_component_ref idref="oc-699"/>
      </symbol>
      <symbol id="sm-972">
         <name>__mspabi_cmpd</name>
         <value>0x462e</value>
         <object_component_ref idref="oc-59e"/>
      </symbol>
      <symbol id="sm-993">
         <name>__mspabi_divd</name>
         <value>0x2efc</value>
         <object_component_ref idref="oc-5f8"/>
      </symbol>
      <symbol id="sm-9a0">
         <name>__mspabi_fixdi</name>
         <value>0x618c</value>
         <object_component_ref idref="oc-64b"/>
      </symbol>
      <symbol id="sm-9af">
         <name>__mspabi_fixdli</name>
         <value>0x547c</value>
         <object_component_ref idref="oc-633"/>
      </symbol>
      <symbol id="sm-9b8">
         <name>__mspabi_fltid</name>
         <value>0x646e</value>
         <object_component_ref idref="oc-67f"/>
      </symbol>
      <symbol id="sm-9cf">
         <name>__mspabi_fltlid</name>
         <value>0x4ce2</value>
         <object_component_ref idref="oc-63f"/>
      </symbol>
      <symbol id="sm-9f0">
         <name>__TI_frcaddd</name>
         <value>0x234e</value>
         <object_component_ref idref="oc-6c2"/>
      </symbol>
      <symbol id="sm-a0b">
         <name>__TI_frcdivd</name>
         <value>0x1100</value>
         <object_component_ref idref="oc-664"/>
      </symbol>
      <symbol id="sm-a2d">
         <name>__mspabi_mpyd</name>
         <value>0x20e0</value>
         <object_component_ref idref="oc-5f2"/>
      </symbol>
      <symbol id="sm-a36">
         <name>__mspabi_negd</name>
         <value>0x6138</value>
         <object_component_ref idref="oc-580"/>
      </symbol>
      <symbol id="sm-a49">
         <name>__TI_renormd</name>
         <value>0x4958</value>
         <object_component_ref idref="oc-6dd"/>
      </symbol>
      <symbol id="sm-a52">
         <name>__mspabi_subd</name>
         <value>0x5fa0</value>
         <object_component_ref idref="oc-645"/>
      </symbol>
      <symbol id="sm-a5c">
         <name>abs</name>
         <value>0x6492</value>
         <object_component_ref idref="oc-652"/>
      </symbol>
      <symbol id="sm-a63">
         <name>errno</name>
         <value>0x3f6</value>
         <object_component_ref idref="oc-541"/>
      </symbol>
      <symbol id="sm-a80">
         <name>__mspabi_slll_9</name>
         <value>0x5e06</value>
         <object_component_ref idref="oc-68a"/>
      </symbol>
      <symbol id="sm-a81">
         <name>__mspabi_slll_8</name>
         <value>0x5e0a</value>
         <object_component_ref idref="oc-68a"/>
      </symbol>
      <symbol id="sm-a82">
         <name>__mspabi_slll_7</name>
         <value>0x5e0e</value>
         <object_component_ref idref="oc-68a"/>
      </symbol>
      <symbol id="sm-a83">
         <name>__mspabi_slll_6</name>
         <value>0x5e12</value>
         <object_component_ref idref="oc-68a"/>
      </symbol>
      <symbol id="sm-a84">
         <name>__mspabi_slll_5</name>
         <value>0x5e16</value>
         <object_component_ref idref="oc-68a"/>
      </symbol>
      <symbol id="sm-a85">
         <name>__mspabi_slll_4</name>
         <value>0x5e1a</value>
         <object_component_ref idref="oc-68a"/>
      </symbol>
      <symbol id="sm-a86">
         <name>__mspabi_slll_3</name>
         <value>0x5e1e</value>
         <object_component_ref idref="oc-68a"/>
      </symbol>
      <symbol id="sm-a87">
         <name>__mspabi_slll_2</name>
         <value>0x5e22</value>
         <object_component_ref idref="oc-68a"/>
      </symbol>
      <symbol id="sm-a88">
         <name>__mspabi_slll_1</name>
         <value>0x5e26</value>
         <object_component_ref idref="oc-68a"/>
      </symbol>
      <symbol id="sm-a89">
         <name>__mspabi_slll</name>
         <value>0x6416</value>
         <object_component_ref idref="oc-6d3"/>
      </symbol>
      <symbol id="sm-a8a">
         <name>__mspabi_slll_15</name>
         <value>0x5dee</value>
         <object_component_ref idref="oc-68a"/>
      </symbol>
      <symbol id="sm-a8b">
         <name>__mspabi_slll_14</name>
         <value>0x5df2</value>
         <object_component_ref idref="oc-68a"/>
      </symbol>
      <symbol id="sm-a8c">
         <name>__mspabi_slll_13</name>
         <value>0x5df6</value>
         <object_component_ref idref="oc-68a"/>
      </symbol>
      <symbol id="sm-a8d">
         <name>__mspabi_slll_12</name>
         <value>0x5dfa</value>
         <object_component_ref idref="oc-68a"/>
      </symbol>
      <symbol id="sm-a8e">
         <name>__mspabi_slll_11</name>
         <value>0x5dfe</value>
         <object_component_ref idref="oc-68a"/>
      </symbol>
      <symbol id="sm-a8f">
         <name>__mspabi_slll_10</name>
         <value>0x5e02</value>
         <object_component_ref idref="oc-68a"/>
      </symbol>
      <symbol id="sm-a9f">
         <name>__mspabi_srll_8</name>
         <value>0x5914</value>
         <object_component_ref idref="oc-692"/>
      </symbol>
      <symbol id="sm-aa0">
         <name>__mspabi_srll_9</name>
         <value>0x590e</value>
         <object_component_ref idref="oc-692"/>
      </symbol>
      <symbol id="sm-aa1">
         <name>__mspabi_srll_6</name>
         <value>0x5920</value>
         <object_component_ref idref="oc-692"/>
      </symbol>
      <symbol id="sm-aa2">
         <name>__mspabi_srll_7</name>
         <value>0x591a</value>
         <object_component_ref idref="oc-692"/>
      </symbol>
      <symbol id="sm-aa3">
         <name>__mspabi_srll_4</name>
         <value>0x592c</value>
         <object_component_ref idref="oc-692"/>
      </symbol>
      <symbol id="sm-aa4">
         <name>__mspabi_srll_5</name>
         <value>0x5926</value>
         <object_component_ref idref="oc-692"/>
      </symbol>
      <symbol id="sm-aa5">
         <name>__mspabi_srll_2</name>
         <value>0x5938</value>
         <object_component_ref idref="oc-692"/>
      </symbol>
      <symbol id="sm-aa6">
         <name>__mspabi_srll_3</name>
         <value>0x5932</value>
         <object_component_ref idref="oc-692"/>
      </symbol>
      <symbol id="sm-aa7">
         <name>__mspabi_srll_1</name>
         <value>0x593e</value>
         <object_component_ref idref="oc-692"/>
      </symbol>
      <symbol id="sm-aa8">
         <name>__mspabi_srll_15</name>
         <value>0x58ea</value>
         <object_component_ref idref="oc-692"/>
      </symbol>
      <symbol id="sm-aa9">
         <name>__mspabi_srll_14</name>
         <value>0x58f0</value>
         <object_component_ref idref="oc-692"/>
      </symbol>
      <symbol id="sm-aaa">
         <name>__mspabi_srll_13</name>
         <value>0x58f6</value>
         <object_component_ref idref="oc-692"/>
      </symbol>
      <symbol id="sm-aab">
         <name>__mspabi_srll_12</name>
         <value>0x58fc</value>
         <object_component_ref idref="oc-692"/>
      </symbol>
      <symbol id="sm-aac">
         <name>__mspabi_srll_11</name>
         <value>0x5902</value>
         <object_component_ref idref="oc-692"/>
      </symbol>
      <symbol id="sm-aad">
         <name>__mspabi_srll_10</name>
         <value>0x5908</value>
         <object_component_ref idref="oc-692"/>
      </symbol>
      <symbol id="sm-aae">
         <name>__mspabi_srll</name>
         <value>0x63be</value>
         <object_component_ref idref="oc-628"/>
      </symbol>
      <symbol id="sm-abb">
         <name>__mspabi_sllll</name>
         <value>0x5c66</value>
         <object_component_ref idref="oc-622"/>
      </symbol>
      <symbol id="sm-acb">
         <name>__TI_frcmpyd</name>
         <value>0x1e5a</value>
         <object_component_ref idref="oc-65c"/>
      </symbol>
   </symbol_table>
   <title>Link successful</title>
</link_info>
