******************************************************************************
                  MSP430 Linker PC v18.1.4                     
******************************************************************************
>> Linked Mon Mar 11 20:12:11 2019

OUTPUT FILE NAME:   <C03_TEMP_HUMI_SOCKET_MSP430_CCS8_3_D.out>
ENTRY POINT SYMBOL: "_c_int00_noargs"  address: 00006234


MEMORY CONFIGURATION

         name            origin    length      used     unused   attr    fill
----------------------  --------  ---------  --------  --------  ----  --------
  SFR                   00000000   00000010  00000000  00000010  RWIX
  PERIPHERALS_8BIT      00000010   000000f0  00000000  000000f0  RWIX
  PERIPHERALS_16BIT     00000100   00000100  00000000  00000100  RWIX
  RAM                   00000200   00000800  000005fa  00000206  RWIX
  INFOB                 00001000   00000080  00000000  00000080  RWIX
  INFOA                 00001080   00000080  00000000  00000080  RWIX
  FLASH                 00001100   0000eee0  00005eec  00008ff4  RWIX
  INT00                 0000ffe0   00000002  00000000  00000002  RWIX
  INT01                 0000ffe2   00000002  00000002  00000000  RWIX
  INT02                 0000ffe4   00000002  00000002  00000000  RWIX
  INT03                 0000ffe6   00000002  00000002  00000000  RWIX
  INT04                 0000ffe8   00000002  00000002  00000000  RWIX
  INT05                 0000ffea   00000002  00000002  00000000  RWIX
  INT06                 0000ffec   00000002  00000002  00000000  RWIX
  INT07                 0000ffee   00000002  00000002  00000000  RWIX
  INT08                 0000fff0   00000002  00000002  00000000  RWIX
  INT09                 0000fff2   00000002  00000002  00000000  RWIX
  INT10                 0000fff4   00000002  00000002  00000000  RWIX
  INT11                 0000fff6   00000002  00000002  00000000  RWIX
  INT12                 0000fff8   00000002  00000002  00000000  RWIX
  INT13                 0000fffa   00000002  00000002  00000000  RWIX
  INT14                 0000fffc   00000002  00000002  00000000  RWIX
  RESET                 0000fffe   00000002  00000002  00000000  RWIX


SECTION ALLOCATION MAP

 output                                  attributes/
section   page    origin      length       input sections
--------  ----  ----------  ----------   ----------------
.bss       0    00000300    000000dc     UNINITIALIZED
                  00000300    00000050     (.common:rx_buffer)
                  00000350    0000004c     (.common:i2c_dev)
                  0000039c    00000038     (.common:oled_dev)
                  000003d4    00000006     rts430_eabi.lib : memory.c.obj (.bss)
                  000003da    00000002     (.common:oled_dev_handle)

.data      0    000003dc    0000001e     UNINITIALIZED
                  000003dc    00000011     esp8266.obj (.data)
                  000003ed    00000001     --HOLE--
                  000003ee    00000004     sci.obj (.data)
                  000003f2    00000002     rts430_eabi.lib : _lock.c.obj (.data:_lock)
                  000003f4    00000002                     : _lock.c.obj (.data:_unlock)
                  000003f6    00000002                     : errno.c.obj (.data)
                  000003f8    00000002                     : memory.c.obj (.data)

.sysmem    0    00000200    00000100     UNINITIALIZED
                  00000200    00000004     rts430_eabi.lib : memory.c.obj (.sysmem)
                  00000204    000000fc     --HOLE--

.stack     0    00000600    00000400     UNINITIALIZED
                  00000600    00000002     rts430_eabi.lib : boot.c.obj (.stack)
                  00000602    000003fe     --HOLE--

.text      0    00001100    00005404     
                  00001100    00000478     rts430_eabi.lib : frcdivd.c.obj (.text:__TI_frcdivd)
                  00001578    00000360                     : div64u.c.obj (.text:__mspabi_divull)
                  000018d8    000002fa                     : addd.c.obj (.text:__mspabi_addd)
                  00001bd2    00000288                     : _printfi.c.obj (.text:__TI_printfi)
                  00001e5a    00000286                     : frcmpyd.c.obj (.text:__TI_frcmpyd)
                  000020e0    0000026e                     : mpyd.c.obj (.text:__mspabi_mpyd)
                  0000234e    00000260                     : frcaddd.c.obj (.text:__TI_frcaddd)
                  000025ae    0000025c     dht11.obj (.text:dht11_float_2_ascii)
                  0000280a    0000025c     ds18b20.obj (.text:ds18b20_float_2_ascii)
                  00002a66    00000252     rts430_eabi.lib : _printfi.c.obj (.text:_setfield)
                  00002cb8    00000244                     : _printfi.c.obj (.text:acvt)
                  00002efc    00000238                     : divd.c.obj (.text:__mspabi_divd)
                  00003134    00000224                     : _printfi.c.obj (.text:_pproc_fgea)
                  00003358    000001ec                     : _printfi.c.obj (.text:_getarg_diouxp)
                  00003544    000001de                     : _printfi.c.obj (.text:ecvt)
                  00003722    000001c4                     : _printfi.c.obj (.text:fcvt)
                  000038e6    000001b2     oled.obj (.text:oled_init_device)
                  00003a98    000001a6     rts430_eabi.lib : _printfi.c.obj (.text:_pconv_e)
                  00003c3e    00000174                     : _printfi.c.obj (.text:_pconv_a)
                  00003db2    0000016a                     : s_scalbn.c.obj (.text:scalbn)
                  00003f1c    00000158     main.obj (.text:main)
                  00004074    00000150     esp8266.obj (.text:esp8266_init)
                  000041c4    0000014c     rts430_eabi.lib : _printfi.c.obj (.text:_pproc_diouxp)
                  00004310    0000012e                     : _printfi.c.obj (.text:_ltostr)
                  0000443e    000000f8                     : _printfi.c.obj (.text:_pconv_g)
                  00004536    000000f8                     : _printfi.c.obj (.text:_pproc_fwp)
                  0000462e    000000dc                     : cmpd.c.obj (.text:__mspabi_cmpd)
                  0000470a    000000c6     dht11.obj (.text:dht11_get_all_value)
                  000047d0    000000c4     rts430_eabi.lib : _printfi.c.obj (.text:_pproc_wstr)
                  00004894    000000c4                     : fs_mpy.asm.obj (.text)
                  00004958    000000be                     : renormd.c.obj (.text:__TI_renormd)
                  00004a16    000000bc     esp8266.obj (.text:esp8266_write_to_host)
                  00004ad2    000000b2     rts430_eabi.lib : memory.c.obj (.text:malloc)
                  00004b84    000000b0                     : s_frexp.c.obj (.text:frexp)
                  00004c34    000000ae     oled.obj (.text:oled_shownum)
                  00004ce2    000000ac     rts430_eabi.lib : fltlid.c.obj (.text:__mspabi_fltlid)
                  00004d8e    000000ac                     : _printfi.c.obj (.text:_pproc_str)
                  00004e3a    000000a0     ds18b20.obj (.text:ds18b20_get_temp)
                  00004eda    0000009c     rts430_eabi.lib : fs_div.asm.obj (.text)
                  00004f76    00000092                     : _printfi.c.obj (.text:_mcpy)
                  00005008    0000008e                     : _printfi.c.obj (.text:_ecpy)
                  00005096    00000084                     : ltoa.c.obj (.text:ltoa)
                  0000511a    00000082     ds18b20.obj (.text:ds18b20_new_device)
                  0000519c    00000080     oled.obj (.text:oled_showchar)
                  0000521c    0000007e     rts430_eabi.lib : fs_tol.asm.obj (.text)
                  0000529a    0000007c                     : copy_decompress_lzss.c.obj (.text:decompress:lzss:__TI_decompress_lzss)
                  00005316    0000007a                     : _printfi.c.obj (.text:_pconv_f)
                  00005390    0000007a     oled.obj (.text:oled_showchinese)
                  0000540a    00000072     rts430_eabi.lib : cvtfd.c.obj (.text:__mspabi_cvtfd)
                  0000547c    00000072                     : fixdli.c.obj (.text:__mspabi_fixdli)
                  000054ee    00000072     ds18b20.obj (.text:ds18b20_config)
                  00005560    00000070     ds18b20.obj (.text:ds18b20_pin_set)
                  000055d0    0000006a     dht11.obj (.text:dht11_read_sensor)
                  0000563a    00000066     dht11.obj (.text:dht11_get_humi_float)
                  000056a0    00000066     dht11.obj (.text:dht11_get_temp_float)
                  00005706    00000066     oled.obj (.text:oled_write_data)
                  0000576c    00000064     oled.obj (.text:oled_write_command)
                  000057d0    0000005e     dht11.obj (.text:dht11_new_device)
                  0000582e    0000005e     ds18b20.obj (.text:ds18b20_read_byte)
                  0000588c    0000005e     oled.obj (.text:oled_clear)
                  000058ea    0000005c     rts430_eabi.lib : lsr32.asm.obj (.text:l_lsr_const)
                  00005946    0000005c     oled.obj (.text:oled_init)
                  000059a2    00000058     rts430_eabi.lib : div32u.asm.obj (.text)
                  000059fa    00000056     ds18b20.obj (.text:ds18b20_write_byte)
                  00005a50    00000052     rts430_eabi.lib : atoi.c.obj (.text:atoi)
                  00005aa2    0000004e                     : _printfi.c.obj (.text:_fcpy)
                  00005af0    0000004e     ds18b20.obj (.text:ds18b20_init)
                  00005b3e    0000004c     dht11.obj (.text:dht11_read_byte)
                  00005b8a    0000004c     rts430_eabi.lib : lsr16.asm.obj (.text)
                  00005bd6    0000004a                     : fs_cmp.asm.obj (.text)
                  00005c20    00000046                     : lsr64.c.obj (.text:__mspabi_srlll)
                  00005c66    00000044                     : lsl64.c.obj (.text:__mspabi_sllll)
                  00005caa    00000042                     : autoinit.c.obj (.text:__TI_auto_init_nobinit_nopinit:__TI_auto_init_nobinit_nopinit)
                  00005cec    00000042     oled.obj (.text:oled_set_pos)
                  00005d2e    00000042     oled.obj (.text:oled_showstring)
                  00005d70    00000040     rts430_eabi.lib : div32s.asm.obj (.text)
                  00005db0    0000003e                     : asr32.asm.obj (.text:l_asr_const)
                  00005dee    0000003e                     : lsl32.asm.obj (.text:l_lsl_const)
                  00005e2c    00000038     dht11.obj (.text:dht11_reset)
                  00005e64    00000038     rts430_eabi.lib : memory.c.obj (.text:minit)
                  00005e9c    00000038                     : sprintf.c.obj (.text:sprintf)
                  00005ed4    00000036     main.obj (.text:UART0_RXISR)
                  00005f0a    00000036     rts430_eabi.lib : fs_itof.asm.obj (.text)
                  00005f40    00000030     oled.obj (.text:oled_display_off)
                  00005f70    00000030     oled.obj (.text:oled_display_on)
                  00005fa0    0000002e     rts430_eabi.lib : subd.c.obj (.text:__mspabi_subd)
                  00005fce    0000002e                     : s_copysign.c.obj (.text:copysign)
                  00005ffc    0000002e     ds18b20.obj (.text:ds18b20_save_temp_string)
                  0000602a    0000002e     rts430_eabi.lib : mult32_hw.asm.obj (.text)
                  00006058    0000002e     sci.obj (.text:uart_0_init)
                  00006086    0000002e     sci.obj (.text:uart_1_init)
                  000060b4    0000002c     iic.obj (.text:i2c_write_byte)
                  000060e0    0000002c     rts430_eabi.lib : asr16.asm.obj (.text)
                  0000610c    0000002c                     : lsl16.asm.obj (.text)
                  00006138    0000002a                     : negd.c.obj (.text:__mspabi_negd)
                  00006162    0000002a     ds18b20.obj (.text:ds18b20_read_bytes)
                  0000618c    00000028     rts430_eabi.lib : fixdi.c.obj (.text:__mspabi_fixdi)
                  000061b4    00000022     iic.obj (.text:i2c_init)
                  000061d6    00000022     oled.obj (.text:oled_pow)
                  000061f8    0000001e     dht11.obj (.text:dht11_init)
                  00006216    0000001e     ds18b20.obj (.text:ds18b20_read_id)
                  00006234    0000001c     rts430_eabi.lib : boot.c.obj (.text:_c_int00_noargs)
                  00006250    0000001c     ds18b20.obj (.text:ds18b20_check_crc)
                  0000626c    0000001a     rts430_eabi.lib : sprintf.c.obj (.text:_outs)
                  00006286    0000001a                     : memccpy.c.obj (.text:memccpy)
                  000062a0    0000001a                     : strchr.c.obj (.text:strchr)
                  000062ba    00000016     ds18b20.obj (.text:ds18b20_hw_read_line)
                  000062d0    00000016     rts430_eabi.lib : div16u.asm.obj (.text)
                  000062e6    00000016     sci.obj (.text:uart_0_send_str)
                  000062fc    00000014     rts430_eabi.lib : copy_zero_init.c.obj (.text:decompress:ZI:__TI_zero_init_nomemset:__TI_zero_init_nomemset)
                  00006310    00000014     dht11.obj (.text:dht11_read_bit)
                  00006324    00000014     rts430_eabi.lib : memset.c.obj (.text:memset)
                  00006338    00000014                     : mult16_hw.asm.obj (.text)
                  0000634c    00000014     main.obj (.text:system_clk_init)
                  00006360    00000014     sci.obj (.text:uart_gpio_init)
                  00006374    00000014     rts430_eabi.lib : wcslen.c.obj (.text:wcslen)
                  00006388    00000012                     : sprintf.c.obj (.text:_outc)
                  0000639a    00000012                     : copy_decompress_none.c.obj (.text:decompress:none:__TI_decompress_none)
                  000063ac    00000012     iic.obj (.text:i2c_start)
                  000063be    00000012     rts430_eabi.lib : lsr32.asm.obj (.text:l_lsr)
                  000063d0    00000012     led.obj (.text:led_init)
                  000063e2    00000012     rts430_eabi.lib : memcpy.c.obj (.text:memcpy)
                  000063f4    00000012     oled.obj (.text:oled_wr_byte)
                  00006406    00000010     rts430_eabi.lib : asr32.asm.obj (.text:l_asr)
                  00006416    00000010                     : lsl32.asm.obj (.text:l_lsl)
                  00006426    00000010                     : epilog.asm.obj (.text)
                  00006436    0000000e     dht11.obj (.text:dht11_pin_set)
                  00006444    0000000e     iic.obj (.text:i2c_stop)
                  00006452    0000000e     rts430_eabi.lib : strlen.c.obj (.text:strlen)
                  00006460    0000000e     sci.obj (.text:uart_0_put_char)
                  0000646e    0000000c     rts430_eabi.lib : fltid.c.obj (.text:__mspabi_fltid)
                  0000647a    0000000c     oled.obj (.text:oled_pin_init)
                  00006486    0000000c     rts430_eabi.lib : toupper.c.obj (.text:toupper)
                  00006492    0000000a                     : abs.c.obj (.text:abs)
                  0000649c    0000000a     ds18b20.obj (.text:ds18b20_hw_set_high)
                  000064a6    0000000a     ds18b20.obj (.text:ds18b20_hw_set_low)
                  000064b0    0000000a     iic.obj (.text:i2c_wait_ack)
                  000064ba    0000000a     rts430_eabi.lib : fs_neg.asm.obj (.text)
                  000064c4    00000008                     : isr_trap.asm.obj (.text:_isr:__TI_ISR_TRAP)
                  000064cc    00000008     dht11.obj (.text:dht11_read_line)
                  000064d4    00000008     dht11.obj (.text:dht11_scan)
                  000064dc    00000006     rts430_eabi.lib : exit.c.obj (.text:abort)
                  000064e2    00000006     led.obj (.text:led_clear)
                  000064e8    00000006     led.obj (.text:led_set)
                  000064ee    00000006     esp8266.obj (.text:scia_msg)
                  000064f4    00000006     esp8266.obj (.text:scia_xmit)
                  000064fa    00000004     rts430_eabi.lib : pre_init.c.obj (.text:_system_pre_init)
                  000064fe    00000002                     : _lock.c.obj (.text:_nop)
                  00006500    00000002                     : startup.c.obj (.text:_system_post_cinit)
                  00006502    00000002     ds18b20.obj (.text:ds18b20_reset)

.const     0    00006504    00000ab4     
                  00006504    000005f0     oled.obj (.const:.string:F8X16)
                  00006af4    000001c0     oled.obj (.const:Hzk)
                  00006cb4    00000101     rts430_eabi.lib : ctype.c.obj (.const:.string:_ctypes_)
                  00006db5    00000001     --HOLE-- [fill = 0]
                  00006db6    00000100     ds18b20.obj (.const:.string:crc_table)
                  00006eb6    000000b4     esp8266.obj (.const:.string)
                  00006f6a    00000028     main.obj (.const:.string)
                  00006f92    00000026     rts430_eabi.lib : _printfi.c.obj (.const:.string)

.cinit     0    00006fb8    00000034     
                  00006fb8    00000022     (.cinit..data.load) [load image]
                  00006fda    00000006     (__TI_handler_table)
                  00006fe0    00000004     (.cinit..bss.load) [load image, compression = zero_init]
                  00006fe4    00000008     (__TI_cinit_table)

.binit     0    00001100    00000000     

.init_array 
*          0    00001100    00000000     UNINITIALIZED

PORT2      0    0000ffe2    00000002     
                  0000ffe2    00000002     rts430_eabi.lib : int01.asm.obj (.int01)

USART1TX   0    0000ffe4    00000002     
                  0000ffe4    00000002     rts430_eabi.lib : int02.asm.obj (.int02)

USART1RX   0    0000ffe6    00000002     
                  0000ffe6    00000002     rts430_eabi.lib : int03.asm.obj (.int03)

PORT1      0    0000ffe8    00000002     
                  0000ffe8    00000002     rts430_eabi.lib : int04.asm.obj (.int04)

TIMERA1    0    0000ffea    00000002     
                  0000ffea    00000002     rts430_eabi.lib : int05.asm.obj (.int05)

TIMERA0    0    0000ffec    00000002     
                  0000ffec    00000002     rts430_eabi.lib : int06.asm.obj (.int06)

ADC12      0    0000ffee    00000002     
                  0000ffee    00000002     rts430_eabi.lib : int07.asm.obj (.int07)

USART0TX   0    0000fff0    00000002     
                  0000fff0    00000002     rts430_eabi.lib : int08.asm.obj (.int08)

USART0RX   0    0000fff2    00000002     
                  0000fff2    00000002     main.obj (.int09)

WDT        0    0000fff4    00000002     
                  0000fff4    00000002     rts430_eabi.lib : int10.asm.obj (.int10)

COMPARATORA 
*          0    0000fff6    00000002     
                  0000fff6    00000002     rts430_eabi.lib : int11.asm.obj (.int11)

TIMERB1    0    0000fff8    00000002     
                  0000fff8    00000002     rts430_eabi.lib : int12.asm.obj (.int12)

TIMERB0    0    0000fffa    00000002     
                  0000fffa    00000002     rts430_eabi.lib : int13.asm.obj (.int13)

NMI        0    0000fffc    00000002     
                  0000fffc    00000002     rts430_eabi.lib : int14.asm.obj (.int14)

.reset     0    0000fffe    00000002     
                  0000fffe    00000002     rts430_eabi.lib : boot.c.obj (.reset)

MODULE SUMMARY

       Module                       code    ro data   rw data
       ------                       ----    -------   -------
    .\src\
       oled.obj                     1538    1968      0      
       ds18b20.obj                  1568    256       0      
       dht11.obj                    1418    0         0      
       esp8266.obj                  536     180       17     
       main.obj                     418     42        134    
       sci.obj                      148     0         84     
       iic.obj                      120     0         0      
       led.obj                      30      0         0      
    +--+----------------------------+-------+---------+---------+
       Total:                       5776    2446      235    
                                                             
    C:\opt\ti\ccsv8\tools\compiler\ti-cgt-msp430_18.1.4.LTS\lib\rts430_eabi.lib
       _printfi.c.obj               6572    38        0      
       frcdivd.c.obj                1144    0         0      
       div64u.c.obj                 864     0         0      
       addd.c.obj                   762     0         0      
       frcmpyd.c.obj                646     0         0      
       mpyd.c.obj                   622     0         0      
       frcaddd.c.obj                608     0         0      
       divd.c.obj                   568     0         0      
       s_scalbn.c.obj               362     0         0      
       ctype.c.obj                  0       257       0      
       memory.c.obj                 234     0         8      
       cmpd.c.obj                   220     0         0      
       fs_mpy.asm.obj               196     0         0      
       renormd.c.obj                190     0         0      
       s_frexp.c.obj                176     0         0      
       fltlid.c.obj                 172     0         0      
       fs_div.asm.obj               156     0         0      
       ltoa.c.obj                   132     0         0      
       fs_tol.asm.obj               126     0         0      
       copy_decompress_lzss.c.obj   124     0         0      
       cvtfd.c.obj                  114     0         0      
       fixdli.c.obj                 114     0         0      
       lsr32.asm.obj                110     0         0      
       sprintf.c.obj                100     0         0      
       div32u.asm.obj               88      0         0      
       atoi.c.obj                   82      0         0      
       asr32.asm.obj                78      0         0      
       lsl32.asm.obj                78      0         0      
       lsr16.asm.obj                76      0         0      
       fs_cmp.asm.obj               74      0         0      
       lsr64.c.obj                  70      0         0      
       lsl64.c.obj                  68      0         0      
       autoinit.c.obj               66      0         0      
       div32s.asm.obj               64      0         0      
       fs_itof.asm.obj              54      0         0      
       mult32_hw.asm.obj            46      0         0      
       s_copysign.c.obj             46      0         0      
       subd.c.obj                   46      0         0      
       asr16.asm.obj                44      0         0      
       lsl16.asm.obj                44      0         0      
       negd.c.obj                   42      0         0      
       fixdi.c.obj                  40      0         0      
       boot.c.obj                   28      2         0      
       memccpy.c.obj                26      0         0      
       strchr.c.obj                 26      0         0      
       div16u.asm.obj               22      0         0      
       copy_zero_init.c.obj         20      0         0      
       memset.c.obj                 20      0         0      
       mult16_hw.asm.obj            20      0         0      
       wcslen.c.obj                 20      0         0      
       copy_decompress_none.c.obj   18      0         0      
       memcpy.c.obj                 18      0         0      
       epilog.asm.obj               16      0         0      
       strlen.c.obj                 14      0         0      
       fltid.c.obj                  12      0         0      
       toupper.c.obj                12      0         0      
       abs.c.obj                    10      0         0      
       fs_neg.asm.obj               10      0         0      
       isr_trap.asm.obj             8       0         0      
       _lock.c.obj                  2       0         4      
       exit.c.obj                   6       0         0      
       pre_init.c.obj               4       0         0      
       errno.c.obj                  0       0         2      
       int01.asm.obj                0       2         0      
       int02.asm.obj                0       2         0      
       int03.asm.obj                0       2         0      
       int04.asm.obj                0       2         0      
       int05.asm.obj                0       2         0      
       int06.asm.obj                0       2         0      
       int07.asm.obj                0       2         0      
       int08.asm.obj                0       2         0      
       int10.asm.obj                0       2         0      
       int11.asm.obj                0       2         0      
       int12.asm.obj                0       2         0      
       int13.asm.obj                0       2         0      
       int14.asm.obj                0       2         0      
       startup.c.obj                2       0         0      
    +--+----------------------------+-------+---------+---------+
       Total:                       15732   323       14     
                                                             
       Heap:                        0       0         256    
       Stack:                       0       0         1024   
       Linker Generated:            0       52        0      
    +--+----------------------------+-------+---------+---------+
       Grand Total:                 21508   2821      1529   


LINKER GENERATED COPY TABLES

__TI_cinit_table @ 00006fe4 records: 2, size/record: 4, table size: 8
	.data: load addr=00006fb8, load size=00000022 bytes, run addr=000003dc, run size=0000001e bytes, compression=copy
	.bss: load addr=00006fe0, load size=00000004 bytes, run addr=00000300, run size=000000dc bytes, compression=zero_init


LINKER GENERATED HANDLER TABLE

__TI_handler_table @ 00006fda records: 3, size/record: 2, table size: 6
	index: 0, handler: __TI_zero_init
	index: 1, handler: __TI_decompress_lzss
	index: 2, handler: __TI_decompress_none


GLOBAL SYMBOLS: SORTED ALPHABETICALLY BY Name 

address   name                          
-------   ----                          
000001a0  ADC12CTL0                     
000001a2  ADC12CTL1                     
000001a6  ADC12IE                       
000001a4  ADC12IFG                      
000001a8  ADC12IV                       
00000080  ADC12MCTL0                    
00000081  ADC12MCTL1                    
0000008a  ADC12MCTL10                   
0000008b  ADC12MCTL11                   
0000008c  ADC12MCTL12                   
0000008d  ADC12MCTL13                   
0000008e  ADC12MCTL14                   
0000008f  ADC12MCTL15                   
00000082  ADC12MCTL2                    
00000083  ADC12MCTL3                    
00000084  ADC12MCTL4                    
00000085  ADC12MCTL5                    
00000086  ADC12MCTL6                    
00000087  ADC12MCTL7                    
00000088  ADC12MCTL8                    
00000089  ADC12MCTL9                    
00000140  ADC12MEM0                     
00000142  ADC12MEM1                     
00000154  ADC12MEM10                    
00000156  ADC12MEM11                    
00000158  ADC12MEM12                    
0000015a  ADC12MEM13                    
0000015c  ADC12MEM14                    
0000015e  ADC12MEM15                    
00000144  ADC12MEM2                     
00000146  ADC12MEM3                     
00000148  ADC12MEM4                     
0000014a  ADC12MEM5                     
0000014c  ADC12MEM6                     
0000014e  ADC12MEM7                     
00000150  ADC12MEM8                     
00000152  ADC12MEM9                     
00000057  BCSCTL1                       
00000058  BCSCTL2                       
000064dc  C$$EXIT                       
00000059  CACTL1                        
0000005a  CACTL2                        
0000005b  CAPD                          
00000056  DCOCTL                        
00006504  F8X16                         
00000128  FCTL1                         
0000012a  FCTL2                         
0000012c  FCTL3                         
00006af4  Hzk                           
00000000  IE1                           
00000001  IE2                           
00000002  IFG1                          
00000003  IFG2                          
00000134  MAC                           
00000136  MACS                          
00000004  ME1                           
00000005  ME2                           
00000130  MPY                           
00000132  MPYS                          
00000138  OP2                           
00000022  P1DIR                         
00000025  P1IE                          
00000024  P1IES                         
00000023  P1IFG                         
00000020  P1IN                          
00000021  P1OUT                         
00000026  P1SEL                         
0000002a  P2DIR                         
0000002d  P2IE                          
0000002c  P2IES                         
0000002b  P2IFG                         
00000028  P2IN                          
00000029  P2OUT                         
0000002e  P2SEL                         
0000001a  P3DIR                         
00000018  P3IN                          
00000019  P3OUT                         
0000001b  P3SEL                         
0000001e  P4DIR                         
0000001c  P4IN                          
0000001d  P4OUT                         
0000001f  P4SEL                         
00000032  P5DIR                         
00000030  P5IN                          
00000031  P5OUT                         
00000033  P5SEL                         
00000036  P6DIR                         
00000034  P6IN                          
00000035  P6OUT                         
00000037  P6SEL                         
0000013c  RESHI                         
0000013a  RESLO                         
0000013e  SUMEXT                        
00000172  TACCR0                        
00000174  TACCR1                        
00000176  TACCR2                        
00000162  TACCTL0                       
00000164  TACCTL1                       
00000166  TACCTL2                       
00000160  TACTL                         
0000012e  TAIV                          
00000170  TAR                           
00000192  TBCCR0                        
00000194  TBCCR1                        
00000196  TBCCR2                        
00000198  TBCCR3                        
0000019a  TBCCR4                        
0000019c  TBCCR5                        
0000019e  TBCCR6                        
00000182  TBCCTL0                       
00000184  TBCCTL1                       
00000186  TBCCTL2                       
00000188  TBCCTL3                       
0000018a  TBCCTL4                       
0000018c  TBCCTL5                       
0000018e  TBCCTL6                       
00000180  TBCTL                         
0000011e  TBIV                          
00000190  TBR                           
00000074  U0BR0                         
00000075  U0BR1                         
00000070  U0CTL                         
00000073  U0MCTL                        
00000072  U0RCTL                        
00000076  U0RXBUF                       
00000071  U0TCTL                        
00000077  U0TXBUF                       
0000007c  U1BR0                         
0000007d  U1BR1                         
00000078  U1CTL                         
0000007b  U1MCTL                        
0000007a  U1RCTL                        
0000007e  U1RXBUF                       
00000079  U1TCTL                        
0000007f  U1TXBUF                       
00005ed4  UART0_RXISR                   
00000120  WDTCTL                        
00000a00  __STACK_END                   
00000400  __STACK_SIZE                  
00000100  __SYSMEM_SIZE                 
00006fe4  __TI_CINIT_Base               
00006fec  __TI_CINIT_Limit              
00006fda  __TI_Handler_Table_Base       
00006fe0  __TI_Handler_Table_Limit      
000064c4  __TI_ISR_TRAP                 
00005caa  __TI_auto_init_nobinit_nopinit
0000529a  __TI_decompress_lzss          
0000639a  __TI_decompress_none          
0000234e  __TI_frcaddd                  
00001100  __TI_frcdivd                  
00001e5a  __TI_frcmpyd                  
0000ffe2  __TI_int01                    
0000ffe4  __TI_int02                    
0000ffe6  __TI_int03                    
0000ffe8  __TI_int04                    
0000ffea  __TI_int05                    
0000ffec  __TI_int06                    
0000ffee  __TI_int07                    
0000fff0  __TI_int08                    
0000fff2  __TI_int09                    
0000fff4  __TI_int10                    
0000fff6  __TI_int11                    
0000fff8  __TI_int12                    
0000fffa  __TI_int13                    
0000fffc  __TI_int14                    
ffffffff  __TI_pprof_out_hndl           
00001bd2  __TI_printfi                  
ffffffff  __TI_prof_data_size           
ffffffff  __TI_prof_data_start          
00004958  __TI_renormd                  
000062fc  __TI_zero_init_nomemset       
ffffffff  __c_args__                    
000018d8  __mspabi_addd                 
0000462e  __mspabi_cmpd                 
00005bd6  __mspabi_cmpf                 
0000540a  __mspabi_cvtfd                
00002efc  __mspabi_divd                 
00004eda  __mspabi_divf                 
00005d70  __mspabi_divli                
000062d0  __mspabi_divu                 
000059a2  __mspabi_divul                
00001578  __mspabi_divull               
0000618c  __mspabi_fixdi                
0000547c  __mspabi_fixdli               
0000521c  __mspabi_fixfli               
0000646e  __mspabi_fltid                
00005f0a  __mspabi_fltif                
00004ce2  __mspabi_fltlid               
00006432  __mspabi_func_epilog_1        
00006430  __mspabi_func_epilog_2        
0000642e  __mspabi_func_epilog_3        
0000642c  __mspabi_func_epilog_4        
0000642a  __mspabi_func_epilog_5        
00006428  __mspabi_func_epilog_6        
00006426  __mspabi_func_epilog_7        
000020e0  __mspabi_mpyd                 
00004894  __mspabi_mpyf                 
00006338  __mspabi_mpyi_hw              
0000602a  __mspabi_mpyl_hw              
00006138  __mspabi_negd                 
000064ba  __mspabi_negf                 
00005d70  __mspabi_remli                
000062d0  __mspabi_remu                 
000059a2  __mspabi_remul                
0000610c  __mspabi_slli                 
00006134  __mspabi_slli_1               
00006122  __mspabi_slli_10              
00006120  __mspabi_slli_11              
0000611e  __mspabi_slli_12              
0000611c  __mspabi_slli_13              
0000611a  __mspabi_slli_14              
00006118  __mspabi_slli_15              
00006132  __mspabi_slli_2               
00006130  __mspabi_slli_3               
0000612e  __mspabi_slli_4               
0000612c  __mspabi_slli_5               
0000612a  __mspabi_slli_6               
00006128  __mspabi_slli_7               
00006126  __mspabi_slli_8               
00006124  __mspabi_slli_9               
00006416  __mspabi_slll                 
00005e26  __mspabi_slll_1               
00005e02  __mspabi_slll_10              
00005dfe  __mspabi_slll_11              
00005dfa  __mspabi_slll_12              
00005df6  __mspabi_slll_13              
00005df2  __mspabi_slll_14              
00005dee  __mspabi_slll_15              
00005e22  __mspabi_slll_2               
00005e1e  __mspabi_slll_3               
00005e1a  __mspabi_slll_4               
00005e16  __mspabi_slll_5               
00005e12  __mspabi_slll_6               
00005e0e  __mspabi_slll_7               
00005e0a  __mspabi_slll_8               
00005e06  __mspabi_slll_9               
00005c66  __mspabi_sllll                
000060e0  __mspabi_srai                 
00006108  __mspabi_srai_1               
000060f6  __mspabi_srai_10              
000060f4  __mspabi_srai_11              
000060f2  __mspabi_srai_12              
000060f0  __mspabi_srai_13              
000060ee  __mspabi_srai_14              
000060ec  __mspabi_srai_15              
00006106  __mspabi_srai_2               
00006104  __mspabi_srai_3               
00006102  __mspabi_srai_4               
00006100  __mspabi_srai_5               
000060fe  __mspabi_srai_6               
000060fc  __mspabi_srai_7               
000060fa  __mspabi_srai_8               
000060f8  __mspabi_srai_9               
00006406  __mspabi_sral                 
00005de8  __mspabi_sral_1               
00005dc4  __mspabi_sral_10              
00005dc0  __mspabi_sral_11              
00005dbc  __mspabi_sral_12              
00005db8  __mspabi_sral_13              
00005db4  __mspabi_sral_14              
00005db0  __mspabi_sral_15              
00005de4  __mspabi_sral_2               
00005de0  __mspabi_sral_3               
00005ddc  __mspabi_sral_4               
00005dd8  __mspabi_sral_5               
00005dd4  __mspabi_sral_6               
00005dd0  __mspabi_sral_7               
00005dcc  __mspabi_sral_8               
00005dc8  __mspabi_sral_9               
00005b8a  __mspabi_srli                 
00005bd0  __mspabi_srli_1               
00005bac  __mspabi_srli_10              
00005ba8  __mspabi_srli_11              
00005ba4  __mspabi_srli_12              
00005ba0  __mspabi_srli_13              
00005b9c  __mspabi_srli_14              
00005b98  __mspabi_srli_15              
00005bcc  __mspabi_srli_2               
00005bc8  __mspabi_srli_3               
00005bc4  __mspabi_srli_4               
00005bc0  __mspabi_srli_5               
00005bbc  __mspabi_srli_6               
00005bb8  __mspabi_srli_7               
00005bb4  __mspabi_srli_8               
00005bb0  __mspabi_srli_9               
000063be  __mspabi_srll                 
0000593e  __mspabi_srll_1               
00005908  __mspabi_srll_10              
00005902  __mspabi_srll_11              
000058fc  __mspabi_srll_12              
000058f6  __mspabi_srll_13              
000058f0  __mspabi_srll_14              
000058ea  __mspabi_srll_15              
00005938  __mspabi_srll_2               
00005932  __mspabi_srll_3               
0000592c  __mspabi_srll_4               
00005926  __mspabi_srll_5               
00005920  __mspabi_srll_6               
0000591a  __mspabi_srll_7               
00005914  __mspabi_srll_8               
0000590e  __mspabi_srll_9               
00005c20  __mspabi_srlll                
00005fa0  __mspabi_subd                 
00006234  _c_int00_noargs               
00006cb4  _ctypes_                      
000003f2  _lock                         
000064fe  _nop                          
0000fffe  _reset_vector                 
00000600  _stack                        
00000200  _sys_memory                   
00006500  _system_post_cinit            
000064fa  _system_pre_init              
000003f4  _unlock                       
000064dc  abort                         
00006492  abs                           
00005a50  atoi                          
000003e4  cmd_at_air_mode               
000003e0  cmd_at_connect_to_wifi        
000003de  cmd_at_hoc_mode               
000003dc  cmd_at_mode                   
000003ea  cmd_at_reset                  
000003e8  cmd_at_set_ip                 
000003e6  cmd_at_start                  
000003e2  cmd_at_user_ssid_passwd       
00005fce  copysign                      
00005fce  copysignl                     
00006db6  crc_table                     
000025ae  dht11_float_2_ascii           
0000470a  dht11_get_all_value           
0000563a  dht11_get_humi_float          
000056a0  dht11_get_temp_float          
000061f8  dht11_init                    
000057d0  dht11_new_device              
00006436  dht11_pin_set                 
00006310  dht11_read_bit                
00005b3e  dht11_read_byte               
000064cc  dht11_read_line               
000055d0  dht11_read_sensor             
00005e2c  dht11_reset                   
000064d4  dht11_scan                    
00006250  ds18b20_check_crc             
000054ee  ds18b20_config                
0000280a  ds18b20_float_2_ascii         
00004e3a  ds18b20_get_temp              
000062ba  ds18b20_hw_read_line          
0000649c  ds18b20_hw_set_high           
000064a6  ds18b20_hw_set_low            
00005af0  ds18b20_init                  
0000511a  ds18b20_new_device            
00005560  ds18b20_pin_set               
0000582e  ds18b20_read_byte             
00006162  ds18b20_read_bytes            
00006216  ds18b20_read_id               
00006502  ds18b20_reset                 
00005ffc  ds18b20_save_temp_string      
000059fa  ds18b20_write_byte            
000003f6  errno                         
00004074  esp8266_init                  
00004a16  esp8266_write_to_host         
00004b84  frexp                         
00004b84  frexpl                        
00000350  i2c_dev                       
000061b4  i2c_init                      
000063ac  i2c_start                     
00006444  i2c_stop                      
000064b0  i2c_wait_ack                  
000060b4  i2c_write_byte                
000003ec  is_enable_send                
00003db2  ldexp                         
00003db2  ldexpl                        
000064e2  led_clear                     
000063d0  led_init                      
000064e8  led_set                       
00005096  ltoa                          
00003f1c  main                          
00004ad2  malloc                        
00006286  memccpy                       
000063e2  memcpy                        
00006324  memset                        
00005e64  minit                         
0000588c  oled_clear                    
0000039c  oled_dev                      
000003da  oled_dev_handle               
00005f40  oled_display_off              
00005f70  oled_display_on               
00005946  oled_init                     
000038e6  oled_init_device              
0000647a  oled_pin_init                 
000061d6  oled_pow                      
00005cec  oled_set_pos                  
0000519c  oled_showchar                 
00005390  oled_showchinese              
00004c34  oled_shownum                  
00005d2e  oled_showstring               
000063f4  oled_wr_byte                  
0000576c  oled_write_command            
00005706  oled_write_data               
00000300  rx_buffer                     
000003ee  rx_count                      
00003db2  scalbn                        
00003db2  scalbnl                       
000064ee  scia_msg                      
000064f4  scia_xmit                     
00005e9c  sprintf                       
000062a0  strchr                        
00006452  strlen                        
0000634c  system_clk_init               
00006486  toupper                       
00006058  uart_0_init                   
00006460  uart_0_put_char               
000062e6  uart_0_send_str               
00006086  uart_1_init                   
00006360  uart_gpio_init                
00006374  wcslen                        


GLOBAL SYMBOLS: SORTED BY Symbol Address 

address   name                          
-------   ----                          
00000000  IE1                           
00000001  IE2                           
00000002  IFG1                          
00000003  IFG2                          
00000004  ME1                           
00000005  ME2                           
00000018  P3IN                          
00000019  P3OUT                         
0000001a  P3DIR                         
0000001b  P3SEL                         
0000001c  P4IN                          
0000001d  P4OUT                         
0000001e  P4DIR                         
0000001f  P4SEL                         
00000020  P1IN                          
00000021  P1OUT                         
00000022  P1DIR                         
00000023  P1IFG                         
00000024  P1IES                         
00000025  P1IE                          
00000026  P1SEL                         
00000028  P2IN                          
00000029  P2OUT                         
0000002a  P2DIR                         
0000002b  P2IFG                         
0000002c  P2IES                         
0000002d  P2IE                          
0000002e  P2SEL                         
00000030  P5IN                          
00000031  P5OUT                         
00000032  P5DIR                         
00000033  P5SEL                         
00000034  P6IN                          
00000035  P6OUT                         
00000036  P6DIR                         
00000037  P6SEL                         
00000056  DCOCTL                        
00000057  BCSCTL1                       
00000058  BCSCTL2                       
00000059  CACTL1                        
0000005a  CACTL2                        
0000005b  CAPD                          
00000070  U0CTL                         
00000071  U0TCTL                        
00000072  U0RCTL                        
00000073  U0MCTL                        
00000074  U0BR0                         
00000075  U0BR1                         
00000076  U0RXBUF                       
00000077  U0TXBUF                       
00000078  U1CTL                         
00000079  U1TCTL                        
0000007a  U1RCTL                        
0000007b  U1MCTL                        
0000007c  U1BR0                         
0000007d  U1BR1                         
0000007e  U1RXBUF                       
0000007f  U1TXBUF                       
00000080  ADC12MCTL0                    
00000081  ADC12MCTL1                    
00000082  ADC12MCTL2                    
00000083  ADC12MCTL3                    
00000084  ADC12MCTL4                    
00000085  ADC12MCTL5                    
00000086  ADC12MCTL6                    
00000087  ADC12MCTL7                    
00000088  ADC12MCTL8                    
00000089  ADC12MCTL9                    
0000008a  ADC12MCTL10                   
0000008b  ADC12MCTL11                   
0000008c  ADC12MCTL12                   
0000008d  ADC12MCTL13                   
0000008e  ADC12MCTL14                   
0000008f  ADC12MCTL15                   
00000100  __SYSMEM_SIZE                 
0000011e  TBIV                          
00000120  WDTCTL                        
00000128  FCTL1                         
0000012a  FCTL2                         
0000012c  FCTL3                         
0000012e  TAIV                          
00000130  MPY                           
00000132  MPYS                          
00000134  MAC                           
00000136  MACS                          
00000138  OP2                           
0000013a  RESLO                         
0000013c  RESHI                         
0000013e  SUMEXT                        
00000140  ADC12MEM0                     
00000142  ADC12MEM1                     
00000144  ADC12MEM2                     
00000146  ADC12MEM3                     
00000148  ADC12MEM4                     
0000014a  ADC12MEM5                     
0000014c  ADC12MEM6                     
0000014e  ADC12MEM7                     
00000150  ADC12MEM8                     
00000152  ADC12MEM9                     
00000154  ADC12MEM10                    
00000156  ADC12MEM11                    
00000158  ADC12MEM12                    
0000015a  ADC12MEM13                    
0000015c  ADC12MEM14                    
0000015e  ADC12MEM15                    
00000160  TACTL                         
00000162  TACCTL0                       
00000164  TACCTL1                       
00000166  TACCTL2                       
00000170  TAR                           
00000172  TACCR0                        
00000174  TACCR1                        
00000176  TACCR2                        
00000180  TBCTL                         
00000182  TBCCTL0                       
00000184  TBCCTL1                       
00000186  TBCCTL2                       
00000188  TBCCTL3                       
0000018a  TBCCTL4                       
0000018c  TBCCTL5                       
0000018e  TBCCTL6                       
00000190  TBR                           
00000192  TBCCR0                        
00000194  TBCCR1                        
00000196  TBCCR2                        
00000198  TBCCR3                        
0000019a  TBCCR4                        
0000019c  TBCCR5                        
0000019e  TBCCR6                        
000001a0  ADC12CTL0                     
000001a2  ADC12CTL1                     
000001a4  ADC12IFG                      
000001a6  ADC12IE                       
000001a8  ADC12IV                       
00000200  _sys_memory                   
00000300  rx_buffer                     
00000350  i2c_dev                       
0000039c  oled_dev                      
000003da  oled_dev_handle               
000003dc  cmd_at_mode                   
000003de  cmd_at_hoc_mode               
000003e0  cmd_at_connect_to_wifi        
000003e2  cmd_at_user_ssid_passwd       
000003e4  cmd_at_air_mode               
000003e6  cmd_at_start                  
000003e8  cmd_at_set_ip                 
000003ea  cmd_at_reset                  
000003ec  is_enable_send                
000003ee  rx_count                      
000003f2  _lock                         
000003f4  _unlock                       
000003f6  errno                         
00000400  __STACK_SIZE                  
00000600  _stack                        
00000a00  __STACK_END                   
00001100  __TI_frcdivd                  
00001578  __mspabi_divull               
000018d8  __mspabi_addd                 
00001bd2  __TI_printfi                  
00001e5a  __TI_frcmpyd                  
000020e0  __mspabi_mpyd                 
0000234e  __TI_frcaddd                  
000025ae  dht11_float_2_ascii           
0000280a  ds18b20_float_2_ascii         
00002efc  __mspabi_divd                 
000038e6  oled_init_device              
00003db2  ldexp                         
00003db2  ldexpl                        
00003db2  scalbn                        
00003db2  scalbnl                       
00003f1c  main                          
00004074  esp8266_init                  
0000462e  __mspabi_cmpd                 
0000470a  dht11_get_all_value           
00004894  __mspabi_mpyf                 
00004958  __TI_renormd                  
00004a16  esp8266_write_to_host         
00004ad2  malloc                        
00004b84  frexp                         
00004b84  frexpl                        
00004c34  oled_shownum                  
00004ce2  __mspabi_fltlid               
00004e3a  ds18b20_get_temp              
00004eda  __mspabi_divf                 
00005096  ltoa                          
0000511a  ds18b20_new_device            
0000519c  oled_showchar                 
0000521c  __mspabi_fixfli               
0000529a  __TI_decompress_lzss          
00005390  oled_showchinese              
0000540a  __mspabi_cvtfd                
0000547c  __mspabi_fixdli               
000054ee  ds18b20_config                
00005560  ds18b20_pin_set               
000055d0  dht11_read_sensor             
0000563a  dht11_get_humi_float          
000056a0  dht11_get_temp_float          
00005706  oled_write_data               
0000576c  oled_write_command            
000057d0  dht11_new_device              
0000582e  ds18b20_read_byte             
0000588c  oled_clear                    
000058ea  __mspabi_srll_15              
000058f0  __mspabi_srll_14              
000058f6  __mspabi_srll_13              
000058fc  __mspabi_srll_12              
00005902  __mspabi_srll_11              
00005908  __mspabi_srll_10              
0000590e  __mspabi_srll_9               
00005914  __mspabi_srll_8               
0000591a  __mspabi_srll_7               
00005920  __mspabi_srll_6               
00005926  __mspabi_srll_5               
0000592c  __mspabi_srll_4               
00005932  __mspabi_srll_3               
00005938  __mspabi_srll_2               
0000593e  __mspabi_srll_1               
00005946  oled_init                     
000059a2  __mspabi_divul                
000059a2  __mspabi_remul                
000059fa  ds18b20_write_byte            
00005a50  atoi                          
00005af0  ds18b20_init                  
00005b3e  dht11_read_byte               
00005b8a  __mspabi_srli                 
00005b98  __mspabi_srli_15              
00005b9c  __mspabi_srli_14              
00005ba0  __mspabi_srli_13              
00005ba4  __mspabi_srli_12              
00005ba8  __mspabi_srli_11              
00005bac  __mspabi_srli_10              
00005bb0  __mspabi_srli_9               
00005bb4  __mspabi_srli_8               
00005bb8  __mspabi_srli_7               
00005bbc  __mspabi_srli_6               
00005bc0  __mspabi_srli_5               
00005bc4  __mspabi_srli_4               
00005bc8  __mspabi_srli_3               
00005bcc  __mspabi_srli_2               
00005bd0  __mspabi_srli_1               
00005bd6  __mspabi_cmpf                 
00005c20  __mspabi_srlll                
00005c66  __mspabi_sllll                
00005caa  __TI_auto_init_nobinit_nopinit
00005cec  oled_set_pos                  
00005d2e  oled_showstring               
00005d70  __mspabi_divli                
00005d70  __mspabi_remli                
00005db0  __mspabi_sral_15              
00005db4  __mspabi_sral_14              
00005db8  __mspabi_sral_13              
00005dbc  __mspabi_sral_12              
00005dc0  __mspabi_sral_11              
00005dc4  __mspabi_sral_10              
00005dc8  __mspabi_sral_9               
00005dcc  __mspabi_sral_8               
00005dd0  __mspabi_sral_7               
00005dd4  __mspabi_sral_6               
00005dd8  __mspabi_sral_5               
00005ddc  __mspabi_sral_4               
00005de0  __mspabi_sral_3               
00005de4  __mspabi_sral_2               
00005de8  __mspabi_sral_1               
00005dee  __mspabi_slll_15              
00005df2  __mspabi_slll_14              
00005df6  __mspabi_slll_13              
00005dfa  __mspabi_slll_12              
00005dfe  __mspabi_slll_11              
00005e02  __mspabi_slll_10              
00005e06  __mspabi_slll_9               
00005e0a  __mspabi_slll_8               
00005e0e  __mspabi_slll_7               
00005e12  __mspabi_slll_6               
00005e16  __mspabi_slll_5               
00005e1a  __mspabi_slll_4               
00005e1e  __mspabi_slll_3               
00005e22  __mspabi_slll_2               
00005e26  __mspabi_slll_1               
00005e2c  dht11_reset                   
00005e64  minit                         
00005e9c  sprintf                       
00005ed4  UART0_RXISR                   
00005f0a  __mspabi_fltif                
00005f40  oled_display_off              
00005f70  oled_display_on               
00005fa0  __mspabi_subd                 
00005fce  copysign                      
00005fce  copysignl                     
00005ffc  ds18b20_save_temp_string      
0000602a  __mspabi_mpyl_hw              
00006058  uart_0_init                   
00006086  uart_1_init                   
000060b4  i2c_write_byte                
000060e0  __mspabi_srai                 
000060ec  __mspabi_srai_15              
000060ee  __mspabi_srai_14              
000060f0  __mspabi_srai_13              
000060f2  __mspabi_srai_12              
000060f4  __mspabi_srai_11              
000060f6  __mspabi_srai_10              
000060f8  __mspabi_srai_9               
000060fa  __mspabi_srai_8               
000060fc  __mspabi_srai_7               
000060fe  __mspabi_srai_6               
00006100  __mspabi_srai_5               
00006102  __mspabi_srai_4               
00006104  __mspabi_srai_3               
00006106  __mspabi_srai_2               
00006108  __mspabi_srai_1               
0000610c  __mspabi_slli                 
00006118  __mspabi_slli_15              
0000611a  __mspabi_slli_14              
0000611c  __mspabi_slli_13              
0000611e  __mspabi_slli_12              
00006120  __mspabi_slli_11              
00006122  __mspabi_slli_10              
00006124  __mspabi_slli_9               
00006126  __mspabi_slli_8               
00006128  __mspabi_slli_7               
0000612a  __mspabi_slli_6               
0000612c  __mspabi_slli_5               
0000612e  __mspabi_slli_4               
00006130  __mspabi_slli_3               
00006132  __mspabi_slli_2               
00006134  __mspabi_slli_1               
00006138  __mspabi_negd                 
00006162  ds18b20_read_bytes            
0000618c  __mspabi_fixdi                
000061b4  i2c_init                      
000061d6  oled_pow                      
000061f8  dht11_init                    
00006216  ds18b20_read_id               
00006234  _c_int00_noargs               
00006250  ds18b20_check_crc             
00006286  memccpy                       
000062a0  strchr                        
000062ba  ds18b20_hw_read_line          
000062d0  __mspabi_divu                 
000062d0  __mspabi_remu                 
000062e6  uart_0_send_str               
000062fc  __TI_zero_init_nomemset       
00006310  dht11_read_bit                
00006324  memset                        
00006338  __mspabi_mpyi_hw              
0000634c  system_clk_init               
00006360  uart_gpio_init                
00006374  wcslen                        
0000639a  __TI_decompress_none          
000063ac  i2c_start                     
000063be  __mspabi_srll                 
000063d0  led_init                      
000063e2  memcpy                        
000063f4  oled_wr_byte                  
00006406  __mspabi_sral                 
00006416  __mspabi_slll                 
00006426  __mspabi_func_epilog_7        
00006428  __mspabi_func_epilog_6        
0000642a  __mspabi_func_epilog_5        
0000642c  __mspabi_func_epilog_4        
0000642e  __mspabi_func_epilog_3        
00006430  __mspabi_func_epilog_2        
00006432  __mspabi_func_epilog_1        
00006436  dht11_pin_set                 
00006444  i2c_stop                      
00006452  strlen                        
00006460  uart_0_put_char               
0000646e  __mspabi_fltid                
0000647a  oled_pin_init                 
00006486  toupper                       
00006492  abs                           
0000649c  ds18b20_hw_set_high           
000064a6  ds18b20_hw_set_low            
000064b0  i2c_wait_ack                  
000064ba  __mspabi_negf                 
000064c4  __TI_ISR_TRAP                 
000064cc  dht11_read_line               
000064d4  dht11_scan                    
000064dc  C$$EXIT                       
000064dc  abort                         
000064e2  led_clear                     
000064e8  led_set                       
000064ee  scia_msg                      
000064f4  scia_xmit                     
000064fa  _system_pre_init              
000064fe  _nop                          
00006500  _system_post_cinit            
00006502  ds18b20_reset                 
00006504  F8X16                         
00006af4  Hzk                           
00006cb4  _ctypes_                      
00006db6  crc_table                     
00006fda  __TI_Handler_Table_Base       
00006fe0  __TI_Handler_Table_Limit      
00006fe4  __TI_CINIT_Base               
00006fec  __TI_CINIT_Limit              
0000ffe2  __TI_int01                    
0000ffe4  __TI_int02                    
0000ffe6  __TI_int03                    
0000ffe8  __TI_int04                    
0000ffea  __TI_int05                    
0000ffec  __TI_int06                    
0000ffee  __TI_int07                    
0000fff0  __TI_int08                    
0000fff2  __TI_int09                    
0000fff4  __TI_int10                    
0000fff6  __TI_int11                    
0000fff8  __TI_int12                    
0000fffa  __TI_int13                    
0000fffc  __TI_int14                    
0000fffe  _reset_vector                 
ffffffff  __TI_pprof_out_hndl           
ffffffff  __TI_prof_data_size           
ffffffff  __TI_prof_data_start          
ffffffff  __c_args__                    

[414 symbols]
