******************************************************************************
                  MSP430 Linker PC v18.12.1                    
******************************************************************************
>> Linked Wed Apr 17 13:25:09 2019

OUTPUT FILE NAME:   <C03_TEMP_HUMI_SOCKET_MSP430_CCS8_3.out>
ENTRY POINT SYMBOL: "_c_int00_noargs"  address: 000062ee


MEMORY CONFIGURATION

         name            origin    length      used     unused   attr    fill
----------------------  --------  ---------  --------  --------  ----  --------
  SFR                   00000000   00000010  00000000  00000010  RWIX
  PERIPHERALS_8BIT      00000010   000000f0  00000000  000000f0  RWIX
  PERIPHERALS_16BIT     00000100   00000100  00000000  00000100  RWIX
  RAM                   00000200   00000800  000005f6  0000020a  RWIX
  INFOB                 00001000   00000080  00000000  00000080  RWIX
  INFOA                 00001080   00000080  00000000  00000080  RWIX
  FLASH                 00001100   0000eee0  00005fc8  00008f18  RWIX
  INT00                 0000ffe0   00000002  00000000  00000002  RWIX
  INT01                 0000ffe2   00000002  00000002  00000000  RWIX
  INT02                 0000ffe4   00000002  00000002  00000000  RWIX
  INT03                 0000ffe6   00000002  00000002  00000000  RWIX
  INT04                 0000ffe8   00000002  00000002  00000000  RWIX
  INT05                 0000ffea   00000002  00000002  00000000  RWIX
  INT06                 0000ffec   00000002  00000002  00000000  RWIX
  INT07                 0000ffee   00000002  00000002  00000000  RWIX
  INT08                 0000fff0   00000002  00000002  00000000  RWIX
  INT09                 0000fff2   00000002  00000002  00000000  RWIX
  INT10                 0000fff4   00000002  00000002  00000000  RWIX
  INT11                 0000fff6   00000002  00000002  00000000  RWIX
  INT12                 0000fff8   00000002  00000002  00000000  RWIX
  INT13                 0000fffa   00000002  00000002  00000000  RWIX
  INT14                 0000fffc   00000002  00000002  00000000  RWIX
  RESET                 0000fffe   00000002  00000002  00000000  RWIX


SECTION ALLOCATION MAP

 output                                  attributes/
section   page    origin      length       input sections
--------  ----  ----------  ----------   ----------------
.bss       0    00000300    000000d8     UNINITIALIZED
                  00000300    00000050     (.common:rx_buffer)
                  00000350    0000004c     (.common:i2c_dev)
                  0000039c    00000038     (.common:oled_dev)
                  000003d4    00000002     rts430_eabi.lib : memory.c.obj (.bss)
                  000003d6    00000002     (.common:oled_dev_handle)

.data      0    000003d8    0000001e     UNINITIALIZED
                  000003d8    00000011     esp8266.obj (.data)
                  000003e9    00000001     --HOLE--
                  000003ea    00000004     sci.obj (.data)
                  000003ee    00000002     rts430_eabi.lib : _lock.c.obj (.data:_lock)
                  000003f0    00000002                     : _lock.c.obj (.data:_unlock)
                  000003f2    00000002                     : errno.c.obj (.data)
                  000003f4    00000002                     : memory.c.obj (.data)

.sysmem    0    00000200    00000100     UNINITIALIZED
                  00000200    00000008     rts430_eabi.lib : memory.c.obj (.sysmem)
                  00000208    000000f8     --HOLE--

.stack     0    00000600    00000400     UNINITIALIZED
                  00000600    00000002     rts430_eabi.lib : boot.c.obj (.stack)
                  00000602    000003fe     --HOLE--

.text      0    00001100    000054e2     
                  00001100    00000478     rts430_eabi.lib : frcdivd.c.obj (.text:__TI_frcdivd)
                  00001578    00000360                     : div64u.c.obj (.text:__mspabi_divull)
                  000018d8    000002fa                     : addd.c.obj (.text:__mspabi_addd)
                  00001bd2    00000288                     : _printfi.c.obj (.text:__TI_printfi)
                  00001e5a    00000286                     : frcmpyd.c.obj (.text:__TI_frcmpyd)
                  000020e0    0000026e                     : mpyd.c.obj (.text:__mspabi_mpyd)
                  0000234e    0000026e                     : _printfi.c.obj (.text:_pproc_fgea)
                  000025bc    00000260                     : frcaddd.c.obj (.text:__TI_frcaddd)
                  0000281c    0000025c     dht11.obj (.text:dht11_float_2_ascii)
                  00002a78    0000025c     ds18b20.obj (.text:ds18b20_float_2_ascii)
                  00002cd4    00000252     rts430_eabi.lib : _printfi.c.obj (.text:_setfield)
                  00002f26    00000244                     : _printfi.c.obj (.text:acvt)
                  0000316a    00000238                     : divd.c.obj (.text:__mspabi_divd)
                  000033a2    000001ec                     : _printfi.c.obj (.text:_getarg_diouxp)
                  0000358e    000001de                     : _printfi.c.obj (.text:ecvt)
                  0000376c    000001c4                     : _printfi.c.obj (.text:fcvt)
                  00003930    000001b2     oled.obj (.text:oled_init_device)
                  00003ae2    000001a6     rts430_eabi.lib : _printfi.c.obj (.text:_pconv_e)
                  00003c88    00000174                     : _printfi.c.obj (.text:_pconv_a)
                  00003dfc    0000016a                     : s_scalbn.c.obj (.text:scalbn)
                  00003f66    00000158     main.obj (.text:main)
                  000040be    00000150     esp8266.obj (.text:esp8266_init)
                  0000420e    0000014c     rts430_eabi.lib : _printfi.c.obj (.text:_pproc_diouxp)
                  0000435a    0000012e                     : _printfi.c.obj (.text:_ltostr)
                  00004488    000000f8                     : _printfi.c.obj (.text:_pconv_g)
                  00004580    000000e6                     : memory.c.obj (.text:aligned_alloc)
                  00004666    000000e0                     : _printfi.c.obj (.text:_pproc_fwp)
                  00004746    000000dc                     : cmpd.c.obj (.text:__mspabi_cmpd)
                  00004822    000000c6     dht11.obj (.text:dht11_get_all_value)
                  000048e8    000000c4     rts430_eabi.lib : _printfi.c.obj (.text:_pproc_wstr)
                  000049ac    000000c4                     : fs_mpy.asm.obj (.text)
                  00004a70    000000be                     : renormd.c.obj (.text:__TI_renormd)
                  00004b2e    000000bc     esp8266.obj (.text:esp8266_write_to_host)
                  00004bea    000000b0     rts430_eabi.lib : s_frexp.c.obj (.text:frexp)
                  00004c9a    000000ae     oled.obj (.text:oled_shownum)
                  00004d48    000000ac     rts430_eabi.lib : fltlid.c.obj (.text:__mspabi_fltlid)
                  00004df4    000000ac                     : _printfi.c.obj (.text:_pproc_str)
                  00004ea0    000000a0     ds18b20.obj (.text:ds18b20_get_temp)
                  00004f40    0000009c     rts430_eabi.lib : fs_div.asm.obj (.text)
                  00004fdc    00000092                     : _printfi.c.obj (.text:_mcpy)
                  0000506e    0000008e                     : _printfi.c.obj (.text:_ecpy)
                  000050fc    00000084                     : ltoa.c.obj (.text:ltoa)
                  00005180    00000082     ds18b20.obj (.text:ds18b20_new_device)
                  00005202    00000080     oled.obj (.text:oled_showchar)
                  00005282    0000007e     rts430_eabi.lib : fs_tol.asm.obj (.text)
                  00005300    0000007c                     : copy_decompress_lzss.c.obj (.text:decompress:lzss:__TI_decompress_lzss)
                  0000537c    0000007a                     : _printfi.c.obj (.text:_pconv_f)
                  000053f6    0000007a     oled.obj (.text:oled_showchinese)
                  00005470    00000072     rts430_eabi.lib : fixdli.c.obj (.text:__mspabi_fixdli)
                  000054e2    00000072     ds18b20.obj (.text:ds18b20_config)
                  00005554    00000070     ds18b20.obj (.text:ds18b20_pin_set)
                  000055c4    0000006e     rts430_eabi.lib : memory.c.obj (.text:split)
                  00005632    0000006a     dht11.obj (.text:dht11_read_sensor)
                  0000569c    00000068     rts430_eabi.lib : cvtfd.c.obj (.text:__mspabi_cvtfd)
                  00005704    00000066     dht11.obj (.text:dht11_get_humi_float)
                  0000576a    00000066     dht11.obj (.text:dht11_get_temp_float)
                  000057d0    00000066     oled.obj (.text:oled_write_data)
                  00005836    00000064     oled.obj (.text:oled_write_command)
                  0000589a    0000005e     dht11.obj (.text:dht11_new_device)
                  000058f8    0000005e     ds18b20.obj (.text:ds18b20_read_byte)
                  00005956    0000005e     oled.obj (.text:oled_clear)
                  000059b4    0000005c     rts430_eabi.lib : lsr32.asm.obj (.text:l_lsr_const)
                  00005a10    0000005c     oled.obj (.text:oled_init)
                  00005a6c    00000058     rts430_eabi.lib : div32u.asm.obj (.text)
                  00005ac4    00000056     ds18b20.obj (.text:ds18b20_write_byte)
                  00005b1a    00000052     rts430_eabi.lib : atoi.c.obj (.text:atoi)
                  00005b6c    0000004e                     : _printfi.c.obj (.text:_fcpy)
                  00005bba    0000004e     ds18b20.obj (.text:ds18b20_init)
                  00005c08    0000004c     dht11.obj (.text:dht11_read_byte)
                  00005c54    0000004c     rts430_eabi.lib : lsr16.asm.obj (.text)
                  00005ca0    0000004a                     : fs_cmp.asm.obj (.text)
                  00005cea    00000046                     : lsr64.c.obj (.text:__mspabi_srlll)
                  00005d30    00000044                     : lsl64.c.obj (.text:__mspabi_sllll)
                  00005d74    00000042                     : autoinit.c.obj (.text:__TI_auto_init_nobinit_nopinit:__TI_auto_init_nobinit_nopinit)
                  00005db6    00000042     oled.obj (.text:oled_set_pos)
                  00005df8    00000042     oled.obj (.text:oled_showstring)
                  00005e3a    00000040     rts430_eabi.lib : div32s.asm.obj (.text)
                  00005e7a    0000003e                     : asr32.asm.obj (.text:l_asr_const)
                  00005eb8    0000003e                     : lsl32.asm.obj (.text:l_lsl_const)
                  00005ef6    00000038     dht11.obj (.text:dht11_reset)
                  00005f2e    00000038     rts430_eabi.lib : sprintf.c.obj (.text:sprintf)
                  00005f66    00000036     main.obj (.text:UART0_RXISR)
                  00005f9c    00000036     rts430_eabi.lib : fs_itof.asm.obj (.text)
                  00005fd2    00000030     oled.obj (.text:oled_display_off)
                  00006002    00000030     oled.obj (.text:oled_display_on)
                  00006032    0000002e     rts430_eabi.lib : subd.c.obj (.text:__mspabi_subd)
                  00006060    0000002e                     : s_copysign.c.obj (.text:copysign)
                  0000608e    0000002e     ds18b20.obj (.text:ds18b20_save_temp_string)
                  000060bc    0000002e     rts430_eabi.lib : mult32_hw.asm.obj (.text)
                  000060ea    0000002e     sci.obj (.text:uart_0_init)
                  00006118    0000002e     sci.obj (.text:uart_1_init)
                  00006146    0000002c     iic.obj (.text:i2c_write_byte)
                  00006172    0000002c     rts430_eabi.lib : asr16.asm.obj (.text)
                  0000619e    0000002c                     : lsl16.asm.obj (.text)
                  000061ca    0000002a                     : negd.c.obj (.text:__mspabi_negd)
                  000061f4    0000002a     ds18b20.obj (.text:ds18b20_read_bytes)
                  0000621e    00000028     rts430_eabi.lib : fixdi.c.obj (.text:__mspabi_fixdi)
                  00006246    00000028                     : memory.c.obj (.text:free_list_insert)
                  0000626e    00000022     iic.obj (.text:i2c_init)
                  00006290    00000022     oled.obj (.text:oled_pow)
                  000062b2    0000001e     dht11.obj (.text:dht11_init)
                  000062d0    0000001e     ds18b20.obj (.text:ds18b20_read_id)
                  000062ee    0000001c     rts430_eabi.lib : boot.c.obj (.text:_c_int00_noargs)
                  0000630a    0000001c     ds18b20.obj (.text:ds18b20_check_crc)
                  00006326    0000001c     rts430_eabi.lib : memory.c.obj (.text:free_list_remove)
                  00006342    0000001a                     : sprintf.c.obj (.text:_outs)
                  0000635c    0000001a                     : memccpy.c.obj (.text:memccpy)
                  00006376    0000001a                     : strchr.c.obj (.text:strchr)
                  00006390    00000016     ds18b20.obj (.text:ds18b20_hw_read_line)
                  000063a6    00000016     rts430_eabi.lib : div16u.asm.obj (.text)
                  000063bc    00000016     sci.obj (.text:uart_0_send_str)
                  000063d2    00000014     rts430_eabi.lib : copy_zero_init.c.obj (.text:decompress:ZI:__TI_zero_init_nomemset:__TI_zero_init_nomemset)
                  000063e6    00000014     dht11.obj (.text:dht11_read_bit)
                  000063fa    00000014     rts430_eabi.lib : memset.c.obj (.text:memset)
                  0000640e    00000014                     : mult16_hw.asm.obj (.text)
                  00006422    00000014     main.obj (.text:system_clk_init)
                  00006436    00000014     sci.obj (.text:uart_gpio_init)
                  0000644a    00000014     rts430_eabi.lib : wcslen.c.obj (.text:wcslen)
                  0000645e    00000012                     : sprintf.c.obj (.text:_outc)
                  00006470    00000012                     : copy_decompress_none.c.obj (.text:decompress:none:__TI_decompress_none)
                  00006482    00000012     iic.obj (.text:i2c_start)
                  00006494    00000012     rts430_eabi.lib : lsr32.asm.obj (.text:l_lsr)
                  000064a6    00000012     led.obj (.text:led_init)
                  000064b8    00000012     rts430_eabi.lib : memcpy.c.obj (.text:memcpy)
                  000064ca    00000012     oled.obj (.text:oled_wr_byte)
                  000064dc    00000010     rts430_eabi.lib : asr32.asm.obj (.text:l_asr)
                  000064ec    00000010                     : lsl32.asm.obj (.text:l_lsl)
                  000064fc    00000010                     : epilog.asm.obj (.text)
                  0000650c    0000000e     dht11.obj (.text:dht11_pin_set)
                  0000651a    0000000e     iic.obj (.text:i2c_stop)
                  00006528    0000000e     rts430_eabi.lib : strlen.c.obj (.text:strlen)
                  00006536    0000000e     sci.obj (.text:uart_0_put_char)
                  00006544    0000000c     rts430_eabi.lib : fltid.c.obj (.text:__mspabi_fltid)
                  00006550    0000000c     oled.obj (.text:oled_pin_init)
                  0000655c    0000000c     rts430_eabi.lib : toupper.c.obj (.text:toupper)
                  00006568    0000000a                     : abs.c.obj (.text:abs)
                  00006572    0000000a     ds18b20.obj (.text:ds18b20_hw_set_high)
                  0000657c    0000000a     ds18b20.obj (.text:ds18b20_hw_set_low)
                  00006586    0000000a     iic.obj (.text:i2c_wait_ack)
                  00006590    0000000a     rts430_eabi.lib : fs_neg.asm.obj (.text)
                  0000659a    00000008                     : isr_trap.asm.obj (.text:_isr:__TI_ISR_TRAP)
                  000065a2    00000008     dht11.obj (.text:dht11_read_line)
                  000065aa    00000008     dht11.obj (.text:dht11_scan)
                  000065b2    00000008     rts430_eabi.lib : memory.c.obj (.text:malloc)
                  000065ba    00000006                     : exit.c.obj (.text:abort)
                  000065c0    00000006     led.obj (.text:led_clear)
                  000065c6    00000006     led.obj (.text:led_set)
                  000065cc    00000006     esp8266.obj (.text:scia_msg)
                  000065d2    00000006     esp8266.obj (.text:scia_xmit)
                  000065d8    00000004     rts430_eabi.lib : pre_init.c.obj (.text:_system_pre_init)
                  000065dc    00000002                     : _lock.c.obj (.text:_nop)
                  000065de    00000002                     : startup.c.obj (.text:_system_post_cinit)
                  000065e0    00000002     ds18b20.obj (.text:ds18b20_reset)

.const     0    000065e2    00000ab4     
                  000065e2    000005f0     oled.obj (.const:.string:F8X16)
                  00006bd2    000001c0     oled.obj (.const:Hzk)
                  00006d92    00000101     rts430_eabi.lib : ctype.c.obj (.const:.string:_ctypes_)
                  00006e93    00000001     --HOLE-- [fill = 0]
                  00006e94    00000100     ds18b20.obj (.const:.string:crc_table)
                  00006f94    000000b4     esp8266.obj (.const:.string)
                  00007048    00000028     main.obj (.const:.string)
                  00007070    00000026     rts430_eabi.lib : _printfi.c.obj (.const:.string)

.cinit     0    00007096    00000032     
                  00007096    0000001f     (.cinit..data.load) [load image, compression = lzss]
                  000070b5    00000001     --HOLE-- [fill = 0]
                  000070b6    00000006     (__TI_handler_table)
                  000070bc    00000004     (.cinit..bss.load) [load image, compression = zero_init]
                  000070c0    00000008     (__TI_cinit_table)

.binit     0    00001100    00000000     

.init_array 
*          0    00001100    00000000     UNINITIALIZED

PORT2      0    0000ffe2    00000002     
                  0000ffe2    00000002     rts430_eabi.lib : int01.asm.obj (.int01)

USART1TX   0    0000ffe4    00000002     
                  0000ffe4    00000002     rts430_eabi.lib : int02.asm.obj (.int02)

USART1RX   0    0000ffe6    00000002     
                  0000ffe6    00000002     rts430_eabi.lib : int03.asm.obj (.int03)

PORT1      0    0000ffe8    00000002     
                  0000ffe8    00000002     rts430_eabi.lib : int04.asm.obj (.int04)

TIMERA1    0    0000ffea    00000002     
                  0000ffea    00000002     rts430_eabi.lib : int05.asm.obj (.int05)

TIMERA0    0    0000ffec    00000002     
                  0000ffec    00000002     rts430_eabi.lib : int06.asm.obj (.int06)

ADC12      0    0000ffee    00000002     
                  0000ffee    00000002     rts430_eabi.lib : int07.asm.obj (.int07)

USART0TX   0    0000fff0    00000002     
                  0000fff0    00000002     rts430_eabi.lib : int08.asm.obj (.int08)

USART0RX   0    0000fff2    00000002     
                  0000fff2    00000002     main.obj (.int09)

WDT        0    0000fff4    00000002     
                  0000fff4    00000002     rts430_eabi.lib : int10.asm.obj (.int10)

COMPARATORA 
*          0    0000fff6    00000002     
                  0000fff6    00000002     rts430_eabi.lib : int11.asm.obj (.int11)

TIMERB1    0    0000fff8    00000002     
                  0000fff8    00000002     rts430_eabi.lib : int12.asm.obj (.int12)

TIMERB0    0    0000fffa    00000002     
                  0000fffa    00000002     rts430_eabi.lib : int13.asm.obj (.int13)

NMI        0    0000fffc    00000002     
                  0000fffc    00000002     rts430_eabi.lib : int14.asm.obj (.int14)

.reset     0    0000fffe    00000002     
                  0000fffe    00000002     rts430_eabi.lib : boot.c.obj (.reset)

MODULE SUMMARY

       Module                       code    ro data   rw data
       ------                       ----    -------   -------
    .\src\
       oled.obj                     1538    1968      0      
       ds18b20.obj                  1568    256       0      
       dht11.obj                    1418    0         0      
       esp8266.obj                  536     180       17     
       main.obj                     418     42        134    
       sci.obj                      148     0         84     
       iic.obj                      120     0         0      
       led.obj                      30      0         0      
    +--+----------------------------+-------+---------+---------+
       Total:                       5776    2446      235    
                                                             
    C:\opt\ti\ccs9\ccs\tools\compiler\ti-cgt-msp430_18.12.1.LTS\lib\rts430_eabi.lib
       _printfi.c.obj               6622    38        0      
       frcdivd.c.obj                1144    0         0      
       div64u.c.obj                 864     0         0      
       addd.c.obj                   762     0         0      
       frcmpyd.c.obj                646     0         0      
       mpyd.c.obj                   622     0         0      
       frcaddd.c.obj                608     0         0      
       divd.c.obj                   568     0         0      
       memory.c.obj                 416     0         4      
       s_scalbn.c.obj               362     0         0      
       ctype.c.obj                  0       257       0      
       cmpd.c.obj                   220     0         0      
       fs_mpy.asm.obj               196     0         0      
       renormd.c.obj                190     0         0      
       s_frexp.c.obj                176     0         0      
       fltlid.c.obj                 172     0         0      
       fs_div.asm.obj               156     0         0      
       ltoa.c.obj                   132     0         0      
       fs_tol.asm.obj               126     0         0      
       copy_decompress_lzss.c.obj   124     0         0      
       fixdli.c.obj                 114     0         0      
       lsr32.asm.obj                110     0         0      
       cvtfd.c.obj                  104     0         0      
       sprintf.c.obj                100     0         0      
       div32u.asm.obj               88      0         0      
       atoi.c.obj                   82      0         0      
       asr32.asm.obj                78      0         0      
       lsl32.asm.obj                78      0         0      
       lsr16.asm.obj                76      0         0      
       fs_cmp.asm.obj               74      0         0      
       lsr64.c.obj                  70      0         0      
       lsl64.c.obj                  68      0         0      
       autoinit.c.obj               66      0         0      
       div32s.asm.obj               64      0         0      
       fs_itof.asm.obj              54      0         0      
       mult32_hw.asm.obj            46      0         0      
       s_copysign.c.obj             46      0         0      
       subd.c.obj                   46      0         0      
       asr16.asm.obj                44      0         0      
       lsl16.asm.obj                44      0         0      
       negd.c.obj                   42      0         0      
       fixdi.c.obj                  40      0         0      
       boot.c.obj                   28      2         0      
       memccpy.c.obj                26      0         0      
       strchr.c.obj                 26      0         0      
       div16u.asm.obj               22      0         0      
       copy_zero_init.c.obj         20      0         0      
       memset.c.obj                 20      0         0      
       mult16_hw.asm.obj            20      0         0      
       wcslen.c.obj                 20      0         0      
       copy_decompress_none.c.obj   18      0         0      
       memcpy.c.obj                 18      0         0      
       epilog.asm.obj               16      0         0      
       strlen.c.obj                 14      0         0      
       fltid.c.obj                  12      0         0      
       toupper.c.obj                12      0         0      
       abs.c.obj                    10      0         0      
       fs_neg.asm.obj               10      0         0      
       isr_trap.asm.obj             8       0         0      
       _lock.c.obj                  2       0         4      
       exit.c.obj                   6       0         0      
       pre_init.c.obj               4       0         0      
       errno.c.obj                  0       0         2      
       int01.asm.obj                0       2         0      
       int02.asm.obj                0       2         0      
       int03.asm.obj                0       2         0      
       int04.asm.obj                0       2         0      
       int05.asm.obj                0       2         0      
       int06.asm.obj                0       2         0      
       int07.asm.obj                0       2         0      
       int08.asm.obj                0       2         0      
       int10.asm.obj                0       2         0      
       int11.asm.obj                0       2         0      
       int12.asm.obj                0       2         0      
       int13.asm.obj                0       2         0      
       int14.asm.obj                0       2         0      
       startup.c.obj                2       0         0      
    +--+----------------------------+-------+---------+---------+
       Total:                       15954   323       10     
                                                             
       Heap:                        0       0         256    
       Stack:                       0       0         1024   
       Linker Generated:            0       49        0      
    +--+----------------------------+-------+---------+---------+
       Grand Total:                 21730   2818      1525   


LINKER GENERATED COPY TABLES

__TI_cinit_table @ 000070c0 records: 2, size/record: 4, table size: 8
	.data: load addr=00007096, load size=0000001f bytes, run addr=000003d8, run size=0000001e bytes, compression=lzss
	.bss: load addr=000070bc, load size=00000004 bytes, run addr=00000300, run size=000000d8 bytes, compression=zero_init


LINKER GENERATED HANDLER TABLE

__TI_handler_table @ 000070b6 records: 3, size/record: 2, table size: 6
	index: 0, handler: __TI_zero_init
	index: 1, handler: __TI_decompress_lzss
	index: 2, handler: __TI_decompress_none


GLOBAL SYMBOLS: SORTED ALPHABETICALLY BY Name 

address   name                          
-------   ----                          
000001a0  ADC12CTL0                     
000001a2  ADC12CTL1                     
000001a6  ADC12IE                       
000001a4  ADC12IFG                      
000001a8  ADC12IV                       
00000080  ADC12MCTL0                    
00000081  ADC12MCTL1                    
0000008a  ADC12MCTL10                   
0000008b  ADC12MCTL11                   
0000008c  ADC12MCTL12                   
0000008d  ADC12MCTL13                   
0000008e  ADC12MCTL14                   
0000008f  ADC12MCTL15                   
00000082  ADC12MCTL2                    
00000083  ADC12MCTL3                    
00000084  ADC12MCTL4                    
00000085  ADC12MCTL5                    
00000086  ADC12MCTL6                    
00000087  ADC12MCTL7                    
00000088  ADC12MCTL8                    
00000089  ADC12MCTL9                    
00000140  ADC12MEM0                     
00000142  ADC12MEM1                     
00000154  ADC12MEM10                    
00000156  ADC12MEM11                    
00000158  ADC12MEM12                    
0000015a  ADC12MEM13                    
0000015c  ADC12MEM14                    
0000015e  ADC12MEM15                    
00000144  ADC12MEM2                     
00000146  ADC12MEM3                     
00000148  ADC12MEM4                     
0000014a  ADC12MEM5                     
0000014c  ADC12MEM6                     
0000014e  ADC12MEM7                     
00000150  ADC12MEM8                     
00000152  ADC12MEM9                     
00000057  BCSCTL1                       
00000058  BCSCTL2                       
000065ba  C$$EXIT                       
00000059  CACTL1                        
0000005a  CACTL2                        
0000005b  CAPD                          
00000056  DCOCTL                        
000065e2  F8X16                         
00000128  FCTL1                         
0000012a  FCTL2                         
0000012c  FCTL3                         
00006bd2  Hzk                           
00000000  IE1                           
00000001  IE2                           
00000002  IFG1                          
00000003  IFG2                          
00000134  MAC                           
00000136  MACS                          
00000004  ME1                           
00000005  ME2                           
00000130  MPY                           
00000132  MPYS                          
00000138  OP2                           
00000022  P1DIR                         
00000025  P1IE                          
00000024  P1IES                         
00000023  P1IFG                         
00000020  P1IN                          
00000021  P1OUT                         
00000026  P1SEL                         
0000002a  P2DIR                         
0000002d  P2IE                          
0000002c  P2IES                         
0000002b  P2IFG                         
00000028  P2IN                          
00000029  P2OUT                         
0000002e  P2SEL                         
0000001a  P3DIR                         
00000018  P3IN                          
00000019  P3OUT                         
0000001b  P3SEL                         
0000001e  P4DIR                         
0000001c  P4IN                          
0000001d  P4OUT                         
0000001f  P4SEL                         
00000032  P5DIR                         
00000030  P5IN                          
00000031  P5OUT                         
00000033  P5SEL                         
00000036  P6DIR                         
00000034  P6IN                          
00000035  P6OUT                         
00000037  P6SEL                         
0000013c  RESHI                         
0000013a  RESLO                         
0000013e  SUMEXT                        
00000172  TACCR0                        
00000174  TACCR1                        
00000176  TACCR2                        
00000162  TACCTL0                       
00000164  TACCTL1                       
00000166  TACCTL2                       
00000160  TACTL                         
0000012e  TAIV                          
00000170  TAR                           
00000192  TBCCR0                        
00000194  TBCCR1                        
00000196  TBCCR2                        
00000198  TBCCR3                        
0000019a  TBCCR4                        
0000019c  TBCCR5                        
0000019e  TBCCR6                        
00000182  TBCCTL0                       
00000184  TBCCTL1                       
00000186  TBCCTL2                       
00000188  TBCCTL3                       
0000018a  TBCCTL4                       
0000018c  TBCCTL5                       
0000018e  TBCCTL6                       
00000180  TBCTL                         
0000011e  TBIV                          
00000190  TBR                           
00000074  U0BR0                         
00000075  U0BR1                         
00000070  U0CTL                         
00000073  U0MCTL                        
00000072  U0RCTL                        
00000076  U0RXBUF                       
00000071  U0TCTL                        
00000077  U0TXBUF                       
0000007c  U1BR0                         
0000007d  U1BR1                         
00000078  U1CTL                         
0000007b  U1MCTL                        
0000007a  U1RCTL                        
0000007e  U1RXBUF                       
00000079  U1TCTL                        
0000007f  U1TXBUF                       
00005f66  UART0_RXISR                   
00000120  WDTCTL                        
00000a00  __STACK_END                   
00000400  __STACK_SIZE                  
00000100  __SYSMEM_SIZE                 
000070c0  __TI_CINIT_Base               
000070c8  __TI_CINIT_Limit              
000070b6  __TI_Handler_Table_Base       
000070bc  __TI_Handler_Table_Limit      
0000659a  __TI_ISR_TRAP                 
00005d74  __TI_auto_init_nobinit_nopinit
00005300  __TI_decompress_lzss          
00006470  __TI_decompress_none          
000025bc  __TI_frcaddd                  
00001100  __TI_frcdivd                  
00001e5a  __TI_frcmpyd                  
0000ffe2  __TI_int01                    
0000ffe4  __TI_int02                    
0000ffe6  __TI_int03                    
0000ffe8  __TI_int04                    
0000ffea  __TI_int05                    
0000ffec  __TI_int06                    
0000ffee  __TI_int07                    
0000fff0  __TI_int08                    
0000fff2  __TI_int09                    
0000fff4  __TI_int10                    
0000fff6  __TI_int11                    
0000fff8  __TI_int12                    
0000fffa  __TI_int13                    
0000fffc  __TI_int14                    
ffffffff  __TI_pprof_out_hndl           
00001bd2  __TI_printfi                  
ffffffff  __TI_prof_data_size           
ffffffff  __TI_prof_data_start          
00004a70  __TI_renormd                  
000063d2  __TI_zero_init_nomemset       
ffffffff  __c_args__                    
000018d8  __mspabi_addd                 
00004746  __mspabi_cmpd                 
00005ca0  __mspabi_cmpf                 
0000569c  __mspabi_cvtfd                
0000316a  __mspabi_divd                 
00004f40  __mspabi_divf                 
00005e3a  __mspabi_divli                
000063a6  __mspabi_divu                 
00005a6c  __mspabi_divul                
00001578  __mspabi_divull               
0000621e  __mspabi_fixdi                
00005470  __mspabi_fixdli               
00005282  __mspabi_fixfli               
00006544  __mspabi_fltid                
00005f9c  __mspabi_fltif                
00004d48  __mspabi_fltlid               
00006508  __mspabi_func_epilog_1        
00006506  __mspabi_func_epilog_2        
00006504  __mspabi_func_epilog_3        
00006502  __mspabi_func_epilog_4        
00006500  __mspabi_func_epilog_5        
000064fe  __mspabi_func_epilog_6        
000064fc  __mspabi_func_epilog_7        
000020e0  __mspabi_mpyd                 
000049ac  __mspabi_mpyf                 
0000640e  __mspabi_mpyi_hw              
000060bc  __mspabi_mpyl_hw              
000061ca  __mspabi_negd                 
00006590  __mspabi_negf                 
00005e3a  __mspabi_remli                
000063a6  __mspabi_remu                 
00005a6c  __mspabi_remul                
0000619e  __mspabi_slli                 
000061c6  __mspabi_slli_1               
000061b4  __mspabi_slli_10              
000061b2  __mspabi_slli_11              
000061b0  __mspabi_slli_12              
000061ae  __mspabi_slli_13              
000061ac  __mspabi_slli_14              
000061aa  __mspabi_slli_15              
000061c4  __mspabi_slli_2               
000061c2  __mspabi_slli_3               
000061c0  __mspabi_slli_4               
000061be  __mspabi_slli_5               
000061bc  __mspabi_slli_6               
000061ba  __mspabi_slli_7               
000061b8  __mspabi_slli_8               
000061b6  __mspabi_slli_9               
000064ec  __mspabi_slll                 
00005ef0  __mspabi_slll_1               
00005ecc  __mspabi_slll_10              
00005ec8  __mspabi_slll_11              
00005ec4  __mspabi_slll_12              
00005ec0  __mspabi_slll_13              
00005ebc  __mspabi_slll_14              
00005eb8  __mspabi_slll_15              
00005eec  __mspabi_slll_2               
00005ee8  __mspabi_slll_3               
00005ee4  __mspabi_slll_4               
00005ee0  __mspabi_slll_5               
00005edc  __mspabi_slll_6               
00005ed8  __mspabi_slll_7               
00005ed4  __mspabi_slll_8               
00005ed0  __mspabi_slll_9               
00005d30  __mspabi_sllll                
00006172  __mspabi_srai                 
0000619a  __mspabi_srai_1               
00006188  __mspabi_srai_10              
00006186  __mspabi_srai_11              
00006184  __mspabi_srai_12              
00006182  __mspabi_srai_13              
00006180  __mspabi_srai_14              
0000617e  __mspabi_srai_15              
00006198  __mspabi_srai_2               
00006196  __mspabi_srai_3               
00006194  __mspabi_srai_4               
00006192  __mspabi_srai_5               
00006190  __mspabi_srai_6               
0000618e  __mspabi_srai_7               
0000618c  __mspabi_srai_8               
0000618a  __mspabi_srai_9               
000064dc  __mspabi_sral                 
00005eb2  __mspabi_sral_1               
00005e8e  __mspabi_sral_10              
00005e8a  __mspabi_sral_11              
00005e86  __mspabi_sral_12              
00005e82  __mspabi_sral_13              
00005e7e  __mspabi_sral_14              
00005e7a  __mspabi_sral_15              
00005eae  __mspabi_sral_2               
00005eaa  __mspabi_sral_3               
00005ea6  __mspabi_sral_4               
00005ea2  __mspabi_sral_5               
00005e9e  __mspabi_sral_6               
00005e9a  __mspabi_sral_7               
00005e96  __mspabi_sral_8               
00005e92  __mspabi_sral_9               
00005c54  __mspabi_srli                 
00005c9a  __mspabi_srli_1               
00005c76  __mspabi_srli_10              
00005c72  __mspabi_srli_11              
00005c6e  __mspabi_srli_12              
00005c6a  __mspabi_srli_13              
00005c66  __mspabi_srli_14              
00005c62  __mspabi_srli_15              
00005c96  __mspabi_srli_2               
00005c92  __mspabi_srli_3               
00005c8e  __mspabi_srli_4               
00005c8a  __mspabi_srli_5               
00005c86  __mspabi_srli_6               
00005c82  __mspabi_srli_7               
00005c7e  __mspabi_srli_8               
00005c7a  __mspabi_srli_9               
00006494  __mspabi_srll                 
00005a08  __mspabi_srll_1               
000059d2  __mspabi_srll_10              
000059cc  __mspabi_srll_11              
000059c6  __mspabi_srll_12              
000059c0  __mspabi_srll_13              
000059ba  __mspabi_srll_14              
000059b4  __mspabi_srll_15              
00005a02  __mspabi_srll_2               
000059fc  __mspabi_srll_3               
000059f6  __mspabi_srll_4               
000059f0  __mspabi_srll_5               
000059ea  __mspabi_srll_6               
000059e4  __mspabi_srll_7               
000059de  __mspabi_srll_8               
000059d8  __mspabi_srll_9               
00005cea  __mspabi_srlll                
00006032  __mspabi_subd                 
000062ee  _c_int00_noargs               
00006d92  _ctypes_                      
000003ee  _lock                         
000065dc  _nop                          
0000fffe  _reset_vector                 
00000600  _stack                        
00000200  _sys_memory                   
000065de  _system_post_cinit            
000065d8  _system_pre_init              
000003f0  _unlock                       
000065ba  abort                         
00006568  abs                           
00004580  aligned_alloc                 
00005b1a  atoi                          
000003e0  cmd_at_air_mode               
000003dc  cmd_at_connect_to_wifi        
000003da  cmd_at_hoc_mode               
000003d8  cmd_at_mode                   
000003e6  cmd_at_reset                  
000003e4  cmd_at_set_ip                 
000003e2  cmd_at_start                  
000003de  cmd_at_user_ssid_passwd       
00006060  copysign                      
00006060  copysignl                     
00006e94  crc_table                     
0000281c  dht11_float_2_ascii           
00004822  dht11_get_all_value           
00005704  dht11_get_humi_float          
0000576a  dht11_get_temp_float          
000062b2  dht11_init                    
0000589a  dht11_new_device              
0000650c  dht11_pin_set                 
000063e6  dht11_read_bit                
00005c08  dht11_read_byte               
000065a2  dht11_read_line               
00005632  dht11_read_sensor             
00005ef6  dht11_reset                   
000065aa  dht11_scan                    
0000630a  ds18b20_check_crc             
000054e2  ds18b20_config                
00002a78  ds18b20_float_2_ascii         
00004ea0  ds18b20_get_temp              
00006390  ds18b20_hw_read_line          
00006572  ds18b20_hw_set_high           
0000657c  ds18b20_hw_set_low            
00005bba  ds18b20_init                  
00005180  ds18b20_new_device            
00005554  ds18b20_pin_set               
000058f8  ds18b20_read_byte             
000061f4  ds18b20_read_bytes            
000062d0  ds18b20_read_id               
000065e0  ds18b20_reset                 
0000608e  ds18b20_save_temp_string      
00005ac4  ds18b20_write_byte            
000003f2  errno                         
000040be  esp8266_init                  
00004b2e  esp8266_write_to_host         
00004bea  frexp                         
00004bea  frexpl                        
00000350  i2c_dev                       
0000626e  i2c_init                      
00006482  i2c_start                     
0000651a  i2c_stop                      
00006586  i2c_wait_ack                  
00006146  i2c_write_byte                
000003e8  is_enable_send                
00003dfc  ldexp                         
00003dfc  ldexpl                        
000065c0  led_clear                     
000064a6  led_init                      
000065c6  led_set                       
000050fc  ltoa                          
00003f66  main                          
000065b2  malloc                        
00004580  memalign                      
0000635c  memccpy                       
000064b8  memcpy                        
000063fa  memset                        
00005956  oled_clear                    
0000039c  oled_dev                      
000003d6  oled_dev_handle               
00005fd2  oled_display_off              
00006002  oled_display_on               
00005a10  oled_init                     
00003930  oled_init_device              
00006550  oled_pin_init                 
00006290  oled_pow                      
00005db6  oled_set_pos                  
00005202  oled_showchar                 
000053f6  oled_showchinese              
00004c9a  oled_shownum                  
00005df8  oled_showstring               
000064ca  oled_wr_byte                  
00005836  oled_write_command            
000057d0  oled_write_data               
00000300  rx_buffer                     
000003ea  rx_count                      
00003dfc  scalbn                        
00003dfc  scalbnl                       
000065cc  scia_msg                      
000065d2  scia_xmit                     
00005f2e  sprintf                       
00006376  strchr                        
00006528  strlen                        
00006422  system_clk_init               
0000655c  toupper                       
000060ea  uart_0_init                   
00006536  uart_0_put_char               
000063bc  uart_0_send_str               
00006118  uart_1_init                   
00006436  uart_gpio_init                
0000644a  wcslen                        


GLOBAL SYMBOLS: SORTED BY Symbol Address 

address   name                          
-------   ----                          
00000000  IE1                           
00000001  IE2                           
00000002  IFG1                          
00000003  IFG2                          
00000004  ME1                           
00000005  ME2                           
00000018  P3IN                          
00000019  P3OUT                         
0000001a  P3DIR                         
0000001b  P3SEL                         
0000001c  P4IN                          
0000001d  P4OUT                         
0000001e  P4DIR                         
0000001f  P4SEL                         
00000020  P1IN                          
00000021  P1OUT                         
00000022  P1DIR                         
00000023  P1IFG                         
00000024  P1IES                         
00000025  P1IE                          
00000026  P1SEL                         
00000028  P2IN                          
00000029  P2OUT                         
0000002a  P2DIR                         
0000002b  P2IFG                         
0000002c  P2IES                         
0000002d  P2IE                          
0000002e  P2SEL                         
00000030  P5IN                          
00000031  P5OUT                         
00000032  P5DIR                         
00000033  P5SEL                         
00000034  P6IN                          
00000035  P6OUT                         
00000036  P6DIR                         
00000037  P6SEL                         
00000056  DCOCTL                        
00000057  BCSCTL1                       
00000058  BCSCTL2                       
00000059  CACTL1                        
0000005a  CACTL2                        
0000005b  CAPD                          
00000070  U0CTL                         
00000071  U0TCTL                        
00000072  U0RCTL                        
00000073  U0MCTL                        
00000074  U0BR0                         
00000075  U0BR1                         
00000076  U0RXBUF                       
00000077  U0TXBUF                       
00000078  U1CTL                         
00000079  U1TCTL                        
0000007a  U1RCTL                        
0000007b  U1MCTL                        
0000007c  U1BR0                         
0000007d  U1BR1                         
0000007e  U1RXBUF                       
0000007f  U1TXBUF                       
00000080  ADC12MCTL0                    
00000081  ADC12MCTL1                    
00000082  ADC12MCTL2                    
00000083  ADC12MCTL3                    
00000084  ADC12MCTL4                    
00000085  ADC12MCTL5                    
00000086  ADC12MCTL6                    
00000087  ADC12MCTL7                    
00000088  ADC12MCTL8                    
00000089  ADC12MCTL9                    
0000008a  ADC12MCTL10                   
0000008b  ADC12MCTL11                   
0000008c  ADC12MCTL12                   
0000008d  ADC12MCTL13                   
0000008e  ADC12MCTL14                   
0000008f  ADC12MCTL15                   
00000100  __SYSMEM_SIZE                 
0000011e  TBIV                          
00000120  WDTCTL                        
00000128  FCTL1                         
0000012a  FCTL2                         
0000012c  FCTL3                         
0000012e  TAIV                          
00000130  MPY                           
00000132  MPYS                          
00000134  MAC                           
00000136  MACS                          
00000138  OP2                           
0000013a  RESLO                         
0000013c  RESHI                         
0000013e  SUMEXT                        
00000140  ADC12MEM0                     
00000142  ADC12MEM1                     
00000144  ADC12MEM2                     
00000146  ADC12MEM3                     
00000148  ADC12MEM4                     
0000014a  ADC12MEM5                     
0000014c  ADC12MEM6                     
0000014e  ADC12MEM7                     
00000150  ADC12MEM8                     
00000152  ADC12MEM9                     
00000154  ADC12MEM10                    
00000156  ADC12MEM11                    
00000158  ADC12MEM12                    
0000015a  ADC12MEM13                    
0000015c  ADC12MEM14                    
0000015e  ADC12MEM15                    
00000160  TACTL                         
00000162  TACCTL0                       
00000164  TACCTL1                       
00000166  TACCTL2                       
00000170  TAR                           
00000172  TACCR0                        
00000174  TACCR1                        
00000176  TACCR2                        
00000180  TBCTL                         
00000182  TBCCTL0                       
00000184  TBCCTL1                       
00000186  TBCCTL2                       
00000188  TBCCTL3                       
0000018a  TBCCTL4                       
0000018c  TBCCTL5                       
0000018e  TBCCTL6                       
00000190  TBR                           
00000192  TBCCR0                        
00000194  TBCCR1                        
00000196  TBCCR2                        
00000198  TBCCR3                        
0000019a  TBCCR4                        
0000019c  TBCCR5                        
0000019e  TBCCR6                        
000001a0  ADC12CTL0                     
000001a2  ADC12CTL1                     
000001a4  ADC12IFG                      
000001a6  ADC12IE                       
000001a8  ADC12IV                       
00000200  _sys_memory                   
00000300  rx_buffer                     
00000350  i2c_dev                       
0000039c  oled_dev                      
000003d6  oled_dev_handle               
000003d8  cmd_at_mode                   
000003da  cmd_at_hoc_mode               
000003dc  cmd_at_connect_to_wifi        
000003de  cmd_at_user_ssid_passwd       
000003e0  cmd_at_air_mode               
000003e2  cmd_at_start                  
000003e4  cmd_at_set_ip                 
000003e6  cmd_at_reset                  
000003e8  is_enable_send                
000003ea  rx_count                      
000003ee  _lock                         
000003f0  _unlock                       
000003f2  errno                         
00000400  __STACK_SIZE                  
00000600  _stack                        
00000a00  __STACK_END                   
00001100  __TI_frcdivd                  
00001578  __mspabi_divull               
000018d8  __mspabi_addd                 
00001bd2  __TI_printfi                  
00001e5a  __TI_frcmpyd                  
000020e0  __mspabi_mpyd                 
000025bc  __TI_frcaddd                  
0000281c  dht11_float_2_ascii           
00002a78  ds18b20_float_2_ascii         
0000316a  __mspabi_divd                 
00003930  oled_init_device              
00003dfc  ldexp                         
00003dfc  ldexpl                        
00003dfc  scalbn                        
00003dfc  scalbnl                       
00003f66  main                          
000040be  esp8266_init                  
00004580  aligned_alloc                 
00004580  memalign                      
00004746  __mspabi_cmpd                 
00004822  dht11_get_all_value           
000049ac  __mspabi_mpyf                 
00004a70  __TI_renormd                  
00004b2e  esp8266_write_to_host         
00004bea  frexp                         
00004bea  frexpl                        
00004c9a  oled_shownum                  
00004d48  __mspabi_fltlid               
00004ea0  ds18b20_get_temp              
00004f40  __mspabi_divf                 
000050fc  ltoa                          
00005180  ds18b20_new_device            
00005202  oled_showchar                 
00005282  __mspabi_fixfli               
00005300  __TI_decompress_lzss          
000053f6  oled_showchinese              
00005470  __mspabi_fixdli               
000054e2  ds18b20_config                
00005554  ds18b20_pin_set               
00005632  dht11_read_sensor             
0000569c  __mspabi_cvtfd                
00005704  dht11_get_humi_float          
0000576a  dht11_get_temp_float          
000057d0  oled_write_data               
00005836  oled_write_command            
0000589a  dht11_new_device              
000058f8  ds18b20_read_byte             
00005956  oled_clear                    
000059b4  __mspabi_srll_15              
000059ba  __mspabi_srll_14              
000059c0  __mspabi_srll_13              
000059c6  __mspabi_srll_12              
000059cc  __mspabi_srll_11              
000059d2  __mspabi_srll_10              
000059d8  __mspabi_srll_9               
000059de  __mspabi_srll_8               
000059e4  __mspabi_srll_7               
000059ea  __mspabi_srll_6               
000059f0  __mspabi_srll_5               
000059f6  __mspabi_srll_4               
000059fc  __mspabi_srll_3               
00005a02  __mspabi_srll_2               
00005a08  __mspabi_srll_1               
00005a10  oled_init                     
00005a6c  __mspabi_divul                
00005a6c  __mspabi_remul                
00005ac4  ds18b20_write_byte            
00005b1a  atoi                          
00005bba  ds18b20_init                  
00005c08  dht11_read_byte               
00005c54  __mspabi_srli                 
00005c62  __mspabi_srli_15              
00005c66  __mspabi_srli_14              
00005c6a  __mspabi_srli_13              
00005c6e  __mspabi_srli_12              
00005c72  __mspabi_srli_11              
00005c76  __mspabi_srli_10              
00005c7a  __mspabi_srli_9               
00005c7e  __mspabi_srli_8               
00005c82  __mspabi_srli_7               
00005c86  __mspabi_srli_6               
00005c8a  __mspabi_srli_5               
00005c8e  __mspabi_srli_4               
00005c92  __mspabi_srli_3               
00005c96  __mspabi_srli_2               
00005c9a  __mspabi_srli_1               
00005ca0  __mspabi_cmpf                 
00005cea  __mspabi_srlll                
00005d30  __mspabi_sllll                
00005d74  __TI_auto_init_nobinit_nopinit
00005db6  oled_set_pos                  
00005df8  oled_showstring               
00005e3a  __mspabi_divli                
00005e3a  __mspabi_remli                
00005e7a  __mspabi_sral_15              
00005e7e  __mspabi_sral_14              
00005e82  __mspabi_sral_13              
00005e86  __mspabi_sral_12              
00005e8a  __mspabi_sral_11              
00005e8e  __mspabi_sral_10              
00005e92  __mspabi_sral_9               
00005e96  __mspabi_sral_8               
00005e9a  __mspabi_sral_7               
00005e9e  __mspabi_sral_6               
00005ea2  __mspabi_sral_5               
00005ea6  __mspabi_sral_4               
00005eaa  __mspabi_sral_3               
00005eae  __mspabi_sral_2               
00005eb2  __mspabi_sral_1               
00005eb8  __mspabi_slll_15              
00005ebc  __mspabi_slll_14              
00005ec0  __mspabi_slll_13              
00005ec4  __mspabi_slll_12              
00005ec8  __mspabi_slll_11              
00005ecc  __mspabi_slll_10              
00005ed0  __mspabi_slll_9               
00005ed4  __mspabi_slll_8               
00005ed8  __mspabi_slll_7               
00005edc  __mspabi_slll_6               
00005ee0  __mspabi_slll_5               
00005ee4  __mspabi_slll_4               
00005ee8  __mspabi_slll_3               
00005eec  __mspabi_slll_2               
00005ef0  __mspabi_slll_1               
00005ef6  dht11_reset                   
00005f2e  sprintf                       
00005f66  UART0_RXISR                   
00005f9c  __mspabi_fltif                
00005fd2  oled_display_off              
00006002  oled_display_on               
00006032  __mspabi_subd                 
00006060  copysign                      
00006060  copysignl                     
0000608e  ds18b20_save_temp_string      
000060bc  __mspabi_mpyl_hw              
000060ea  uart_0_init                   
00006118  uart_1_init                   
00006146  i2c_write_byte                
00006172  __mspabi_srai                 
0000617e  __mspabi_srai_15              
00006180  __mspabi_srai_14              
00006182  __mspabi_srai_13              
00006184  __mspabi_srai_12              
00006186  __mspabi_srai_11              
00006188  __mspabi_srai_10              
0000618a  __mspabi_srai_9               
0000618c  __mspabi_srai_8               
0000618e  __mspabi_srai_7               
00006190  __mspabi_srai_6               
00006192  __mspabi_srai_5               
00006194  __mspabi_srai_4               
00006196  __mspabi_srai_3               
00006198  __mspabi_srai_2               
0000619a  __mspabi_srai_1               
0000619e  __mspabi_slli                 
000061aa  __mspabi_slli_15              
000061ac  __mspabi_slli_14              
000061ae  __mspabi_slli_13              
000061b0  __mspabi_slli_12              
000061b2  __mspabi_slli_11              
000061b4  __mspabi_slli_10              
000061b6  __mspabi_slli_9               
000061b8  __mspabi_slli_8               
000061ba  __mspabi_slli_7               
000061bc  __mspabi_slli_6               
000061be  __mspabi_slli_5               
000061c0  __mspabi_slli_4               
000061c2  __mspabi_slli_3               
000061c4  __mspabi_slli_2               
000061c6  __mspabi_slli_1               
000061ca  __mspabi_negd                 
000061f4  ds18b20_read_bytes            
0000621e  __mspabi_fixdi                
0000626e  i2c_init                      
00006290  oled_pow                      
000062b2  dht11_init                    
000062d0  ds18b20_read_id               
000062ee  _c_int00_noargs               
0000630a  ds18b20_check_crc             
0000635c  memccpy                       
00006376  strchr                        
00006390  ds18b20_hw_read_line          
000063a6  __mspabi_divu                 
000063a6  __mspabi_remu                 
000063bc  uart_0_send_str               
000063d2  __TI_zero_init_nomemset       
000063e6  dht11_read_bit                
000063fa  memset                        
0000640e  __mspabi_mpyi_hw              
00006422  system_clk_init               
00006436  uart_gpio_init                
0000644a  wcslen                        
00006470  __TI_decompress_none          
00006482  i2c_start                     
00006494  __mspabi_srll                 
000064a6  led_init                      
000064b8  memcpy                        
000064ca  oled_wr_byte                  
000064dc  __mspabi_sral                 
000064ec  __mspabi_slll                 
000064fc  __mspabi_func_epilog_7        
000064fe  __mspabi_func_epilog_6        
00006500  __mspabi_func_epilog_5        
00006502  __mspabi_func_epilog_4        
00006504  __mspabi_func_epilog_3        
00006506  __mspabi_func_epilog_2        
00006508  __mspabi_func_epilog_1        
0000650c  dht11_pin_set                 
0000651a  i2c_stop                      
00006528  strlen                        
00006536  uart_0_put_char               
00006544  __mspabi_fltid                
00006550  oled_pin_init                 
0000655c  toupper                       
00006568  abs                           
00006572  ds18b20_hw_set_high           
0000657c  ds18b20_hw_set_low            
00006586  i2c_wait_ack                  
00006590  __mspabi_negf                 
0000659a  __TI_ISR_TRAP                 
000065a2  dht11_read_line               
000065aa  dht11_scan                    
000065b2  malloc                        
000065ba  C$$EXIT                       
000065ba  abort                         
000065c0  led_clear                     
000065c6  led_set                       
000065cc  scia_msg                      
000065d2  scia_xmit                     
000065d8  _system_pre_init              
000065dc  _nop                          
000065de  _system_post_cinit            
000065e0  ds18b20_reset                 
000065e2  F8X16                         
00006bd2  Hzk                           
00006d92  _ctypes_                      
00006e94  crc_table                     
000070b6  __TI_Handler_Table_Base       
000070bc  __TI_Handler_Table_Limit      
000070c0  __TI_CINIT_Base               
000070c8  __TI_CINIT_Limit              
0000ffe2  __TI_int01                    
0000ffe4  __TI_int02                    
0000ffe6  __TI_int03                    
0000ffe8  __TI_int04                    
0000ffea  __TI_int05                    
0000ffec  __TI_int06                    
0000ffee  __TI_int07                    
0000fff0  __TI_int08                    
0000fff2  __TI_int09                    
0000fff4  __TI_int10                    
0000fff6  __TI_int11                    
0000fff8  __TI_int12                    
0000fffa  __TI_int13                    
0000fffc  __TI_int14                    
0000fffe  _reset_vector                 
ffffffff  __TI_pprof_out_hndl           
ffffffff  __TI_prof_data_size           
ffffffff  __TI_prof_data_start          
ffffffff  __c_args__                    

[415 symbols]
