<?xml version="1.0" encoding="ISO-8859-1" ?>
<link_info>
   <banner>MSP430 Linker PC v18.12.1.LTS</banner>
   <copyright>Copyright (c) 2003-2018 Texas Instruments Incorporated</copyright>
   <link_time>0x5cb6b8b5</link_time>
   <link_errors>0x0</link_errors>
   <output_file>C03_TEMP_HUMI_SOCKET_MSP430_CCS8_3.out</output_file>
   <entry_point>
      <name>_c_int00_noargs</name>
      <address>0x62ee</address>
   </entry_point>
   <input_file_list>
      <input_file id="fl-2">
         <path>.\src\</path>
         <kind>object</kind>
         <file>dht11.obj</file>
         <name>dht11.obj</name>
      </input_file>
      <input_file id="fl-3">
         <path>.\src\</path>
         <kind>object</kind>
         <file>ds18b20.obj</file>
         <name>ds18b20.obj</name>
      </input_file>
      <input_file id="fl-4">
         <path>.\src\</path>
         <kind>object</kind>
         <file>esp8266.obj</file>
         <name>esp8266.obj</name>
      </input_file>
      <input_file id="fl-5">
         <path>.\src\</path>
         <kind>object</kind>
         <file>iic.obj</file>
         <name>iic.obj</name>
      </input_file>
      <input_file id="fl-6">
         <path>.\src\</path>
         <kind>object</kind>
         <file>led.obj</file>
         <name>led.obj</name>
      </input_file>
      <input_file id="fl-7">
         <path>.\src\</path>
         <kind>object</kind>
         <file>main.obj</file>
         <name>main.obj</name>
      </input_file>
      <input_file id="fl-8">
         <path>.\src\</path>
         <kind>object</kind>
         <file>oled.obj</file>
         <name>oled.obj</name>
      </input_file>
      <input_file id="fl-9">
         <path>.\src\</path>
         <kind>object</kind>
         <file>sci.obj</file>
         <name>sci.obj</name>
      </input_file>
      <input_file id="fl-e">
         <kind>object</kind>
         <file>&lt;internal&gt;</file>
         <name>&lt;internal&gt;</name>
      </input_file>
      <input_file id="fl-24">
         <path>C:\opt\ti\ccs9\ccs\tools\compiler\ti-cgt-msp430_18.12.1.LTS\lib\</path>
         <kind>archive</kind>
         <file>rts430_eabi.lib</file>
         <name>printf.c.obj</name>
      </input_file>
      <input_file id="fl-25">
         <path>C:\opt\ti\ccs9\ccs\tools\compiler\ti-cgt-msp430_18.12.1.LTS\lib\</path>
         <kind>archive</kind>
         <file>rts430_eabi.lib</file>
         <name>_printfi.c.obj</name>
      </input_file>
      <input_file id="fl-26">
         <path>C:\opt\ti\ccs9\ccs\tools\compiler\ti-cgt-msp430_18.12.1.LTS\lib\</path>
         <kind>archive</kind>
         <file>rts430_eabi.lib</file>
         <name>sprintf.c.obj</name>
      </input_file>
      <input_file id="fl-27">
         <path>C:\opt\ti\ccs9\ccs\tools\compiler\ti-cgt-msp430_18.12.1.LTS\lib\</path>
         <kind>archive</kind>
         <file>rts430_eabi.lib</file>
         <name>fputc.c.obj</name>
      </input_file>
      <input_file id="fl-28">
         <path>C:\opt\ti\ccs9\ccs\tools\compiler\ti-cgt-msp430_18.12.1.LTS\lib\</path>
         <kind>archive</kind>
         <file>rts430_eabi.lib</file>
         <name>fputs.c.obj</name>
      </input_file>
      <input_file id="fl-29">
         <path>C:\opt\ti\ccs9\ccs\tools\compiler\ti-cgt-msp430_18.12.1.LTS\lib\</path>
         <kind>archive</kind>
         <file>rts430_eabi.lib</file>
         <name>_io_perm.c.obj</name>
      </input_file>
      <input_file id="fl-2a">
         <path>C:\opt\ti\ccs9\ccs\tools\compiler\ti-cgt-msp430_18.12.1.LTS\lib\</path>
         <kind>archive</kind>
         <file>rts430_eabi.lib</file>
         <name>setvbuf.c.obj</name>
      </input_file>
      <input_file id="fl-2b">
         <path>C:\opt\ti\ccs9\ccs\tools\compiler\ti-cgt-msp430_18.12.1.LTS\lib\</path>
         <kind>archive</kind>
         <file>rts430_eabi.lib</file>
         <name>s_frexp.c.obj</name>
      </input_file>
      <input_file id="fl-2c">
         <path>C:\opt\ti\ccs9\ccs\tools\compiler\ti-cgt-msp430_18.12.1.LTS\lib\</path>
         <kind>archive</kind>
         <file>rts430_eabi.lib</file>
         <name>s_scalbn.c.obj</name>
      </input_file>
      <input_file id="fl-2d">
         <path>C:\opt\ti\ccs9\ccs\tools\compiler\ti-cgt-msp430_18.12.1.LTS\lib\</path>
         <kind>archive</kind>
         <file>rts430_eabi.lib</file>
         <name>wcslen.c.obj</name>
      </input_file>
      <input_file id="fl-2e">
         <path>C:\opt\ti\ccs9\ccs\tools\compiler\ti-cgt-msp430_18.12.1.LTS\lib\</path>
         <kind>archive</kind>
         <file>rts430_eabi.lib</file>
         <name>s_copysign.c.obj</name>
      </input_file>
      <input_file id="fl-2f">
         <path>C:\opt\ti\ccs9\ccs\tools\compiler\ti-cgt-msp430_18.12.1.LTS\lib\</path>
         <kind>archive</kind>
         <file>rts430_eabi.lib</file>
         <name>asr16.asm.obj</name>
      </input_file>
      <input_file id="fl-30">
         <path>C:\opt\ti\ccs9\ccs\tools\compiler\ti-cgt-msp430_18.12.1.LTS\lib\</path>
         <kind>archive</kind>
         <file>rts430_eabi.lib</file>
         <name>div16u.asm.obj</name>
      </input_file>
      <input_file id="fl-31">
         <path>C:\opt\ti\ccs9\ccs\tools\compiler\ti-cgt-msp430_18.12.1.LTS\lib\</path>
         <kind>archive</kind>
         <file>rts430_eabi.lib</file>
         <name>div32s.asm.obj</name>
      </input_file>
      <input_file id="fl-32">
         <path>C:\opt\ti\ccs9\ccs\tools\compiler\ti-cgt-msp430_18.12.1.LTS\lib\</path>
         <kind>archive</kind>
         <file>rts430_eabi.lib</file>
         <name>div32u.asm.obj</name>
      </input_file>
      <input_file id="fl-33">
         <path>C:\opt\ti\ccs9\ccs\tools\compiler\ti-cgt-msp430_18.12.1.LTS\lib\</path>
         <kind>archive</kind>
         <file>rts430_eabi.lib</file>
         <name>epilog.asm.obj</name>
      </input_file>
      <input_file id="fl-34">
         <path>C:\opt\ti\ccs9\ccs\tools\compiler\ti-cgt-msp430_18.12.1.LTS\lib\</path>
         <kind>archive</kind>
         <file>rts430_eabi.lib</file>
         <name>fs_cmp.asm.obj</name>
      </input_file>
      <input_file id="fl-35">
         <path>C:\opt\ti\ccs9\ccs\tools\compiler\ti-cgt-msp430_18.12.1.LTS\lib\</path>
         <kind>archive</kind>
         <file>rts430_eabi.lib</file>
         <name>fs_div.asm.obj</name>
      </input_file>
      <input_file id="fl-36">
         <path>C:\opt\ti\ccs9\ccs\tools\compiler\ti-cgt-msp430_18.12.1.LTS\lib\</path>
         <kind>archive</kind>
         <file>rts430_eabi.lib</file>
         <name>fs_itof.asm.obj</name>
      </input_file>
      <input_file id="fl-37">
         <path>C:\opt\ti\ccs9\ccs\tools\compiler\ti-cgt-msp430_18.12.1.LTS\lib\</path>
         <kind>archive</kind>
         <file>rts430_eabi.lib</file>
         <name>fs_mpy.asm.obj</name>
      </input_file>
      <input_file id="fl-38">
         <path>C:\opt\ti\ccs9\ccs\tools\compiler\ti-cgt-msp430_18.12.1.LTS\lib\</path>
         <kind>archive</kind>
         <file>rts430_eabi.lib</file>
         <name>fs_neg.asm.obj</name>
      </input_file>
      <input_file id="fl-39">
         <path>C:\opt\ti\ccs9\ccs\tools\compiler\ti-cgt-msp430_18.12.1.LTS\lib\</path>
         <kind>archive</kind>
         <file>rts430_eabi.lib</file>
         <name>fs_tol.asm.obj</name>
      </input_file>
      <input_file id="fl-3a">
         <path>C:\opt\ti\ccs9\ccs\tools\compiler\ti-cgt-msp430_18.12.1.LTS\lib\</path>
         <kind>archive</kind>
         <file>rts430_eabi.lib</file>
         <name>int01.asm.obj</name>
      </input_file>
      <input_file id="fl-3b">
         <path>C:\opt\ti\ccs9\ccs\tools\compiler\ti-cgt-msp430_18.12.1.LTS\lib\</path>
         <kind>archive</kind>
         <file>rts430_eabi.lib</file>
         <name>int02.asm.obj</name>
      </input_file>
      <input_file id="fl-3c">
         <path>C:\opt\ti\ccs9\ccs\tools\compiler\ti-cgt-msp430_18.12.1.LTS\lib\</path>
         <kind>archive</kind>
         <file>rts430_eabi.lib</file>
         <name>int03.asm.obj</name>
      </input_file>
      <input_file id="fl-3d">
         <path>C:\opt\ti\ccs9\ccs\tools\compiler\ti-cgt-msp430_18.12.1.LTS\lib\</path>
         <kind>archive</kind>
         <file>rts430_eabi.lib</file>
         <name>int04.asm.obj</name>
      </input_file>
      <input_file id="fl-3e">
         <path>C:\opt\ti\ccs9\ccs\tools\compiler\ti-cgt-msp430_18.12.1.LTS\lib\</path>
         <kind>archive</kind>
         <file>rts430_eabi.lib</file>
         <name>int05.asm.obj</name>
      </input_file>
      <input_file id="fl-3f">
         <path>C:\opt\ti\ccs9\ccs\tools\compiler\ti-cgt-msp430_18.12.1.LTS\lib\</path>
         <kind>archive</kind>
         <file>rts430_eabi.lib</file>
         <name>int06.asm.obj</name>
      </input_file>
      <input_file id="fl-40">
         <path>C:\opt\ti\ccs9\ccs\tools\compiler\ti-cgt-msp430_18.12.1.LTS\lib\</path>
         <kind>archive</kind>
         <file>rts430_eabi.lib</file>
         <name>int07.asm.obj</name>
      </input_file>
      <input_file id="fl-41">
         <path>C:\opt\ti\ccs9\ccs\tools\compiler\ti-cgt-msp430_18.12.1.LTS\lib\</path>
         <kind>archive</kind>
         <file>rts430_eabi.lib</file>
         <name>int08.asm.obj</name>
      </input_file>
      <input_file id="fl-42">
         <path>C:\opt\ti\ccs9\ccs\tools\compiler\ti-cgt-msp430_18.12.1.LTS\lib\</path>
         <kind>archive</kind>
         <file>rts430_eabi.lib</file>
         <name>int10.asm.obj</name>
      </input_file>
      <input_file id="fl-43">
         <path>C:\opt\ti\ccs9\ccs\tools\compiler\ti-cgt-msp430_18.12.1.LTS\lib\</path>
         <kind>archive</kind>
         <file>rts430_eabi.lib</file>
         <name>int11.asm.obj</name>
      </input_file>
      <input_file id="fl-44">
         <path>C:\opt\ti\ccs9\ccs\tools\compiler\ti-cgt-msp430_18.12.1.LTS\lib\</path>
         <kind>archive</kind>
         <file>rts430_eabi.lib</file>
         <name>int12.asm.obj</name>
      </input_file>
      <input_file id="fl-45">
         <path>C:\opt\ti\ccs9\ccs\tools\compiler\ti-cgt-msp430_18.12.1.LTS\lib\</path>
         <kind>archive</kind>
         <file>rts430_eabi.lib</file>
         <name>int13.asm.obj</name>
      </input_file>
      <input_file id="fl-46">
         <path>C:\opt\ti\ccs9\ccs\tools\compiler\ti-cgt-msp430_18.12.1.LTS\lib\</path>
         <kind>archive</kind>
         <file>rts430_eabi.lib</file>
         <name>int14.asm.obj</name>
      </input_file>
      <input_file id="fl-47">
         <path>C:\opt\ti\ccs9\ccs\tools\compiler\ti-cgt-msp430_18.12.1.LTS\lib\</path>
         <kind>archive</kind>
         <file>rts430_eabi.lib</file>
         <name>isr_trap.asm.obj</name>
      </input_file>
      <input_file id="fl-48">
         <path>C:\opt\ti\ccs9\ccs\tools\compiler\ti-cgt-msp430_18.12.1.LTS\lib\</path>
         <kind>archive</kind>
         <file>rts430_eabi.lib</file>
         <name>lsl16.asm.obj</name>
      </input_file>
      <input_file id="fl-49">
         <path>C:\opt\ti\ccs9\ccs\tools\compiler\ti-cgt-msp430_18.12.1.LTS\lib\</path>
         <kind>archive</kind>
         <file>rts430_eabi.lib</file>
         <name>lsr16.asm.obj</name>
      </input_file>
      <input_file id="fl-4a">
         <path>C:\opt\ti\ccs9\ccs\tools\compiler\ti-cgt-msp430_18.12.1.LTS\lib\</path>
         <kind>archive</kind>
         <file>rts430_eabi.lib</file>
         <name>mult16.asm.obj</name>
      </input_file>
      <input_file id="fl-4b">
         <path>C:\opt\ti\ccs9\ccs\tools\compiler\ti-cgt-msp430_18.12.1.LTS\lib\</path>
         <kind>archive</kind>
         <file>rts430_eabi.lib</file>
         <name>mult16_hw.asm.obj</name>
      </input_file>
      <input_file id="fl-4c">
         <path>C:\opt\ti\ccs9\ccs\tools\compiler\ti-cgt-msp430_18.12.1.LTS\lib\</path>
         <kind>archive</kind>
         <file>rts430_eabi.lib</file>
         <name>mult1632_hw.asm.obj</name>
      </input_file>
      <input_file id="fl-4d">
         <path>C:\opt\ti\ccs9\ccs\tools\compiler\ti-cgt-msp430_18.12.1.LTS\lib\</path>
         <kind>archive</kind>
         <file>rts430_eabi.lib</file>
         <name>mult32.asm.obj</name>
      </input_file>
      <input_file id="fl-4e">
         <path>C:\opt\ti\ccs9\ccs\tools\compiler\ti-cgt-msp430_18.12.1.LTS\lib\</path>
         <kind>archive</kind>
         <file>rts430_eabi.lib</file>
         <name>mult32_hw.asm.obj</name>
      </input_file>
      <input_file id="fl-4f">
         <path>C:\opt\ti\ccs9\ccs\tools\compiler\ti-cgt-msp430_18.12.1.LTS\lib\</path>
         <kind>archive</kind>
         <file>rts430_eabi.lib</file>
         <name>mult3264_hw.asm.obj</name>
      </input_file>
      <input_file id="fl-50">
         <path>C:\opt\ti\ccs9\ccs\tools\compiler\ti-cgt-msp430_18.12.1.LTS\lib\</path>
         <kind>archive</kind>
         <file>rts430_eabi.lib</file>
         <name>mult64_hw.asm.obj</name>
      </input_file>
      <input_file id="fl-51">
         <path>C:\opt\ti\ccs9\ccs\tools\compiler\ti-cgt-msp430_18.12.1.LTS\lib\</path>
         <kind>archive</kind>
         <file>rts430_eabi.lib</file>
         <name>boot.c.obj</name>
      </input_file>
      <input_file id="fl-52">
         <path>C:\opt\ti\ccs9\ccs\tools\compiler\ti-cgt-msp430_18.12.1.LTS\lib\</path>
         <kind>archive</kind>
         <file>rts430_eabi.lib</file>
         <name>autoinit.c.obj</name>
      </input_file>
      <input_file id="fl-53">
         <path>C:\opt\ti\ccs9\ccs\tools\compiler\ti-cgt-msp430_18.12.1.LTS\lib\</path>
         <kind>archive</kind>
         <file>rts430_eabi.lib</file>
         <name>copy_zero_init.c.obj</name>
      </input_file>
      <input_file id="fl-54">
         <path>C:\opt\ti\ccs9\ccs\tools\compiler\ti-cgt-msp430_18.12.1.LTS\lib\</path>
         <kind>archive</kind>
         <file>rts430_eabi.lib</file>
         <name>exit_gvars.c.obj</name>
      </input_file>
      <input_file id="fl-55">
         <path>C:\opt\ti\ccs9\ccs\tools\compiler\ti-cgt-msp430_18.12.1.LTS\lib\</path>
         <kind>archive</kind>
         <file>rts430_eabi.lib</file>
         <name>cpy_tbl.c.obj</name>
      </input_file>
      <input_file id="fl-56">
         <path>C:\opt\ti\ccs9\ccs\tools\compiler\ti-cgt-msp430_18.12.1.LTS\lib\</path>
         <kind>archive</kind>
         <file>rts430_eabi.lib</file>
         <name>mpu_init.c.obj</name>
      </input_file>
      <input_file id="fl-57">
         <path>C:\opt\ti\ccs9\ccs\tools\compiler\ti-cgt-msp430_18.12.1.LTS\lib\</path>
         <kind>archive</kind>
         <file>rts430_eabi.lib</file>
         <name>lsr64.c.obj</name>
      </input_file>
      <input_file id="fl-58">
         <path>C:\opt\ti\ccs9\ccs\tools\compiler\ti-cgt-msp430_18.12.1.LTS\lib\</path>
         <kind>archive</kind>
         <file>rts430_eabi.lib</file>
         <name>div64u.c.obj</name>
      </input_file>
      <input_file id="fl-59">
         <path>C:\opt\ti\ccs9\ccs\tools\compiler\ti-cgt-msp430_18.12.1.LTS\lib\</path>
         <kind>archive</kind>
         <file>rts430_eabi.lib</file>
         <name>pre_init.c.obj</name>
      </input_file>
      <input_file id="fl-5a">
         <path>C:\opt\ti\ccs9\ccs\tools\compiler\ti-cgt-msp430_18.12.1.LTS\lib\</path>
         <kind>archive</kind>
         <file>rts430_eabi.lib</file>
         <name>startup.c.obj</name>
      </input_file>
      <input_file id="fl-5b">
         <path>C:\opt\ti\ccs9\ccs\tools\compiler\ti-cgt-msp430_18.12.1.LTS\lib\</path>
         <kind>archive</kind>
         <file>rts430_eabi.lib</file>
         <name>copy_decompress_none.c.obj</name>
      </input_file>
      <input_file id="fl-5c">
         <path>C:\opt\ti\ccs9\ccs\tools\compiler\ti-cgt-msp430_18.12.1.LTS\lib\</path>
         <kind>archive</kind>
         <file>rts430_eabi.lib</file>
         <name>copy_decompress_lzss.c.obj</name>
      </input_file>
      <input_file id="fl-5d">
         <path>C:\opt\ti\ccs9\ccs\tools\compiler\ti-cgt-msp430_18.12.1.LTS\lib\</path>
         <kind>archive</kind>
         <file>rts430_eabi.lib</file>
         <name>addd.c.obj</name>
      </input_file>
      <input_file id="fl-5e">
         <path>C:\opt\ti\ccs9\ccs\tools\compiler\ti-cgt-msp430_18.12.1.LTS\lib\</path>
         <kind>archive</kind>
         <file>rts430_eabi.lib</file>
         <name>cmpd.c.obj</name>
      </input_file>
      <input_file id="fl-5f">
         <path>C:\opt\ti\ccs9\ccs\tools\compiler\ti-cgt-msp430_18.12.1.LTS\lib\</path>
         <kind>archive</kind>
         <file>rts430_eabi.lib</file>
         <name>cvtfd.c.obj</name>
      </input_file>
      <input_file id="fl-60">
         <path>C:\opt\ti\ccs9\ccs\tools\compiler\ti-cgt-msp430_18.12.1.LTS\lib\</path>
         <kind>archive</kind>
         <file>rts430_eabi.lib</file>
         <name>divd.c.obj</name>
      </input_file>
      <input_file id="fl-61">
         <path>C:\opt\ti\ccs9\ccs\tools\compiler\ti-cgt-msp430_18.12.1.LTS\lib\</path>
         <kind>archive</kind>
         <file>rts430_eabi.lib</file>
         <name>fixdi.c.obj</name>
      </input_file>
      <input_file id="fl-62">
         <path>C:\opt\ti\ccs9\ccs\tools\compiler\ti-cgt-msp430_18.12.1.LTS\lib\</path>
         <kind>archive</kind>
         <file>rts430_eabi.lib</file>
         <name>fixdli.c.obj</name>
      </input_file>
      <input_file id="fl-63">
         <path>C:\opt\ti\ccs9\ccs\tools\compiler\ti-cgt-msp430_18.12.1.LTS\lib\</path>
         <kind>archive</kind>
         <file>rts430_eabi.lib</file>
         <name>fltid.c.obj</name>
      </input_file>
      <input_file id="fl-64">
         <path>C:\opt\ti\ccs9\ccs\tools\compiler\ti-cgt-msp430_18.12.1.LTS\lib\</path>
         <kind>archive</kind>
         <file>rts430_eabi.lib</file>
         <name>fltlid.c.obj</name>
      </input_file>
      <input_file id="fl-65">
         <path>C:\opt\ti\ccs9\ccs\tools\compiler\ti-cgt-msp430_18.12.1.LTS\lib\</path>
         <kind>archive</kind>
         <file>rts430_eabi.lib</file>
         <name>frcaddd.c.obj</name>
      </input_file>
      <input_file id="fl-66">
         <path>C:\opt\ti\ccs9\ccs\tools\compiler\ti-cgt-msp430_18.12.1.LTS\lib\</path>
         <kind>archive</kind>
         <file>rts430_eabi.lib</file>
         <name>frcdivd.c.obj</name>
      </input_file>
      <input_file id="fl-67">
         <path>C:\opt\ti\ccs9\ccs\tools\compiler\ti-cgt-msp430_18.12.1.LTS\lib\</path>
         <kind>archive</kind>
         <file>rts430_eabi.lib</file>
         <name>mpyd.c.obj</name>
      </input_file>
      <input_file id="fl-68">
         <path>C:\opt\ti\ccs9\ccs\tools\compiler\ti-cgt-msp430_18.12.1.LTS\lib\</path>
         <kind>archive</kind>
         <file>rts430_eabi.lib</file>
         <name>negd.c.obj</name>
      </input_file>
      <input_file id="fl-69">
         <path>C:\opt\ti\ccs9\ccs\tools\compiler\ti-cgt-msp430_18.12.1.LTS\lib\</path>
         <kind>archive</kind>
         <file>rts430_eabi.lib</file>
         <name>renormd.c.obj</name>
      </input_file>
      <input_file id="fl-6a">
         <path>C:\opt\ti\ccs9\ccs\tools\compiler\ti-cgt-msp430_18.12.1.LTS\lib\</path>
         <kind>archive</kind>
         <file>rts430_eabi.lib</file>
         <name>subd.c.obj</name>
      </input_file>
      <input_file id="fl-6b">
         <path>C:\opt\ti\ccs9\ccs\tools\compiler\ti-cgt-msp430_18.12.1.LTS\lib\</path>
         <kind>archive</kind>
         <file>rts430_eabi.lib</file>
         <name>exit.c.obj</name>
      </input_file>
      <input_file id="fl-6c">
         <path>C:\opt\ti\ccs9\ccs\tools\compiler\ti-cgt-msp430_18.12.1.LTS\lib\</path>
         <kind>archive</kind>
         <file>rts430_eabi.lib</file>
         <name>_lock.c.obj</name>
      </input_file>
      <input_file id="fl-6d">
         <path>C:\opt\ti\ccs9\ccs\tools\compiler\ti-cgt-msp430_18.12.1.LTS\lib\</path>
         <kind>archive</kind>
         <file>rts430_eabi.lib</file>
         <name>args_main.c.obj</name>
      </input_file>
      <input_file id="fl-6e">
         <path>C:\opt\ti\ccs9\ccs\tools\compiler\ti-cgt-msp430_18.12.1.LTS\lib\</path>
         <kind>archive</kind>
         <file>rts430_eabi.lib</file>
         <name>atoi.c.obj</name>
      </input_file>
      <input_file id="fl-6f">
         <path>C:\opt\ti\ccs9\ccs\tools\compiler\ti-cgt-msp430_18.12.1.LTS\lib\</path>
         <kind>archive</kind>
         <file>rts430_eabi.lib</file>
         <name>ctype.c.obj</name>
      </input_file>
      <input_file id="fl-70">
         <path>C:\opt\ti\ccs9\ccs\tools\compiler\ti-cgt-msp430_18.12.1.LTS\lib\</path>
         <kind>archive</kind>
         <file>rts430_eabi.lib</file>
         <name>defs.c.obj</name>
      </input_file>
      <input_file id="fl-71">
         <path>C:\opt\ti\ccs9\ccs\tools\compiler\ti-cgt-msp430_18.12.1.LTS\lib\</path>
         <kind>archive</kind>
         <file>rts430_eabi.lib</file>
         <name>ltoa.c.obj</name>
      </input_file>
      <input_file id="fl-72">
         <path>C:\opt\ti\ccs9\ccs\tools\compiler\ti-cgt-msp430_18.12.1.LTS\lib\</path>
         <kind>archive</kind>
         <file>rts430_eabi.lib</file>
         <name>memccpy.c.obj</name>
      </input_file>
      <input_file id="fl-73">
         <path>C:\opt\ti\ccs9\ccs\tools\compiler\ti-cgt-msp430_18.12.1.LTS\lib\</path>
         <kind>archive</kind>
         <file>rts430_eabi.lib</file>
         <name>memchr.c.obj</name>
      </input_file>
      <input_file id="fl-74">
         <path>C:\opt\ti\ccs9\ccs\tools\compiler\ti-cgt-msp430_18.12.1.LTS\lib\</path>
         <kind>archive</kind>
         <file>rts430_eabi.lib</file>
         <name>memcpy.c.obj</name>
      </input_file>
      <input_file id="fl-75">
         <path>C:\opt\ti\ccs9\ccs\tools\compiler\ti-cgt-msp430_18.12.1.LTS\lib\</path>
         <kind>archive</kind>
         <file>rts430_eabi.lib</file>
         <name>memory.c.obj</name>
      </input_file>
      <input_file id="fl-76">
         <path>C:\opt\ti\ccs9\ccs\tools\compiler\ti-cgt-msp430_18.12.1.LTS\lib\</path>
         <kind>archive</kind>
         <file>rts430_eabi.lib</file>
         <name>memset.c.obj</name>
      </input_file>
      <input_file id="fl-77">
         <path>C:\opt\ti\ccs9\ccs\tools\compiler\ti-cgt-msp430_18.12.1.LTS\lib\</path>
         <kind>archive</kind>
         <file>rts430_eabi.lib</file>
         <name>strchr.c.obj</name>
      </input_file>
      <input_file id="fl-78">
         <path>C:\opt\ti\ccs9\ccs\tools\compiler\ti-cgt-msp430_18.12.1.LTS\lib\</path>
         <kind>archive</kind>
         <file>rts430_eabi.lib</file>
         <name>strlen.c.obj</name>
      </input_file>
      <input_file id="fl-79">
         <path>C:\opt\ti\ccs9\ccs\tools\compiler\ti-cgt-msp430_18.12.1.LTS\lib\</path>
         <kind>archive</kind>
         <file>rts430_eabi.lib</file>
         <name>toupper.c.obj</name>
      </input_file>
      <input_file id="fl-7a">
         <path>C:\opt\ti\ccs9\ccs\tools\compiler\ti-cgt-msp430_18.12.1.LTS\lib\</path>
         <kind>archive</kind>
         <file>rts430_eabi.lib</file>
         <name>errno.c.obj</name>
      </input_file>
      <input_file id="fl-7b">
         <path>C:\opt\ti\ccs9\ccs\tools\compiler\ti-cgt-msp430_18.12.1.LTS\lib\</path>
         <kind>archive</kind>
         <file>rts430_eabi.lib</file>
         <name>write.c.obj</name>
      </input_file>
      <input_file id="fl-7c">
         <path>C:\opt\ti\ccs9\ccs\tools\compiler\ti-cgt-msp430_18.12.1.LTS\lib\</path>
         <kind>archive</kind>
         <file>rts430_eabi.lib</file>
         <name>host_device.c.obj</name>
      </input_file>
      <input_file id="fl-7d">
         <path>C:\opt\ti\ccs9\ccs\tools\compiler\ti-cgt-msp430_18.12.1.LTS\lib\</path>
         <kind>archive</kind>
         <file>rts430_eabi.lib</file>
         <name>abs.c.obj</name>
      </input_file>
      <input_file id="fl-7e">
         <path>C:\opt\ti\ccs9\ccs\tools\compiler\ti-cgt-msp430_18.12.1.LTS\lib\</path>
         <kind>archive</kind>
         <file>rts430_eabi.lib</file>
         <name>fflush.c.obj</name>
      </input_file>
      <input_file id="fl-7f">
         <path>C:\opt\ti\ccs9\ccs\tools\compiler\ti-cgt-msp430_18.12.1.LTS\lib\</path>
         <kind>archive</kind>
         <file>rts430_eabi.lib</file>
         <name>fopen.c.obj</name>
      </input_file>
      <input_file id="fl-80">
         <path>C:\opt\ti\ccs9\ccs\tools\compiler\ti-cgt-msp430_18.12.1.LTS\lib\</path>
         <kind>archive</kind>
         <file>rts430_eabi.lib</file>
         <name>fseek.c.obj</name>
      </input_file>
      <input_file id="fl-81">
         <path>C:\opt\ti\ccs9\ccs\tools\compiler\ti-cgt-msp430_18.12.1.LTS\lib\</path>
         <kind>archive</kind>
         <file>rts430_eabi.lib</file>
         <name>asr32.asm.obj</name>
      </input_file>
      <input_file id="fl-82">
         <path>C:\opt\ti\ccs9\ccs\tools\compiler\ti-cgt-msp430_18.12.1.LTS\lib\</path>
         <kind>archive</kind>
         <file>rts430_eabi.lib</file>
         <name>lsl32.asm.obj</name>
      </input_file>
      <input_file id="fl-83">
         <path>C:\opt\ti\ccs9\ccs\tools\compiler\ti-cgt-msp430_18.12.1.LTS\lib\</path>
         <kind>archive</kind>
         <file>rts430_eabi.lib</file>
         <name>lsr32.asm.obj</name>
      </input_file>
      <input_file id="fl-84">
         <path>C:\opt\ti\ccs9\ccs\tools\compiler\ti-cgt-msp430_18.12.1.LTS\lib\</path>
         <kind>archive</kind>
         <file>rts430_eabi.lib</file>
         <name>lsl64.c.obj</name>
      </input_file>
      <input_file id="fl-85">
         <path>C:\opt\ti\ccs9\ccs\tools\compiler\ti-cgt-msp430_18.12.1.LTS\lib\</path>
         <kind>archive</kind>
         <file>rts430_eabi.lib</file>
         <name>frcmpyd.c.obj</name>
      </input_file>
      <input_file id="fl-86">
         <path>C:\opt\ti\ccs9\ccs\tools\compiler\ti-cgt-msp430_18.12.1.LTS\lib\</path>
         <kind>archive</kind>
         <file>rts430_eabi.lib</file>
         <name>hostclose.c.obj</name>
      </input_file>
      <input_file id="fl-87">
         <path>C:\opt\ti\ccs9\ccs\tools\compiler\ti-cgt-msp430_18.12.1.LTS\lib\</path>
         <kind>archive</kind>
         <file>rts430_eabi.lib</file>
         <name>hostlseek.c.obj</name>
      </input_file>
      <input_file id="fl-88">
         <path>C:\opt\ti\ccs9\ccs\tools\compiler\ti-cgt-msp430_18.12.1.LTS\lib\</path>
         <kind>archive</kind>
         <file>rts430_eabi.lib</file>
         <name>hostopen.c.obj</name>
      </input_file>
      <input_file id="fl-89">
         <path>C:\opt\ti\ccs9\ccs\tools\compiler\ti-cgt-msp430_18.12.1.LTS\lib\</path>
         <kind>archive</kind>
         <file>rts430_eabi.lib</file>
         <name>hostread.c.obj</name>
      </input_file>
      <input_file id="fl-8a">
         <path>C:\opt\ti\ccs9\ccs\tools\compiler\ti-cgt-msp430_18.12.1.LTS\lib\</path>
         <kind>archive</kind>
         <file>rts430_eabi.lib</file>
         <name>hostrename.c.obj</name>
      </input_file>
      <input_file id="fl-8b">
         <path>C:\opt\ti\ccs9\ccs\tools\compiler\ti-cgt-msp430_18.12.1.LTS\lib\</path>
         <kind>archive</kind>
         <file>rts430_eabi.lib</file>
         <name>hostunlink.c.obj</name>
      </input_file>
      <input_file id="fl-8c">
         <path>C:\opt\ti\ccs9\ccs\tools\compiler\ti-cgt-msp430_18.12.1.LTS\lib\</path>
         <kind>archive</kind>
         <file>rts430_eabi.lib</file>
         <name>hostwrite.c.obj</name>
      </input_file>
      <input_file id="fl-8d">
         <path>C:\opt\ti\ccs9\ccs\tools\compiler\ti-cgt-msp430_18.12.1.LTS\lib\</path>
         <kind>archive</kind>
         <file>rts430_eabi.lib</file>
         <name>trgmsg.c.obj</name>
      </input_file>
      <input_file id="fl-8e">
         <path>C:\opt\ti\ccs9\ccs\tools\compiler\ti-cgt-msp430_18.12.1.LTS\lib\</path>
         <kind>archive</kind>
         <file>rts430_eabi.lib</file>
         <name>open.c.obj</name>
      </input_file>
      <input_file id="fl-8f">
         <path>C:\opt\ti\ccs9\ccs\tools\compiler\ti-cgt-msp430_18.12.1.LTS\lib\</path>
         <kind>archive</kind>
         <file>rts430_eabi.lib</file>
         <name>lseek.c.obj</name>
      </input_file>
      <input_file id="fl-90">
         <path>C:\opt\ti\ccs9\ccs\tools\compiler\ti-cgt-msp430_18.12.1.LTS\lib\</path>
         <kind>archive</kind>
         <file>rts430_eabi.lib</file>
         <name>fclose.c.obj</name>
      </input_file>
      <input_file id="fl-91">
         <path>C:\opt\ti\ccs9\ccs\tools\compiler\ti-cgt-msp430_18.12.1.LTS\lib\</path>
         <kind>archive</kind>
         <file>rts430_eabi.lib</file>
         <name>getdevice.c.obj</name>
      </input_file>
      <input_file id="fl-92">
         <path>C:\opt\ti\ccs9\ccs\tools\compiler\ti-cgt-msp430_18.12.1.LTS\lib\</path>
         <kind>archive</kind>
         <file>rts430_eabi.lib</file>
         <name>strcmp.c.obj</name>
      </input_file>
      <input_file id="fl-93">
         <path>C:\opt\ti\ccs9\ccs\tools\compiler\ti-cgt-msp430_18.12.1.LTS\lib\</path>
         <kind>archive</kind>
         <file>rts430_eabi.lib</file>
         <name>strcpy.c.obj</name>
      </input_file>
      <input_file id="fl-94">
         <path>C:\opt\ti\ccs9\ccs\tools\compiler\ti-cgt-msp430_18.12.1.LTS\lib\</path>
         <kind>archive</kind>
         <file>rts430_eabi.lib</file>
         <name>strncpy.c.obj</name>
      </input_file>
      <input_file id="fl-95">
         <path>C:\opt\ti\ccs9\ccs\tools\compiler\ti-cgt-msp430_18.12.1.LTS\lib\</path>
         <kind>archive</kind>
         <file>rts430_eabi.lib</file>
         <name>remove.c.obj</name>
      </input_file>
      <input_file id="fl-96">
         <path>C:\opt\ti\ccs9\ccs\tools\compiler\ti-cgt-msp430_18.12.1.LTS\lib\</path>
         <kind>archive</kind>
         <file>rts430_eabi.lib</file>
         <name>close.c.obj</name>
      </input_file>
      <input_file id="fl-97">
         <path>C:\opt\ti\ccs9\ccs\tools\compiler\ti-cgt-msp430_18.12.1.LTS\lib\</path>
         <kind>archive</kind>
         <file>rts430_eabi.lib</file>
         <name>unlink.c.obj</name>
      </input_file>
   </input_file_list>
   <object_component_list>
      <object_component id="oc-4f3">
         <name>.bss</name>
         <uninitialized>true</uninitialized>
         <run_address>0x3d4</run_address>
         <size>0x2</size>
         <input_file_ref idref="fl-75"/>
      </object_component>
      <object_component id="oc-1e8">
         <name>.common:oled_dev</name>
         <uninitialized>true</uninitialized>
         <run_address>0x39c</run_address>
         <size>0x38</size>
      </object_component>
      <object_component id="oc-1eb">
         <name>.common:oled_dev_handle</name>
         <uninitialized>true</uninitialized>
         <run_address>0x3d6</run_address>
         <size>0x2</size>
      </object_component>
      <object_component id="oc-1ec">
         <name>.common:i2c_dev</name>
         <uninitialized>true</uninitialized>
         <run_address>0x350</run_address>
         <size>0x4c</size>
      </object_component>
      <object_component id="oc-168">
         <name>.common:rx_buffer</name>
         <uninitialized>true</uninitialized>
         <run_address>0x300</run_address>
         <size>0x50</size>
      </object_component>
      <object_component id="oc-379">
         <name>.data</name>
         <load_address>0x3d8</load_address>
         <run_address>0x3d8</run_address>
         <size>0x11</size>
         <input_file_ref idref="fl-4"/>
      </object_component>
      <object_component id="oc-165">
         <name>.data</name>
         <load_address>0x3ea</load_address>
         <run_address>0x3ea</run_address>
         <size>0x4</size>
         <input_file_ref idref="fl-9"/>
      </object_component>
      <object_component id="oc-3bb">
         <name>.data:_lock</name>
         <load_address>0x3ee</load_address>
         <run_address>0x3ee</run_address>
         <size>0x2</size>
         <input_file_ref idref="fl-6c"/>
      </object_component>
      <object_component id="oc-3c4">
         <name>.data:_unlock</name>
         <load_address>0x3f0</load_address>
         <run_address>0x3f0</run_address>
         <size>0x2</size>
         <input_file_ref idref="fl-6c"/>
      </object_component>
      <object_component id="oc-4f0">
         <name>.data</name>
         <load_address>0x3f4</load_address>
         <run_address>0x3f4</run_address>
         <size>0x2</size>
         <input_file_ref idref="fl-75"/>
      </object_component>
      <object_component id="oc-54f">
         <name>.data</name>
         <load_address>0x3f2</load_address>
         <run_address>0x3f2</run_address>
         <size>0x2</size>
         <input_file_ref idref="fl-7a"/>
      </object_component>
      <object_component id="oc-d7">
         <name>.sysmem</name>
         <uninitialized>true</uninitialized>
         <run_address>0x200</run_address>
         <size>0x8</size>
         <input_file_ref idref="fl-75"/>
      </object_component>
      <object_component id="oc-745">
         <name>.sysmem</name>
         <uninitialized>true</uninitialized>
         <run_address>0x200</run_address>
         <size>0x0</size>
      </object_component>
      <object_component id="oc-d3">
         <name>.stack</name>
         <uninitialized>true</uninitialized>
         <run_address>0x600</run_address>
         <size>0x2</size>
         <input_file_ref idref="fl-51"/>
      </object_component>
      <object_component id="oc-744">
         <name>.stack</name>
         <uninitialized>true</uninitialized>
         <run_address>0x600</run_address>
         <size>0x0</size>
      </object_component>
      <object_component id="oc-679">
         <name>.text:__TI_frcdivd</name>
         <load_address>0x1100</load_address>
         <run_address>0x1100</run_address>
         <size>0x478</size>
         <input_file_ref idref="fl-66"/>
      </object_component>
      <object_component id="oc-5cd">
         <name>.text:__mspabi_divull</name>
         <load_address>0x1578</load_address>
         <run_address>0x1578</run_address>
         <size>0x360</size>
         <input_file_ref idref="fl-58"/>
      </object_component>
      <object_component id="oc-6ae">
         <name>.text:__mspabi_addd</name>
         <load_address>0x18d8</load_address>
         <run_address>0x18d8</run_address>
         <size>0x2fa</size>
         <input_file_ref idref="fl-5d"/>
      </object_component>
      <object_component id="oc-3a1">
         <name>.text:__TI_printfi</name>
         <load_address>0x1bd2</load_address>
         <run_address>0x1bd2</run_address>
         <size>0x288</size>
         <input_file_ref idref="fl-25"/>
      </object_component>
      <object_component id="oc-671">
         <name>.text:__TI_frcmpyd</name>
         <load_address>0x1e5a</load_address>
         <run_address>0x1e5a</run_address>
         <size>0x286</size>
         <input_file_ref idref="fl-85"/>
      </object_component>
      <object_component id="oc-607">
         <name>.text:__mspabi_mpyd</name>
         <load_address>0x20e0</load_address>
         <run_address>0x20e0</run_address>
         <size>0x26e</size>
         <input_file_ref idref="fl-67"/>
      </object_component>
      <object_component id="oc-53b">
         <name>.text:_pproc_fgea</name>
         <load_address>0x234e</load_address>
         <run_address>0x234e</run_address>
         <size>0x26e</size>
         <input_file_ref idref="fl-25"/>
      </object_component>
      <object_component id="oc-6d7">
         <name>.text:__TI_frcaddd</name>
         <load_address>0x25bc</load_address>
         <run_address>0x25bc</run_address>
         <size>0x260</size>
         <input_file_ref idref="fl-65"/>
      </object_component>
      <object_component id="oc-316">
         <name>.text:dht11_float_2_ascii</name>
         <load_address>0x281c</load_address>
         <run_address>0x281c</run_address>
         <size>0x25c</size>
         <input_file_ref idref="fl-2"/>
      </object_component>
      <object_component id="oc-290">
         <name>.text:ds18b20_float_2_ascii</name>
         <load_address>0x2a78</load_address>
         <run_address>0x2a78</run_address>
         <size>0x25c</size>
         <input_file_ref idref="fl-3"/>
      </object_component>
      <object_component id="oc-4a1">
         <name>.text:_setfield</name>
         <load_address>0x2cd4</load_address>
         <run_address>0x2cd4</run_address>
         <size>0x252</size>
         <input_file_ref idref="fl-25"/>
      </object_component>
      <object_component id="oc-61a">
         <name>.text:acvt</name>
         <load_address>0x2f26</load_address>
         <run_address>0x2f26</run_address>
         <size>0x244</size>
         <input_file_ref idref="fl-25"/>
      </object_component>
      <object_component id="oc-60d">
         <name>.text:__mspabi_divd</name>
         <load_address>0x316a</load_address>
         <run_address>0x316a</run_address>
         <size>0x238</size>
         <input_file_ref idref="fl-60"/>
      </object_component>
      <object_component id="oc-57d">
         <name>.text:_getarg_diouxp</name>
         <load_address>0x33a2</load_address>
         <run_address>0x33a2</run_address>
         <size>0x1ec</size>
         <input_file_ref idref="fl-25"/>
      </object_component>
      <object_component id="oc-5e7">
         <name>.text:ecvt</name>
         <load_address>0x358e</load_address>
         <run_address>0x358e</run_address>
         <size>0x1de</size>
         <input_file_ref idref="fl-25"/>
      </object_component>
      <object_component id="oc-5fa">
         <name>.text:fcvt</name>
         <load_address>0x376c</load_address>
         <run_address>0x376c</run_address>
         <size>0x1c4</size>
         <input_file_ref idref="fl-25"/>
      </object_component>
      <object_component id="oc-367">
         <name>.text:oled_init_device</name>
         <load_address>0x3930</load_address>
         <run_address>0x3930</run_address>
         <size>0x1b2</size>
         <input_file_ref idref="fl-8"/>
      </object_component>
      <object_component id="oc-5a7">
         <name>.text:_pconv_e</name>
         <load_address>0x3ae2</load_address>
         <run_address>0x3ae2</run_address>
         <size>0x1a6</size>
         <input_file_ref idref="fl-25"/>
      </object_component>
      <object_component id="oc-5ad">
         <name>.text:_pconv_a</name>
         <load_address>0x3c88</load_address>
         <run_address>0x3c88</run_address>
         <size>0x174</size>
         <input_file_ref idref="fl-25"/>
      </object_component>
      <object_component id="oc-688">
         <name>.text:scalbn</name>
         <load_address>0x3dfc</load_address>
         <run_address>0x3dfc</run_address>
         <size>0x16a</size>
         <input_file_ref idref="fl-2c"/>
      </object_component>
      <object_component id="oc-17a">
         <name>.text:main</name>
         <load_address>0x3f66</load_address>
         <run_address>0x3f66</run_address>
         <size>0x158</size>
         <input_file_ref idref="fl-7"/>
      </object_component>
      <object_component id="oc-20b">
         <name>.text:esp8266_init</name>
         <load_address>0x40be</load_address>
         <run_address>0x40be</run_address>
         <size>0x150</size>
         <input_file_ref idref="fl-4"/>
      </object_component>
      <object_component id="oc-535">
         <name>.text:_pproc_diouxp</name>
         <load_address>0x420e</load_address>
         <run_address>0x420e</run_address>
         <size>0x14c</size>
         <input_file_ref idref="fl-25"/>
      </object_component>
      <object_component id="oc-583">
         <name>.text:_ltostr</name>
         <load_address>0x435a</load_address>
         <run_address>0x435a</run_address>
         <size>0x12e</size>
         <input_file_ref idref="fl-25"/>
      </object_component>
      <object_component id="oc-59b">
         <name>.text:_pconv_g</name>
         <load_address>0x4488</load_address>
         <run_address>0x4488</run_address>
         <size>0xf8</size>
         <input_file_ref idref="fl-25"/>
      </object_component>
      <object_component id="oc-3f1">
         <name>.text:aligned_alloc</name>
         <load_address>0x4580</load_address>
         <run_address>0x4580</run_address>
         <size>0xe6</size>
         <input_file_ref idref="fl-75"/>
      </object_component>
      <object_component id="oc-49b">
         <name>.text:_pproc_fwp</name>
         <load_address>0x4666</load_address>
         <run_address>0x4666</run_address>
         <size>0xe0</size>
         <input_file_ref idref="fl-25"/>
      </object_component>
      <object_component id="oc-5b3">
         <name>.text:__mspabi_cmpd</name>
         <load_address>0x4746</load_address>
         <run_address>0x4746</run_address>
         <size>0xdc</size>
         <input_file_ref idref="fl-5e"/>
      </object_component>
      <object_component id="oc-310">
         <name>.text:dht11_get_all_value</name>
         <load_address>0x4822</load_address>
         <run_address>0x4822</run_address>
         <size>0xc6</size>
         <input_file_ref idref="fl-2"/>
      </object_component>
      <object_component id="oc-4ad">
         <name>.text:_pproc_wstr</name>
         <load_address>0x48e8</load_address>
         <run_address>0x48e8</run_address>
         <size>0xc4</size>
         <input_file_ref idref="fl-25"/>
      </object_component>
      <object_component id="oc-413">
         <name>.text</name>
         <load_address>0x49ac</load_address>
         <run_address>0x49ac</run_address>
         <size>0xc4</size>
         <input_file_ref idref="fl-37"/>
      </object_component>
      <object_component id="oc-6f2">
         <name>.text:__TI_renormd</name>
         <load_address>0x4a70</load_address>
         <run_address>0x4a70</run_address>
         <size>0xbe</size>
         <input_file_ref idref="fl-69"/>
      </object_component>
      <object_component id="oc-21e">
         <name>.text:esp8266_write_to_host</name>
         <load_address>0x4b2e</load_address>
         <run_address>0x4b2e</run_address>
         <size>0xbc</size>
         <input_file_ref idref="fl-4"/>
      </object_component>
      <object_component id="oc-614">
         <name>.text:frexp</name>
         <load_address>0x4bea</load_address>
         <run_address>0x4bea</run_address>
         <size>0xb0</size>
         <input_file_ref idref="fl-2b"/>
      </object_component>
      <object_component id="oc-349">
         <name>.text:oled_shownum</name>
         <load_address>0x4c9a</load_address>
         <run_address>0x4c9a</run_address>
         <size>0xae</size>
         <input_file_ref idref="fl-8"/>
      </object_component>
      <object_component id="oc-654">
         <name>.text:__mspabi_fltlid</name>
         <load_address>0x4d48</load_address>
         <run_address>0x4d48</run_address>
         <size>0xac</size>
         <input_file_ref idref="fl-64"/>
      </object_component>
      <object_component id="oc-4a7">
         <name>.text:_pproc_str</name>
         <load_address>0x4df4</load_address>
         <run_address>0x4df4</run_address>
         <size>0xac</size>
         <input_file_ref idref="fl-25"/>
      </object_component>
      <object_component id="oc-296">
         <name>.text:ds18b20_get_temp</name>
         <load_address>0x4ea0</load_address>
         <run_address>0x4ea0</run_address>
         <size>0xa0</size>
         <input_file_ref idref="fl-3"/>
      </object_component>
      <object_component id="oc-432">
         <name>.text</name>
         <load_address>0x4f40</load_address>
         <run_address>0x4f40</run_address>
         <size>0x9c</size>
         <input_file_ref idref="fl-35"/>
      </object_component>
      <object_component id="oc-5f3">
         <name>.text:_mcpy</name>
         <load_address>0x4fdc</load_address>
         <run_address>0x4fdc</run_address>
         <size>0x92</size>
         <input_file_ref idref="fl-25"/>
      </object_component>
      <object_component id="oc-5ed">
         <name>.text:_ecpy</name>
         <load_address>0x506e</load_address>
         <run_address>0x506e</run_address>
         <size>0x8e</size>
         <input_file_ref idref="fl-25"/>
      </object_component>
      <object_component id="oc-64e">
         <name>.text:ltoa</name>
         <load_address>0x50fc</load_address>
         <run_address>0x50fc</run_address>
         <size>0x84</size>
         <input_file_ref idref="fl-71"/>
      </object_component>
      <object_component id="oc-1dc">
         <name>.text:ds18b20_new_device</name>
         <load_address>0x5180</load_address>
         <run_address>0x5180</run_address>
         <size>0x82</size>
         <input_file_ref idref="fl-3"/>
      </object_component>
      <object_component id="oc-33d">
         <name>.text:oled_showchar</name>
         <load_address>0x5202</load_address>
         <run_address>0x5202</run_address>
         <size>0x80</size>
         <input_file_ref idref="fl-8"/>
      </object_component>
      <object_component id="oc-409">
         <name>.text</name>
         <load_address>0x5282</load_address>
         <run_address>0x5282</run_address>
         <size>0x7e</size>
         <input_file_ref idref="fl-39"/>
      </object_component>
      <object_component id="oc-32">
         <name>.text:decompress:lzss:__TI_decompress_lzss</name>
         <load_address>0x5300</load_address>
         <run_address>0x5300</run_address>
         <size>0x7c</size>
         <input_file_ref idref="fl-5c"/>
      </object_component>
      <object_component id="oc-5a1">
         <name>.text:_pconv_f</name>
         <load_address>0x537c</load_address>
         <run_address>0x537c</run_address>
         <size>0x7a</size>
         <input_file_ref idref="fl-25"/>
      </object_component>
      <object_component id="oc-343">
         <name>.text:oled_showchinese</name>
         <load_address>0x53f6</load_address>
         <run_address>0x53f6</run_address>
         <size>0x7a</size>
         <input_file_ref idref="fl-8"/>
      </object_component>
      <object_component id="oc-648">
         <name>.text:__mspabi_fixdli</name>
         <load_address>0x5470</load_address>
         <run_address>0x5470</run_address>
         <size>0x72</size>
         <input_file_ref idref="fl-62"/>
      </object_component>
      <object_component id="oc-28a">
         <name>.text:ds18b20_config</name>
         <load_address>0x54e2</load_address>
         <run_address>0x54e2</run_address>
         <size>0x72</size>
         <input_file_ref idref="fl-3"/>
      </object_component>
      <object_component id="oc-27e">
         <name>.text:ds18b20_pin_set</name>
         <load_address>0x5554</load_address>
         <run_address>0x5554</run_address>
         <size>0x70</size>
         <input_file_ref idref="fl-3"/>
      </object_component>
      <object_component id="oc-502">
         <name>.text:split</name>
         <load_address>0x55c4</load_address>
         <run_address>0x55c4</run_address>
         <size>0x6e</size>
         <input_file_ref idref="fl-75"/>
      </object_component>
      <object_component id="oc-2fe">
         <name>.text:dht11_read_sensor</name>
         <load_address>0x5632</load_address>
         <run_address>0x5632</run_address>
         <size>0x6a</size>
         <input_file_ref idref="fl-2"/>
      </object_component>
      <object_component id="oc-211">
         <name>.text:__mspabi_cvtfd</name>
         <load_address>0x569c</load_address>
         <run_address>0x569c</run_address>
         <size>0x68</size>
         <input_file_ref idref="fl-5f"/>
      </object_component>
      <object_component id="oc-30a">
         <name>.text:dht11_get_humi_float</name>
         <load_address>0x5704</load_address>
         <run_address>0x5704</run_address>
         <size>0x66</size>
         <input_file_ref idref="fl-2"/>
      </object_component>
      <object_component id="oc-304">
         <name>.text:dht11_get_temp_float</name>
         <load_address>0x576a</load_address>
         <run_address>0x576a</run_address>
         <size>0x66</size>
         <input_file_ref idref="fl-2"/>
      </object_component>
      <object_component id="oc-35b">
         <name>.text:oled_write_data</name>
         <load_address>0x57d0</load_address>
         <run_address>0x57d0</run_address>
         <size>0x66</size>
         <input_file_ref idref="fl-8"/>
      </object_component>
      <object_component id="oc-361">
         <name>.text:oled_write_command</name>
         <load_address>0x5836</load_address>
         <run_address>0x5836</run_address>
         <size>0x64</size>
         <input_file_ref idref="fl-8"/>
      </object_component>
      <object_component id="oc-1e2">
         <name>.text:dht11_new_device</name>
         <load_address>0x589a</load_address>
         <run_address>0x589a</run_address>
         <size>0x5e</size>
         <input_file_ref idref="fl-2"/>
      </object_component>
      <object_component id="oc-2ae">
         <name>.text:ds18b20_read_byte</name>
         <load_address>0x58f8</load_address>
         <run_address>0x58f8</run_address>
         <size>0x5e</size>
         <input_file_ref idref="fl-3"/>
      </object_component>
      <object_component id="oc-31f">
         <name>.text:oled_clear</name>
         <load_address>0x5956</load_address>
         <run_address>0x5956</run_address>
         <size>0x5e</size>
         <input_file_ref idref="fl-8"/>
      </object_component>
      <object_component id="oc-6a7">
         <name>.text:l_lsr_const</name>
         <load_address>0x59b4</load_address>
         <run_address>0x59b4</run_address>
         <size>0x5c</size>
         <input_file_ref idref="fl-83"/>
      </object_component>
      <object_component id="oc-1ed">
         <name>.text:oled_init</name>
         <load_address>0x5a10</load_address>
         <run_address>0x5a10</run_address>
         <size>0x5c</size>
         <input_file_ref idref="fl-8"/>
      </object_component>
      <object_component id="oc-453">
         <name>.text</name>
         <load_address>0x5a6c</load_address>
         <run_address>0x5a6c</run_address>
         <size>0x58</size>
         <input_file_ref idref="fl-32"/>
      </object_component>
      <object_component id="oc-2cc">
         <name>.text:ds18b20_write_byte</name>
         <load_address>0x5ac4</load_address>
         <run_address>0x5ac4</run_address>
         <size>0x56</size>
         <input_file_ref idref="fl-3"/>
      </object_component>
      <object_component id="oc-527">
         <name>.text:atoi</name>
         <load_address>0x5b1a</load_address>
         <run_address>0x5b1a</run_address>
         <size>0x52</size>
         <input_file_ref idref="fl-6e"/>
      </object_component>
      <object_component id="oc-600">
         <name>.text:_fcpy</name>
         <load_address>0x5b6c</load_address>
         <run_address>0x5b6c</run_address>
         <size>0x4e</size>
         <input_file_ref idref="fl-25"/>
      </object_component>
      <object_component id="oc-278">
         <name>.text:ds18b20_init</name>
         <load_address>0x5bba</load_address>
         <run_address>0x5bba</run_address>
         <size>0x4e</size>
         <input_file_ref idref="fl-3"/>
      </object_component>
      <object_component id="oc-2f8">
         <name>.text:dht11_read_byte</name>
         <load_address>0x5c08</load_address>
         <run_address>0x5c08</run_address>
         <size>0x4c</size>
         <input_file_ref idref="fl-2"/>
      </object_component>
      <object_component id="oc-df">
         <name>.text</name>
         <load_address>0x5c54</load_address>
         <run_address>0x5c54</run_address>
         <size>0x4c</size>
         <input_file_ref idref="fl-49"/>
      </object_component>
      <object_component id="oc-3ff">
         <name>.text</name>
         <load_address>0x5ca0</load_address>
         <run_address>0x5ca0</run_address>
         <size>0x4a</size>
         <input_file_ref idref="fl-34"/>
      </object_component>
      <object_component id="oc-5d8">
         <name>.text:__mspabi_srlll</name>
         <load_address>0x5cea</load_address>
         <run_address>0x5cea</run_address>
         <size>0x46</size>
         <input_file_ref idref="fl-57"/>
      </object_component>
      <object_component id="oc-632">
         <name>.text:__mspabi_sllll</name>
         <load_address>0x5d30</load_address>
         <run_address>0x5d30</run_address>
         <size>0x44</size>
         <input_file_ref idref="fl-84"/>
      </object_component>
      <object_component id="oc-237">
         <name>.text:__TI_auto_init_nobinit_nopinit:__TI_auto_init_nobinit_nopinit</name>
         <load_address>0x5d74</load_address>
         <run_address>0x5d74</run_address>
         <size>0x42</size>
         <input_file_ref idref="fl-52"/>
      </object_component>
      <object_component id="oc-337">
         <name>.text:oled_set_pos</name>
         <load_address>0x5db6</load_address>
         <run_address>0x5db6</run_address>
         <size>0x42</size>
         <input_file_ref idref="fl-8"/>
      </object_component>
      <object_component id="oc-34f">
         <name>.text:oled_showstring</name>
         <load_address>0x5df8</load_address>
         <run_address>0x5df8</run_address>
         <size>0x42</size>
         <input_file_ref idref="fl-8"/>
      </object_component>
      <object_component id="oc-40e">
         <name>.text</name>
         <load_address>0x5e3a</load_address>
         <run_address>0x5e3a</run_address>
         <size>0x40</size>
         <input_file_ref idref="fl-31"/>
      </object_component>
      <object_component id="oc-389">
         <name>.text:l_asr_const</name>
         <load_address>0x5e7a</load_address>
         <run_address>0x5e7a</run_address>
         <size>0x3e</size>
         <input_file_ref idref="fl-81"/>
      </object_component>
      <object_component id="oc-69f">
         <name>.text:l_lsl_const</name>
         <load_address>0x5eb8</load_address>
         <run_address>0x5eb8</run_address>
         <size>0x3e</size>
         <input_file_ref idref="fl-82"/>
      </object_component>
      <object_component id="oc-2da">
         <name>.text:dht11_reset</name>
         <load_address>0x5ef6</load_address>
         <run_address>0x5ef6</run_address>
         <size>0x38</size>
         <input_file_ref idref="fl-2"/>
      </object_component>
      <object_component id="oc-218">
         <name>.text:sprintf</name>
         <load_address>0x5f2e</load_address>
         <run_address>0x5f2e</run_address>
         <size>0x38</size>
         <input_file_ref idref="fl-26"/>
      </object_component>
      <object_component id="oc-106">
         <name>.text:UART0_RXISR</name>
         <load_address>0x5f66</load_address>
         <run_address>0x5f66</run_address>
         <size>0x36</size>
         <input_file_ref idref="fl-7"/>
      </object_component>
      <object_component id="oc-419">
         <name>.text</name>
         <load_address>0x5f9c</load_address>
         <run_address>0x5f9c</run_address>
         <size>0x36</size>
         <input_file_ref idref="fl-36"/>
      </object_component>
      <object_component id="oc-325">
         <name>.text:oled_display_off</name>
         <load_address>0x5fd2</load_address>
         <run_address>0x5fd2</run_address>
         <size>0x30</size>
         <input_file_ref idref="fl-8"/>
      </object_component>
      <object_component id="oc-32b">
         <name>.text:oled_display_on</name>
         <load_address>0x6002</load_address>
         <run_address>0x6002</run_address>
         <size>0x30</size>
         <input_file_ref idref="fl-8"/>
      </object_component>
      <object_component id="oc-65a">
         <name>.text:__mspabi_subd</name>
         <load_address>0x6032</load_address>
         <run_address>0x6032</run_address>
         <size>0x2e</size>
         <input_file_ref idref="fl-6a"/>
      </object_component>
      <object_component id="oc-6c6">
         <name>.text:copysign</name>
         <load_address>0x6060</load_address>
         <run_address>0x6060</run_address>
         <size>0x2e</size>
         <input_file_ref idref="fl-2e"/>
      </object_component>
      <object_component id="oc-2c6">
         <name>.text:ds18b20_save_temp_string</name>
         <load_address>0x608e</load_address>
         <run_address>0x608e</run_address>
         <size>0x2e</size>
         <input_file_ref idref="fl-3"/>
      </object_component>
      <object_component id="oc-516">
         <name>.text</name>
         <load_address>0x60bc</load_address>
         <run_address>0x60bc</run_address>
         <size>0x2e</size>
         <input_file_ref idref="fl-4e"/>
      </object_component>
      <object_component id="oc-1f9">
         <name>.text:uart_0_init</name>
         <load_address>0x60ea</load_address>
         <run_address>0x60ea</run_address>
         <size>0x2e</size>
         <input_file_ref idref="fl-9"/>
      </object_component>
      <object_component id="oc-1ff">
         <name>.text:uart_1_init</name>
         <load_address>0x6118</load_address>
         <run_address>0x6118</run_address>
         <size>0x2e</size>
         <input_file_ref idref="fl-9"/>
      </object_component>
      <object_component id="oc-46f">
         <name>.text:i2c_write_byte</name>
         <load_address>0x6146</load_address>
         <run_address>0x6146</run_address>
         <size>0x2c</size>
         <input_file_ref idref="fl-5"/>
      </object_component>
      <object_component id="oc-384">
         <name>.text</name>
         <load_address>0x6172</load_address>
         <run_address>0x6172</run_address>
         <size>0x2c</size>
         <input_file_ref idref="fl-2f"/>
      </object_component>
      <object_component id="oc-da">
         <name>.text</name>
         <load_address>0x619e</load_address>
         <run_address>0x619e</run_address>
         <size>0x2c</size>
         <input_file_ref idref="fl-48"/>
      </object_component>
      <object_component id="oc-595">
         <name>.text:__mspabi_negd</name>
         <load_address>0x61ca</load_address>
         <run_address>0x61ca</run_address>
         <size>0x2a</size>
         <input_file_ref idref="fl-68"/>
      </object_component>
      <object_component id="oc-2b4">
         <name>.text:ds18b20_read_bytes</name>
         <load_address>0x61f4</load_address>
         <run_address>0x61f4</run_address>
         <size>0x2a</size>
         <input_file_ref idref="fl-3"/>
      </object_component>
      <object_component id="oc-660">
         <name>.text:__mspabi_fixdi</name>
         <load_address>0x621e</load_address>
         <run_address>0x621e</run_address>
         <size>0x28</size>
         <input_file_ref idref="fl-61"/>
      </object_component>
      <object_component id="oc-4fc">
         <name>.text:free_list_insert</name>
         <load_address>0x6246</load_address>
         <run_address>0x6246</run_address>
         <size>0x28</size>
         <input_file_ref idref="fl-75"/>
      </object_component>
      <object_component id="oc-36d">
         <name>.text:i2c_init</name>
         <load_address>0x626e</load_address>
         <run_address>0x626e</run_address>
         <size>0x22</size>
         <input_file_ref idref="fl-5"/>
      </object_component>
      <object_component id="oc-44d">
         <name>.text:oled_pow</name>
         <load_address>0x6290</load_address>
         <run_address>0x6290</run_address>
         <size>0x22</size>
         <input_file_ref idref="fl-8"/>
      </object_component>
      <object_component id="oc-2d4">
         <name>.text:dht11_init</name>
         <load_address>0x62b2</load_address>
         <run_address>0x62b2</run_address>
         <size>0x1e</size>
         <input_file_ref idref="fl-2"/>
      </object_component>
      <object_component id="oc-2ba">
         <name>.text:ds18b20_read_id</name>
         <load_address>0x62d0</load_address>
         <run_address>0x62d0</run_address>
         <size>0x1e</size>
         <input_file_ref idref="fl-3"/>
      </object_component>
      <object_component id="oc-11e">
         <name>.text:_c_int00_noargs</name>
         <load_address>0x62ee</load_address>
         <run_address>0x62ee</run_address>
         <size>0x1c</size>
         <input_file_ref idref="fl-51"/>
      </object_component>
      <object_component id="oc-284">
         <name>.text:ds18b20_check_crc</name>
         <load_address>0x630a</load_address>
         <run_address>0x630a</run_address>
         <size>0x1c</size>
         <input_file_ref idref="fl-3"/>
      </object_component>
      <object_component id="oc-4f6">
         <name>.text:free_list_remove</name>
         <load_address>0x6326</load_address>
         <run_address>0x6326</run_address>
         <size>0x1c</size>
         <input_file_ref idref="fl-75"/>
      </object_component>
      <object_component id="oc-395">
         <name>.text:_outs</name>
         <load_address>0x6342</load_address>
         <run_address>0x6342</run_address>
         <size>0x1a</size>
         <input_file_ref idref="fl-26"/>
      </object_component>
      <object_component id="oc-541">
         <name>.text:memccpy</name>
         <load_address>0x635c</load_address>
         <run_address>0x635c</run_address>
         <size>0x1a</size>
         <input_file_ref idref="fl-72"/>
      </object_component>
      <object_component id="oc-68e">
         <name>.text:strchr</name>
         <load_address>0x6376</load_address>
         <run_address>0x6376</run_address>
         <size>0x1a</size>
         <input_file_ref idref="fl-77"/>
      </object_component>
      <object_component id="oc-2a8">
         <name>.text:ds18b20_hw_read_line</name>
         <load_address>0x6390</load_address>
         <run_address>0x6390</run_address>
         <size>0x16</size>
         <input_file_ref idref="fl-3"/>
      </object_component>
      <object_component id="oc-5d3">
         <name>.text</name>
         <load_address>0x63a6</load_address>
         <run_address>0x63a6</run_address>
         <size>0x16</size>
         <input_file_ref idref="fl-30"/>
      </object_component>
      <object_component id="oc-486">
         <name>.text:uart_0_send_str</name>
         <load_address>0x63bc</load_address>
         <run_address>0x63bc</run_address>
         <size>0x16</size>
         <input_file_ref idref="fl-9"/>
      </object_component>
      <object_component id="oc-10c">
         <name>.text:decompress:ZI:__TI_zero_init_nomemset:__TI_zero_init_nomemset</name>
         <load_address>0x63d2</load_address>
         <run_address>0x63d2</run_address>
         <size>0x14</size>
         <input_file_ref idref="fl-53"/>
      </object_component>
      <object_component id="oc-2f2">
         <name>.text:dht11_read_bit</name>
         <load_address>0x63e6</load_address>
         <run_address>0x63e6</run_address>
         <size>0x14</size>
         <input_file_ref idref="fl-2"/>
      </object_component>
      <object_component id="oc-52e">
         <name>.text:memset</name>
         <load_address>0x63fa</load_address>
         <run_address>0x63fa</run_address>
         <size>0x14</size>
         <input_file_ref idref="fl-76"/>
      </object_component>
      <object_component id="oc-458">
         <name>.text</name>
         <load_address>0x640e</load_address>
         <run_address>0x640e</run_address>
         <size>0x14</size>
         <input_file_ref idref="fl-4b"/>
      </object_component>
      <object_component id="oc-1d0">
         <name>.text:system_clk_init</name>
         <load_address>0x6422</load_address>
         <run_address>0x6422</run_address>
         <size>0x14</size>
         <input_file_ref idref="fl-7"/>
      </object_component>
      <object_component id="oc-1f3">
         <name>.text:uart_gpio_init</name>
         <load_address>0x6436</load_address>
         <run_address>0x6436</run_address>
         <size>0x14</size>
         <input_file_ref idref="fl-9"/>
      </object_component>
      <object_component id="oc-549">
         <name>.text:wcslen</name>
         <load_address>0x644a</load_address>
         <run_address>0x644a</run_address>
         <size>0x14</size>
         <input_file_ref idref="fl-2d"/>
      </object_component>
      <object_component id="oc-39b">
         <name>.text:_outc</name>
         <load_address>0x645e</load_address>
         <run_address>0x645e</run_address>
         <size>0x12</size>
         <input_file_ref idref="fl-26"/>
      </object_component>
      <object_component id="oc-38">
         <name>.text:decompress:none:__TI_decompress_none</name>
         <load_address>0x6470</load_address>
         <run_address>0x6470</run_address>
         <size>0x12</size>
         <input_file_ref idref="fl-5b"/>
      </object_component>
      <object_component id="oc-463">
         <name>.text:i2c_start</name>
         <load_address>0x6482</load_address>
         <run_address>0x6482</run_address>
         <size>0x12</size>
         <input_file_ref idref="fl-5"/>
      </object_component>
      <object_component id="oc-638">
         <name>.text:l_lsr</name>
         <load_address>0x6494</load_address>
         <run_address>0x6494</run_address>
         <size>0x12</size>
         <input_file_ref idref="fl-83"/>
      </object_component>
      <object_component id="oc-1d6">
         <name>.text:led_init</name>
         <load_address>0x64a6</load_address>
         <run_address>0x64a6</run_address>
         <size>0x12</size>
         <input_file_ref idref="fl-6"/>
      </object_component>
      <object_component id="oc-f4">
         <name>.text:memcpy</name>
         <load_address>0x64b8</load_address>
         <run_address>0x64b8</run_address>
         <size>0x12</size>
         <input_file_ref idref="fl-74"/>
      </object_component>
      <object_component id="oc-355">
         <name>.text:oled_wr_byte</name>
         <load_address>0x64ca</load_address>
         <run_address>0x64ca</run_address>
         <size>0x12</size>
         <input_file_ref idref="fl-8"/>
      </object_component>
      <object_component id="oc-6ed">
         <name>.text:l_asr</name>
         <load_address>0x64dc</load_address>
         <run_address>0x64dc</run_address>
         <size>0x10</size>
         <input_file_ref idref="fl-81"/>
      </object_component>
      <object_component id="oc-6e8">
         <name>.text:l_lsl</name>
         <load_address>0x64ec</load_address>
         <run_address>0x64ec</run_address>
         <size>0x10</size>
         <input_file_ref idref="fl-82"/>
      </object_component>
      <object_component id="oc-e4">
         <name>.text</name>
         <load_address>0x64fc</load_address>
         <run_address>0x64fc</run_address>
         <size>0x10</size>
         <input_file_ref idref="fl-33"/>
      </object_component>
      <object_component id="oc-2e0">
         <name>.text:dht11_pin_set</name>
         <load_address>0x650c</load_address>
         <run_address>0x650c</run_address>
         <size>0xe</size>
         <input_file_ref idref="fl-2"/>
      </object_component>
      <object_component id="oc-469">
         <name>.text:i2c_stop</name>
         <load_address>0x651a</load_address>
         <run_address>0x651a</run_address>
         <size>0xe</size>
         <input_file_ref idref="fl-5"/>
      </object_component>
      <object_component id="oc-495">
         <name>.text:strlen</name>
         <load_address>0x6528</load_address>
         <run_address>0x6528</run_address>
         <size>0xe</size>
         <input_file_ref idref="fl-78"/>
      </object_component>
      <object_component id="oc-4c1">
         <name>.text:uart_0_put_char</name>
         <load_address>0x6536</load_address>
         <run_address>0x6536</run_address>
         <size>0xe</size>
         <input_file_ref idref="fl-9"/>
      </object_component>
      <object_component id="oc-694">
         <name>.text:__mspabi_fltid</name>
         <load_address>0x6544</load_address>
         <run_address>0x6544</run_address>
         <size>0xc</size>
         <input_file_ref idref="fl-63"/>
      </object_component>
      <object_component id="oc-331">
         <name>.text:oled_pin_init</name>
         <load_address>0x6550</load_address>
         <run_address>0x6550</run_address>
         <size>0xc</size>
         <input_file_ref idref="fl-8"/>
      </object_component>
      <object_component id="oc-58f">
         <name>.text:toupper</name>
         <load_address>0x655c</load_address>
         <run_address>0x655c</run_address>
         <size>0xc</size>
         <input_file_ref idref="fl-79"/>
      </object_component>
      <object_component id="oc-667">
         <name>.text:abs</name>
         <load_address>0x6568</load_address>
         <run_address>0x6568</run_address>
         <size>0xa</size>
         <input_file_ref idref="fl-7d"/>
      </object_component>
      <object_component id="oc-29c">
         <name>.text:ds18b20_hw_set_high</name>
         <load_address>0x6572</load_address>
         <run_address>0x6572</run_address>
         <size>0xa</size>
         <input_file_ref idref="fl-3"/>
      </object_component>
      <object_component id="oc-2a2">
         <name>.text:ds18b20_hw_set_low</name>
         <load_address>0x657c</load_address>
         <run_address>0x657c</run_address>
         <size>0xa</size>
         <input_file_ref idref="fl-3"/>
      </object_component>
      <object_component id="oc-475">
         <name>.text:i2c_wait_ack</name>
         <load_address>0x6586</load_address>
         <run_address>0x6586</run_address>
         <size>0xa</size>
         <input_file_ref idref="fl-5"/>
      </object_component>
      <object_component id="oc-404">
         <name>.text</name>
         <load_address>0x6590</load_address>
         <run_address>0x6590</run_address>
         <size>0xa</size>
         <input_file_ref idref="fl-38"/>
      </object_component>
      <object_component id="oc-101">
         <name>.text:_isr:__TI_ISR_TRAP</name>
         <load_address>0x659a</load_address>
         <run_address>0x659a</run_address>
         <size>0x8</size>
         <input_file_ref idref="fl-47"/>
      </object_component>
      <object_component id="oc-2ec">
         <name>.text:dht11_read_line</name>
         <load_address>0x65a2</load_address>
         <run_address>0x65a2</run_address>
         <size>0x8</size>
         <input_file_ref idref="fl-2"/>
      </object_component>
      <object_component id="oc-2e6">
         <name>.text:dht11_scan</name>
         <load_address>0x65aa</load_address>
         <run_address>0x65aa</run_address>
         <size>0x8</size>
         <input_file_ref idref="fl-2"/>
      </object_component>
      <object_component id="oc-272">
         <name>.text:malloc</name>
         <load_address>0x65b2</load_address>
         <run_address>0x65b2</run_address>
         <size>0x8</size>
         <input_file_ref idref="fl-75"/>
      </object_component>
      <object_component id="oc-22b">
         <name>.text:abort</name>
         <load_address>0x65ba</load_address>
         <run_address>0x65ba</run_address>
         <size>0x6</size>
         <input_file_ref idref="fl-6b"/>
      </object_component>
      <object_component id="oc-224">
         <name>.text:led_clear</name>
         <load_address>0x65c0</load_address>
         <run_address>0x65c0</run_address>
         <size>0x6</size>
         <input_file_ref idref="fl-6"/>
      </object_component>
      <object_component id="oc-205">
         <name>.text:led_set</name>
         <load_address>0x65c6</load_address>
         <run_address>0x65c6</run_address>
         <size>0x6</size>
         <input_file_ref idref="fl-6"/>
      </object_component>
      <object_component id="oc-37c">
         <name>.text:scia_msg</name>
         <load_address>0x65cc</load_address>
         <run_address>0x65cc</run_address>
         <size>0x6</size>
         <input_file_ref idref="fl-4"/>
      </object_component>
      <object_component id="oc-3a9">
         <name>.text:scia_xmit</name>
         <load_address>0x65d2</load_address>
         <run_address>0x65d2</run_address>
         <size>0x6</size>
         <input_file_ref idref="fl-4"/>
      </object_component>
      <object_component id="oc-174">
         <name>.text:_system_pre_init</name>
         <load_address>0x65d8</load_address>
         <run_address>0x65d8</run_address>
         <size>0x4</size>
         <input_file_ref idref="fl-59"/>
      </object_component>
      <object_component id="oc-4ca">
         <name>.text:_nop</name>
         <load_address>0x65dc</load_address>
         <run_address>0x65dc</run_address>
         <size>0x2</size>
         <input_file_ref idref="fl-6c"/>
      </object_component>
      <object_component id="oc-3c9">
         <name>.text:_system_post_cinit</name>
         <load_address>0x65de</load_address>
         <run_address>0x65de</run_address>
         <size>0x2</size>
         <input_file_ref idref="fl-5a"/>
      </object_component>
      <object_component id="oc-2c0">
         <name>.text:ds18b20_reset</name>
         <load_address>0x65e0</load_address>
         <run_address>0x65e0</run_address>
         <size>0x2</size>
         <input_file_ref idref="fl-3"/>
      </object_component>
      <object_component id="oc-743">
         <name>.cinit..data.load</name>
         <load_address>0x7096</load_address>
         <run_address>0x7096</run_address>
         <size>0x1f</size>
      </object_component>
      <object_component id="oc-740">
         <name>__TI_handler_table</name>
         <load_address>0x70b6</load_address>
         <run_address>0x70b6</run_address>
         <size>0x6</size>
      </object_component>
      <object_component id="oc-742">
         <name>.cinit..bss.load</name>
         <load_address>0x70bc</load_address>
         <run_address>0x70bc</run_address>
         <size>0x4</size>
      </object_component>
      <object_component id="oc-741">
         <name>__TI_cinit_table</name>
         <load_address>0x70c0</load_address>
         <run_address>0x70c0</run_address>
         <size>0x8</size>
      </object_component>
      <object_component id="oc-445">
         <name>.const:.string:F8X16</name>
         <load_address>0x65e2</load_address>
         <run_address>0x65e2</run_address>
         <size>0x5f0</size>
         <input_file_ref idref="fl-8"/>
      </object_component>
      <object_component id="oc-449">
         <name>.const:Hzk</name>
         <load_address>0x6bd2</load_address>
         <run_address>0x6bd2</run_address>
         <size>0x1c0</size>
         <input_file_ref idref="fl-8"/>
      </object_component>
      <object_component id="oc-576">
         <name>.const:.string:_ctypes_</name>
         <load_address>0x6d92</load_address>
         <run_address>0x6d92</run_address>
         <size>0x101</size>
         <input_file_ref idref="fl-6f"/>
      </object_component>
      <object_component id="oc-3fa">
         <name>.const:.string:crc_table</name>
         <load_address>0x6e94</load_address>
         <run_address>0x6e94</run_address>
         <size>0x100</size>
         <input_file_ref idref="fl-3"/>
      </object_component>
      <object_component id="oc-3af">
         <name>.const:.string</name>
         <load_address>0x6f94</load_address>
         <run_address>0x6f94</run_address>
         <size>0xb4</size>
         <input_file_ref idref="fl-4"/>
      </object_component>
      <object_component id="oc-217">
         <name>.const:.string</name>
         <load_address>0x7048</load_address>
         <run_address>0x7048</run_address>
         <size>0x28</size>
         <input_file_ref idref="fl-7"/>
      </object_component>
      <object_component id="oc-534">
         <name>.const:.string</name>
         <load_address>0x7070</load_address>
         <run_address>0x7070</run_address>
         <size>0x26</size>
         <input_file_ref idref="fl-25"/>
      </object_component>
      <object_component id="oc-705">
         <name>.binit</name>
         <load_address>0x1100</load_address>
         <run_address>0x1100</run_address>
         <size>0x0</size>
      </object_component>
      <object_component id="oc-3e">
         <name>.int01</name>
         <load_address>0xffe2</load_address>
         <run_address>0xffe2</run_address>
         <size>0x2</size>
         <input_file_ref idref="fl-3a"/>
      </object_component>
      <object_component id="oc-3f">
         <name>.int02</name>
         <load_address>0xffe4</load_address>
         <run_address>0xffe4</run_address>
         <size>0x2</size>
         <input_file_ref idref="fl-3b"/>
      </object_component>
      <object_component id="oc-40">
         <name>.int03</name>
         <load_address>0xffe6</load_address>
         <run_address>0xffe6</run_address>
         <size>0x2</size>
         <input_file_ref idref="fl-3c"/>
      </object_component>
      <object_component id="oc-41">
         <name>.int04</name>
         <load_address>0xffe8</load_address>
         <run_address>0xffe8</run_address>
         <size>0x2</size>
         <input_file_ref idref="fl-3d"/>
      </object_component>
      <object_component id="oc-42">
         <name>.int05</name>
         <load_address>0xffea</load_address>
         <run_address>0xffea</run_address>
         <size>0x2</size>
         <input_file_ref idref="fl-3e"/>
      </object_component>
      <object_component id="oc-43">
         <name>.int06</name>
         <load_address>0xffec</load_address>
         <run_address>0xffec</run_address>
         <size>0x2</size>
         <input_file_ref idref="fl-3f"/>
      </object_component>
      <object_component id="oc-44">
         <name>.int07</name>
         <load_address>0xffee</load_address>
         <run_address>0xffee</run_address>
         <size>0x2</size>
         <input_file_ref idref="fl-40"/>
      </object_component>
      <object_component id="oc-45">
         <name>.int08</name>
         <load_address>0xfff0</load_address>
         <run_address>0xfff0</run_address>
         <size>0x2</size>
         <input_file_ref idref="fl-41"/>
      </object_component>
      <object_component id="oc-46">
         <name>.int09</name>
         <load_address>0xfff2</load_address>
         <run_address>0xfff2</run_address>
         <size>0x2</size>
         <input_file_ref idref="fl-7"/>
      </object_component>
      <object_component id="oc-47">
         <name>.int10</name>
         <load_address>0xfff4</load_address>
         <run_address>0xfff4</run_address>
         <size>0x2</size>
         <input_file_ref idref="fl-42"/>
      </object_component>
      <object_component id="oc-48">
         <name>.int11</name>
         <load_address>0xfff6</load_address>
         <run_address>0xfff6</run_address>
         <size>0x2</size>
         <input_file_ref idref="fl-43"/>
      </object_component>
      <object_component id="oc-49">
         <name>.int12</name>
         <load_address>0xfff8</load_address>
         <run_address>0xfff8</run_address>
         <size>0x2</size>
         <input_file_ref idref="fl-44"/>
      </object_component>
      <object_component id="oc-4a">
         <name>.int13</name>
         <load_address>0xfffa</load_address>
         <run_address>0xfffa</run_address>
         <size>0x2</size>
         <input_file_ref idref="fl-45"/>
      </object_component>
      <object_component id="oc-4b">
         <name>.int14</name>
         <load_address>0xfffc</load_address>
         <run_address>0xfffc</run_address>
         <size>0x2</size>
         <input_file_ref idref="fl-46"/>
      </object_component>
      <object_component id="oc-d6">
         <name>.reset</name>
         <load_address>0xfffe</load_address>
         <run_address>0xfffe</run_address>
         <size>0x2</size>
         <input_file_ref idref="fl-51"/>
      </object_component>
      <object_component id="oc-26f">
         <name>.debug_info</name>
         <load_address>0x0</load_address>
         <run_address>0x0</run_address>
         <size>0x54c</size>
         <input_file_ref idref="fl-2"/>
      </object_component>
      <object_component id="oc-2e7">
         <name>.debug_info</name>
[...]
         <value>0x61ba</value>
         <object_component_ref idref="oc-da"/>
      </symbol>
      <symbol id="sm-708">
         <name>__mspabi_slli_6</name>
         <value>0x61bc</value>
         <object_component_ref idref="oc-da"/>
      </symbol>
      <symbol id="sm-709">
         <name>__mspabi_slli_5</name>
         <value>0x61be</value>
         <object_component_ref idref="oc-da"/>
      </symbol>
      <symbol id="sm-70a">
         <name>__mspabi_slli_4</name>
         <value>0x61c0</value>
         <object_component_ref idref="oc-da"/>
      </symbol>
      <symbol id="sm-70b">
         <name>__mspabi_slli_3</name>
         <value>0x61c2</value>
         <object_component_ref idref="oc-da"/>
      </symbol>
      <symbol id="sm-70c">
         <name>__mspabi_slli_2</name>
         <value>0x61c4</value>
         <object_component_ref idref="oc-da"/>
      </symbol>
      <symbol id="sm-70d">
         <name>__mspabi_slli_1</name>
         <value>0x61c6</value>
         <object_component_ref idref="oc-da"/>
      </symbol>
      <symbol id="sm-70e">
         <name>__mspabi_slli_15</name>
         <value>0x61aa</value>
         <object_component_ref idref="oc-da"/>
      </symbol>
      <symbol id="sm-70f">
         <name>__mspabi_slli_14</name>
         <value>0x61ac</value>
         <object_component_ref idref="oc-da"/>
      </symbol>
      <symbol id="sm-710">
         <name>__mspabi_slli_13</name>
         <value>0x61ae</value>
         <object_component_ref idref="oc-da"/>
      </symbol>
      <symbol id="sm-711">
         <name>__mspabi_slli_12</name>
         <value>0x61b0</value>
         <object_component_ref idref="oc-da"/>
      </symbol>
      <symbol id="sm-712">
         <name>__mspabi_slli_11</name>
         <value>0x61b2</value>
         <object_component_ref idref="oc-da"/>
      </symbol>
      <symbol id="sm-713">
         <name>__mspabi_slli_10</name>
         <value>0x61b4</value>
         <object_component_ref idref="oc-da"/>
      </symbol>
      <symbol id="sm-71b">
         <name>__mspabi_srli_8</name>
         <value>0x5c7e</value>
         <object_component_ref idref="oc-df"/>
      </symbol>
      <symbol id="sm-71c">
         <name>__mspabi_srli_9</name>
         <value>0x5c7a</value>
         <object_component_ref idref="oc-df"/>
      </symbol>
      <symbol id="sm-71d">
         <name>__mspabi_srli_6</name>
         <value>0x5c86</value>
         <object_component_ref idref="oc-df"/>
      </symbol>
      <symbol id="sm-71e">
         <name>__mspabi_srli_7</name>
         <value>0x5c82</value>
         <object_component_ref idref="oc-df"/>
      </symbol>
      <symbol id="sm-71f">
         <name>__mspabi_srli_4</name>
         <value>0x5c8e</value>
         <object_component_ref idref="oc-df"/>
      </symbol>
      <symbol id="sm-720">
         <name>__mspabi_srli_5</name>
         <value>0x5c8a</value>
         <object_component_ref idref="oc-df"/>
      </symbol>
      <symbol id="sm-721">
         <name>__mspabi_srli_2</name>
         <value>0x5c96</value>
         <object_component_ref idref="oc-df"/>
      </symbol>
      <symbol id="sm-722">
         <name>__mspabi_srli_3</name>
         <value>0x5c92</value>
         <object_component_ref idref="oc-df"/>
      </symbol>
      <symbol id="sm-723">
         <name>__mspabi_srli_1</name>
         <value>0x5c9a</value>
         <object_component_ref idref="oc-df"/>
      </symbol>
      <symbol id="sm-724">
         <name>__mspabi_srli</name>
         <value>0x5c54</value>
         <object_component_ref idref="oc-df"/>
      </symbol>
      <symbol id="sm-725">
         <name>__mspabi_srli_15</name>
         <value>0x5c62</value>
         <object_component_ref idref="oc-df"/>
      </symbol>
      <symbol id="sm-726">
         <name>__mspabi_srli_14</name>
         <value>0x5c66</value>
         <object_component_ref idref="oc-df"/>
      </symbol>
      <symbol id="sm-727">
         <name>__mspabi_srli_13</name>
         <value>0x5c6a</value>
         <object_component_ref idref="oc-df"/>
      </symbol>
      <symbol id="sm-728">
         <name>__mspabi_srli_12</name>
         <value>0x5c6e</value>
         <object_component_ref idref="oc-df"/>
      </symbol>
      <symbol id="sm-729">
         <name>__mspabi_srli_11</name>
         <value>0x5c72</value>
         <object_component_ref idref="oc-df"/>
      </symbol>
      <symbol id="sm-72a">
         <name>__mspabi_srli_10</name>
         <value>0x5c76</value>
         <object_component_ref idref="oc-df"/>
      </symbol>
      <symbol id="sm-733">
         <name>__mspabi_mpyi_hw</name>
         <value>0x640e</value>
         <object_component_ref idref="oc-458"/>
      </symbol>
      <symbol id="sm-73d">
         <name>__mspabi_mpyl_hw</name>
         <value>0x60bc</value>
         <object_component_ref idref="oc-516"/>
      </symbol>
      <symbol id="sm-74f">
         <name>_stack</name>
         <value>0x600</value>
         <object_component_ref idref="oc-d3"/>
      </symbol>
      <symbol id="sm-750">
         <name>_c_int00_noargs</name>
         <value>0x62ee</value>
         <object_component_ref idref="oc-11e"/>
      </symbol>
      <symbol id="sm-751">
         <name>_reset_vector</name>
         <value>0xfffe</value>
         <object_component_ref idref="oc-d6"/>
      </symbol>
      <symbol id="sm-773">
         <name>__TI_auto_init_nobinit_nopinit</name>
         <value>0x5d74</value>
         <object_component_ref idref="oc-237"/>
      </symbol>
      <symbol id="sm-786">
         <name>__TI_zero_init_nomemset</name>
         <value>0x63d2</value>
         <object_component_ref idref="oc-10c"/>
      </symbol>
      <symbol id="sm-796">
         <name>__mspabi_srlll</name>
         <value>0x5cea</value>
         <object_component_ref idref="oc-5d8"/>
      </symbol>
      <symbol id="sm-7c9">
         <name>__mspabi_divull</name>
         <value>0x1578</value>
         <object_component_ref idref="oc-5cd"/>
      </symbol>
      <symbol id="sm-7d2">
         <name>_system_pre_init</name>
         <value>0x65d8</value>
         <object_component_ref idref="oc-174"/>
      </symbol>
      <symbol id="sm-7db">
         <name>_system_post_cinit</name>
         <value>0x65de</value>
         <object_component_ref idref="oc-3c9"/>
      </symbol>
      <symbol id="sm-7f1">
         <name>__TI_decompress_none</name>
         <value>0x6470</value>
         <object_component_ref idref="oc-38"/>
      </symbol>
      <symbol id="sm-814">
         <name>__TI_decompress_lzss</name>
         <value>0x5300</value>
         <object_component_ref idref="oc-32"/>
      </symbol>
      <symbol id="sm-83b">
         <name>__mspabi_addd</name>
         <value>0x18d8</value>
         <object_component_ref idref="oc-6ae"/>
      </symbol>
      <symbol id="sm-855">
         <name>__mspabi_cmpd</name>
         <value>0x4746</value>
         <object_component_ref idref="oc-5b3"/>
      </symbol>
      <symbol id="sm-86b">
         <name>__mspabi_cvtfd</name>
         <value>0x569c</value>
         <object_component_ref idref="oc-211"/>
      </symbol>
      <symbol id="sm-88c">
         <name>__mspabi_divd</name>
         <value>0x316a</value>
         <object_component_ref idref="oc-60d"/>
      </symbol>
      <symbol id="sm-899">
         <name>__mspabi_fixdi</name>
         <value>0x621e</value>
         <object_component_ref idref="oc-660"/>
      </symbol>
      <symbol id="sm-8a8">
         <name>__mspabi_fixdli</name>
         <value>0x5470</value>
         <object_component_ref idref="oc-648"/>
      </symbol>
      <symbol id="sm-8b1">
         <name>__mspabi_fltid</name>
         <value>0x6544</value>
         <object_component_ref idref="oc-694"/>
      </symbol>
      <symbol id="sm-8c8">
         <name>__mspabi_fltlid</name>
         <value>0x4d48</value>
         <object_component_ref idref="oc-654"/>
      </symbol>
      <symbol id="sm-8e9">
         <name>__TI_frcaddd</name>
         <value>0x25bc</value>
         <object_component_ref idref="oc-6d7"/>
      </symbol>
      <symbol id="sm-904">
         <name>__TI_frcdivd</name>
         <value>0x1100</value>
         <object_component_ref idref="oc-679"/>
      </symbol>
      <symbol id="sm-926">
         <name>__mspabi_mpyd</name>
         <value>0x20e0</value>
         <object_component_ref idref="oc-607"/>
      </symbol>
      <symbol id="sm-92f">
         <name>__mspabi_negd</name>
         <value>0x61ca</value>
         <object_component_ref idref="oc-595"/>
      </symbol>
      <symbol id="sm-942">
         <name>__TI_renormd</name>
         <value>0x4a70</value>
         <object_component_ref idref="oc-6f2"/>
      </symbol>
      <symbol id="sm-94b">
         <name>__mspabi_subd</name>
         <value>0x6032</value>
         <object_component_ref idref="oc-65a"/>
      </symbol>
      <symbol id="sm-955">
         <name>C$$EXIT</name>
         <value>0x65ba</value>
         <object_component_ref idref="oc-22b"/>
      </symbol>
      <symbol id="sm-956">
         <name>abort</name>
         <value>0x65ba</value>
         <object_component_ref idref="oc-22b"/>
      </symbol>
      <symbol id="sm-96c">
         <name>_nop</name>
         <value>0x65dc</value>
         <object_component_ref idref="oc-4ca"/>
      </symbol>
      <symbol id="sm-96d">
         <name>_lock</name>
         <value>0x3ee</value>
         <object_component_ref idref="oc-3bb"/>
      </symbol>
      <symbol id="sm-96e">
         <name>_unlock</name>
         <value>0x3f0</value>
         <object_component_ref idref="oc-3c4"/>
      </symbol>
      <symbol id="sm-982">
         <name>atoi</name>
         <value>0x5b1a</value>
         <object_component_ref idref="oc-527"/>
      </symbol>
      <symbol id="sm-98c">
         <name>_ctypes_</name>
         <value>0x6d92</value>
         <object_component_ref idref="oc-576"/>
      </symbol>
      <symbol id="sm-99c">
         <name>ltoa</name>
         <value>0x50fc</value>
         <object_component_ref idref="oc-64e"/>
      </symbol>
      <symbol id="sm-9ab">
         <name>memccpy</name>
         <value>0x635c</value>
         <object_component_ref idref="oc-541"/>
      </symbol>
      <symbol id="sm-9ba">
         <name>memcpy</name>
         <value>0x64b8</value>
         <object_component_ref idref="oc-f4"/>
      </symbol>
      <symbol id="sm-a18">
         <name>_sys_memory</name>
         <value>0x200</value>
         <object_component_ref idref="oc-d7"/>
      </symbol>
      <symbol id="sm-a19">
         <name>memalign</name>
         <value>0x4580</value>
         <object_component_ref idref="oc-3f1"/>
      </symbol>
      <symbol id="sm-a1a">
         <name>malloc</name>
         <value>0x65b2</value>
         <object_component_ref idref="oc-272"/>
      </symbol>
      <symbol id="sm-a1b">
         <name>aligned_alloc</name>
         <value>0x4580</value>
         <object_component_ref idref="oc-3f1"/>
      </symbol>
      <symbol id="sm-a29">
         <name>memset</name>
         <value>0x63fa</value>
         <object_component_ref idref="oc-52e"/>
      </symbol>
      <symbol id="sm-a38">
         <name>strchr</name>
         <value>0x6376</value>
         <object_component_ref idref="oc-68e"/>
      </symbol>
      <symbol id="sm-a45">
         <name>strlen</name>
         <value>0x6528</value>
         <object_component_ref idref="oc-495"/>
      </symbol>
      <symbol id="sm-a52">
         <name>toupper</name>
         <value>0x655c</value>
         <object_component_ref idref="oc-58f"/>
      </symbol>
      <symbol id="sm-a59">
         <name>errno</name>
         <value>0x3f2</value>
         <object_component_ref idref="oc-54f"/>
      </symbol>
      <symbol id="sm-a65">
         <name>abs</name>
         <value>0x6568</value>
         <object_component_ref idref="oc-667"/>
      </symbol>
      <symbol id="sm-a78">
         <name>__mspabi_sral</name>
         <value>0x64dc</value>
         <object_component_ref idref="oc-6ed"/>
      </symbol>
      <symbol id="sm-a79">
         <name>__mspabi_sral_15</name>
         <value>0x5e7a</value>
         <object_component_ref idref="oc-389"/>
      </symbol>
      <symbol id="sm-a7a">
         <name>__mspabi_sral_14</name>
         <value>0x5e7e</value>
         <object_component_ref idref="oc-389"/>
      </symbol>
      <symbol id="sm-a7b">
         <name>__mspabi_sral_13</name>
         <value>0x5e82</value>
         <object_component_ref idref="oc-389"/>
      </symbol>
      <symbol id="sm-a7c">
         <name>__mspabi_sral_12</name>
         <value>0x5e86</value>
         <object_component_ref idref="oc-389"/>
      </symbol>
      <symbol id="sm-a7d">
         <name>__mspabi_sral_11</name>
         <value>0x5e8a</value>
         <object_component_ref idref="oc-389"/>
      </symbol>
      <symbol id="sm-a7e">
         <name>__mspabi_sral_10</name>
         <value>0x5e8e</value>
         <object_component_ref idref="oc-389"/>
      </symbol>
      <symbol id="sm-a7f">
         <name>__mspabi_sral_8</name>
         <value>0x5e96</value>
         <object_component_ref idref="oc-389"/>
      </symbol>
      <symbol id="sm-a80">
         <name>__mspabi_sral_9</name>
         <value>0x5e92</value>
         <object_component_ref idref="oc-389"/>
      </symbol>
      <symbol id="sm-a81">
         <name>__mspabi_sral_6</name>
         <value>0x5e9e</value>
         <object_component_ref idref="oc-389"/>
      </symbol>
      <symbol id="sm-a82">
         <name>__mspabi_sral_7</name>
         <value>0x5e9a</value>
         <object_component_ref idref="oc-389"/>
      </symbol>
      <symbol id="sm-a83">
         <name>__mspabi_sral_4</name>
         <value>0x5ea6</value>
         <object_component_ref idref="oc-389"/>
      </symbol>
      <symbol id="sm-a84">
         <name>__mspabi_sral_5</name>
         <value>0x5ea2</value>
         <object_component_ref idref="oc-389"/>
      </symbol>
      <symbol id="sm-a85">
         <name>__mspabi_sral_2</name>
         <value>0x5eae</value>
         <object_component_ref idref="oc-389"/>
      </symbol>
      <symbol id="sm-a86">
         <name>__mspabi_sral_3</name>
         <value>0x5eaa</value>
         <object_component_ref idref="oc-389"/>
      </symbol>
      <symbol id="sm-a87">
         <name>__mspabi_sral_1</name>
         <value>0x5eb2</value>
         <object_component_ref idref="oc-389"/>
      </symbol>
      <symbol id="sm-a97">
         <name>__mspabi_slll_9</name>
         <value>0x5ed0</value>
         <object_component_ref idref="oc-69f"/>
      </symbol>
      <symbol id="sm-a98">
         <name>__mspabi_slll_8</name>
         <value>0x5ed4</value>
         <object_component_ref idref="oc-69f"/>
      </symbol>
      <symbol id="sm-a99">
         <name>__mspabi_slll_7</name>
         <value>0x5ed8</value>
         <object_component_ref idref="oc-69f"/>
      </symbol>
      <symbol id="sm-a9a">
         <name>__mspabi_slll_6</name>
         <value>0x5edc</value>
         <object_component_ref idref="oc-69f"/>
      </symbol>
      <symbol id="sm-a9b">
         <name>__mspabi_slll_5</name>
         <value>0x5ee0</value>
         <object_component_ref idref="oc-69f"/>
      </symbol>
      <symbol id="sm-a9c">
         <name>__mspabi_slll_4</name>
         <value>0x5ee4</value>
         <object_component_ref idref="oc-69f"/>
      </symbol>
      <symbol id="sm-a9d">
         <name>__mspabi_slll_3</name>
         <value>0x5ee8</value>
         <object_component_ref idref="oc-69f"/>
      </symbol>
      <symbol id="sm-a9e">
         <name>__mspabi_slll_2</name>
         <value>0x5eec</value>
         <object_component_ref idref="oc-69f"/>
      </symbol>
      <symbol id="sm-a9f">
         <name>__mspabi_slll_1</name>
         <value>0x5ef0</value>
         <object_component_ref idref="oc-69f"/>
      </symbol>
      <symbol id="sm-aa0">
         <name>__mspabi_slll</name>
         <value>0x64ec</value>
         <object_component_ref idref="oc-6e8"/>
      </symbol>
      <symbol id="sm-aa1">
         <name>__mspabi_slll_15</name>
         <value>0x5eb8</value>
         <object_component_ref idref="oc-69f"/>
      </symbol>
      <symbol id="sm-aa2">
         <name>__mspabi_slll_14</name>
         <value>0x5ebc</value>
         <object_component_ref idref="oc-69f"/>
      </symbol>
      <symbol id="sm-aa3">
         <name>__mspabi_slll_13</name>
         <value>0x5ec0</value>
         <object_component_ref idref="oc-69f"/>
      </symbol>
      <symbol id="sm-aa4">
         <name>__mspabi_slll_12</name>
         <value>0x5ec4</value>
         <object_component_ref idref="oc-69f"/>
      </symbol>
      <symbol id="sm-aa5">
         <name>__mspabi_slll_11</name>
         <value>0x5ec8</value>
         <object_component_ref idref="oc-69f"/>
      </symbol>
      <symbol id="sm-aa6">
         <name>__mspabi_slll_10</name>
         <value>0x5ecc</value>
         <object_component_ref idref="oc-69f"/>
      </symbol>
      <symbol id="sm-ab6">
         <name>__mspabi_srll_8</name>
         <value>0x59de</value>
         <object_component_ref idref="oc-6a7"/>
      </symbol>
      <symbol id="sm-ab7">
         <name>__mspabi_srll_9</name>
         <value>0x59d8</value>
         <object_component_ref idref="oc-6a7"/>
      </symbol>
      <symbol id="sm-ab8">
         <name>__mspabi_srll_6</name>
         <value>0x59ea</value>
         <object_component_ref idref="oc-6a7"/>
      </symbol>
      <symbol id="sm-ab9">
         <name>__mspabi_srll_7</name>
         <value>0x59e4</value>
         <object_component_ref idref="oc-6a7"/>
      </symbol>
      <symbol id="sm-aba">
         <name>__mspabi_srll_4</name>
         <value>0x59f6</value>
         <object_component_ref idref="oc-6a7"/>
      </symbol>
      <symbol id="sm-abb">
         <name>__mspabi_srll_5</name>
         <value>0x59f0</value>
         <object_component_ref idref="oc-6a7"/>
      </symbol>
      <symbol id="sm-abc">
         <name>__mspabi_srll_2</name>
         <value>0x5a02</value>
         <object_component_ref idref="oc-6a7"/>
      </symbol>
      <symbol id="sm-abd">
         <name>__mspabi_srll_3</name>
         <value>0x59fc</value>
         <object_component_ref idref="oc-6a7"/>
      </symbol>
      <symbol id="sm-abe">
         <name>__mspabi_srll_1</name>
         <value>0x5a08</value>
         <object_component_ref idref="oc-6a7"/>
      </symbol>
      <symbol id="sm-abf">
         <name>__mspabi_srll_15</name>
         <value>0x59b4</value>
         <object_component_ref idref="oc-6a7"/>
      </symbol>
      <symbol id="sm-ac0">
         <name>__mspabi_srll_14</name>
         <value>0x59ba</value>
         <object_component_ref idref="oc-6a7"/>
      </symbol>
      <symbol id="sm-ac1">
         <name>__mspabi_srll_13</name>
         <value>0x59c0</value>
         <object_component_ref idref="oc-6a7"/>
      </symbol>
      <symbol id="sm-ac2">
         <name>__mspabi_srll_12</name>
         <value>0x59c6</value>
         <object_component_ref idref="oc-6a7"/>
      </symbol>
      <symbol id="sm-ac3">
         <name>__mspabi_srll_11</name>
         <value>0x59cc</value>
         <object_component_ref idref="oc-6a7"/>
      </symbol>
      <symbol id="sm-ac4">
         <name>__mspabi_srll_10</name>
         <value>0x59d2</value>
         <object_component_ref idref="oc-6a7"/>
      </symbol>
      <symbol id="sm-ac5">
         <name>__mspabi_srll</name>
         <value>0x6494</value>
         <object_component_ref idref="oc-638"/>
      </symbol>
      <symbol id="sm-ad2">
         <name>__mspabi_sllll</name>
         <value>0x5d30</value>
         <object_component_ref idref="oc-632"/>
      </symbol>
      <symbol id="sm-ae2">
         <name>__TI_frcmpyd</name>
         <value>0x1e5a</value>
         <object_component_ref idref="oc-671"/>
      </symbol>
   </symbol_table>
   <title>Link successful</title>
</link_info>
